#
# There is insufficient memory for the Java Runtime Environment to continue.
# Native memory allocation (mmap) failed to map 60817408 bytes. Error detail: G1 virtual space
# Possible reasons:
#   The system is out of physical RAM or swap space
#   This process is running with CompressedOops enabled, and the Java Heap may be blocking the growth of the native heap
# Possible solutions:
#   Reduce memory load on the system
#   Increase physical memory or swap space
#   Check if swap backing store is full
#   Decrease Java heap size (-Xmx/-Xms)
#   Decrease number of Java threads
#   Decrease Java thread stack sizes (-Xss)
#   Set larger code cache with -XX:ReservedCodeCacheSize=
#   JVM is running with Unscaled Compressed Oops mode in which the Java heap is
#     placed in the first 4GB address space. The Java Heap base address is the
#     maximum limit for the native heap growth. Please use -XX:HeapBaseMinAddress
#     to set the Java Heap base and to place the Java Heap above 4GB virtual address.
# This output file may be truncated or incomplete.
#
#  Out of Memory Error (os_windows.cpp:3828), pid=8500, tid=7832
#
# JRE version: OpenJDK Runtime Environment (21.0.5) (build 21.0.5+-13047016-b750.29)
# Java VM: OpenJDK 64-Bit Server VM (21.0.5+-13047016-b750.29, mixed mode, tiered, compressed oops, compressed class ptrs, g1 gc, windows-amd64)
# No core dump will be written. Minidumps are not enabled by default on client versions of Windows
#

---------------  S U M M A R Y ------------

Command Line: org.jetbrains.kotlin.cli.jvm.K2JVMCompiler @C:\Users\Eman-Pc\AndroidStudioProjects\BookConnect\app\build\20250426_11104318516022916533.compiler.options

Host: Intel(R) Core(TM) i5-10210U CPU @ 1.60GHz, 8 cores, 7G,  Windows 11 , 64 bit Build 26100 (10.0.26100.3323)
Time: Sat Apr 26 00:31:16 2025 Pakistan Standard Time elapsed time: 5.472839 seconds (0d 0h 0m 5s)

---------------  T H R E A D  ---------------

Current thread (0x0000023b5e390810):  VMThread "VM Thread"          [id=7832, stack(0x0000007b8f100000,0x0000007b8f200000) (1024K)]

Stack: [0x0000007b8f100000,0x0000007b8f200000]
Native frames: (J=compiled Java code, j=interpreted, Vv=VM code, C=native code)
V  [jvm.dll+0x6cfb29]
V  [jvm.dll+0x85df93]
V  [jvm.dll+0x8604ee]
V  [jvm.dll+0x860bd3]
V  [jvm.dll+0x27e6b6]
V  [jvm.dll+0x6cc385]
V  [jvm.dll+0x6c078a]
V  [jvm.dll+0x35525b]
V  [jvm.dll+0x35ceb6]
V  [jvm.dll+0x3aedd6]
V  [jvm.dll+0x3af0a8]
V  [jvm.dll+0x32792c]
V  [jvm.dll+0x3279b7]
V  [jvm.dll+0x36d80c]
V  [jvm.dll+0x36bfbe]
V  [jvm.dll+0x327081]
V  [jvm.dll+0x36b6d0]
V  [jvm.dll+0x866958]
V  [jvm.dll+0x867cd4]
V  [jvm.dll+0x868210]
V  [jvm.dll+0x8684a3]
V  [jvm.dll+0x806368]
V  [jvm.dll+0x6ce3fd]
C  [ucrtbase.dll+0x37b0]
C  [KERNEL32.DLL+0x2e8d7]
C  [ntdll.dll+0xbbf6c]

VM_Operation (0x0000007b8eafb030): G1CollectForAllocation, mode: safepoint, requested by thread 0x0000023b463a92e0


---------------  P R O C E S S  ---------------

Threads class SMR info:
_java_thread_list=0x0000023b649197c0, length=12, elements={
0x0000023b463a92e0, 0x0000023b5e3fc6c0, 0x0000023b5e3fd110, 0x0000023b5e3db3e0,
0x0000023b5e3dbe30, 0x0000023b5e3dc880, 0x0000023b5e4062d0, 0x0000023b5e407050,
0x0000023b5e410020, 0x0000023b5e5b9270, 0x0000023b5e5bdab0, 0x0000023b65bcb870
}

Java Threads: ( => current thread )
  0x0000023b463a92e0 JavaThread "main"                              [_thread_blocked, id=10272, stack(0x0000007b8ea00000,0x0000007b8eb00000) (1024K)]
  0x0000023b5e3fc6c0 JavaThread "Reference Handler"          daemon [_thread_blocked, id=5324, stack(0x0000007b8f200000,0x0000007b8f300000) (1024K)]
  0x0000023b5e3fd110 JavaThread "Finalizer"                  daemon [_thread_blocked, id=17268, stack(0x0000007b8f300000,0x0000007b8f400000) (1024K)]
  0x0000023b5e3db3e0 JavaThread "Signal Dispatcher"          daemon [_thread_blocked, id=22388, stack(0x0000007b8f400000,0x0000007b8f500000) (1024K)]
  0x0000023b5e3dbe30 JavaThread "Attach Listener"            daemon [_thread_blocked, id=9152, stack(0x0000007b8f500000,0x0000007b8f600000) (1024K)]
  0x0000023b5e3dc880 JavaThread "Service Thread"             daemon [_thread_blocked, id=20396, stack(0x0000007b8f600000,0x0000007b8f700000) (1024K)]
  0x0000023b5e4062d0 JavaThread "Monitor Deflation Thread"   daemon [_thread_blocked, id=6844, stack(0x0000007b8f700000,0x0000007b8f800000) (1024K)]
  0x0000023b5e407050 JavaThread "C2 CompilerThread0"         daemon [_thread_blocked, id=9540, stack(0x0000007b8f800000,0x0000007b8f900000) (1024K)]
  0x0000023b5e410020 JavaThread "C1 CompilerThread0"         daemon [_thread_blocked, id=23288, stack(0x0000007b8f900000,0x0000007b8fa00000) (1024K)]
  0x0000023b5e5b9270 JavaThread "Notification Thread"        daemon [_thread_blocked, id=21852, stack(0x0000007b8fa00000,0x0000007b8fb00000) (1024K)]
  0x0000023b5e5bdab0 JavaThread "Common-Cleaner"             daemon [_thread_blocked, id=8112, stack(0x0000007b8fb00000,0x0000007b8fc00000) (1024K)]
  0x0000023b65bcb870 JavaThread "C2 CompilerThread1"         daemon [_thread_blocked, id=6352, stack(0x0000007b8fc00000,0x0000007b8fd00000) (1024K)]
Total: 12

Other Threads:
=>0x0000023b5e390810 VMThread "VM Thread"                           [id=7832, stack(0x0000007b8f100000,0x0000007b8f200000) (1024K)]
  0x0000023b5e1c4180 WatcherThread "VM Periodic Task Thread"        [id=24428, stack(0x0000007b8f000000,0x0000007b8f100000) (1024K)]
  0x0000023b463fc7a0 WorkerThread "GC Thread#0"                     [id=11260, stack(0x0000007b8eb00000,0x0000007b8ec00000) (1024K)]
  0x0000023b635ff290 WorkerThread "GC Thread#1"                     [id=12348, stack(0x0000007b8fe00000,0x0000007b8ff00000) (1024K)]
  0x0000023b635ff630 WorkerThread "GC Thread#2"                     [id=5692, stack(0x0000007b8ff00000,0x0000007b90000000) (1024K)]
  0x0000023b6365e940 WorkerThread "GC Thread#3"                     [id=9824, stack(0x0000007b90000000,0x0000007b90100000) (1024K)]
  0x0000023b6365ece0 WorkerThread "GC Thread#4"                     [id=14388, stack(0x0000007b90100000,0x0000007b90200000) (1024K)]
  0x0000023b6365f080 WorkerThread "GC Thread#5"                     [id=3512, stack(0x0000007b90200000,0x0000007b90300000) (1024K)]
  0x0000023b637009e0 WorkerThread "GC Thread#6"                     [id=1796, stack(0x0000007b90300000,0x0000007b90400000) (1024K)]
  0x0000023b636ff080 WorkerThread "GC Thread#7"                     [id=12852, stack(0x0000007b90400000,0x0000007b90500000) (1024K)]
  0x0000023b4640de90 ConcurrentGCThread "G1 Main Marker"            [id=15728, stack(0x0000007b8ec00000,0x0000007b8ed00000) (1024K)]
  0x0000023b4640e990 WorkerThread "G1 Conc#0"                       [id=16936, stack(0x0000007b8ed00000,0x0000007b8ee00000) (1024K)]
  0x0000023b636ff420 WorkerThread "G1 Conc#1"                       [id=20308, stack(0x0000007b90500000,0x0000007b90600000) (1024K)]
  0x0000023b5e08e8e0 ConcurrentGCThread "G1 Refine#0"               [id=8416, stack(0x0000007b8ee00000,0x0000007b8ef00000) (1024K)]
  0x0000023b5e090110 ConcurrentGCThread "G1 Service"                [id=12504, stack(0x0000007b8ef00000,0x0000007b8f000000) (1024K)]
Total: 15

Threads with active compile tasks:
C2 CompilerThread0  5494 3192   !   4       org.jetbrains.kotlin.metadata.ProtoBuf$Type::<init> (875 bytes)
C2 CompilerThread1  5494 3261       4       org.jetbrains.org.objectweb.asm.ClassReader::readElementValue (1237 bytes)
Total: 2

VM state: at safepoint (normal execution)

VM Mutex/Monitor currently owned by a thread:  ([mutex/lock_event])
[0x00007ff99190d360] Threads_lock - owner thread: 0x0000023b5e390810
[0x00007ff99190d460] Heap_lock - owner thread: 0x0000023b463a92e0

Heap address: 0x0000000083a00000, size: 1990 MB, Compressed Oops mode: 32-bit

CDS archive(s) not mapped
Compressed class space mapped at: 0x0000000100000000-0x0000000140000000, reserved size: 1073741824
Narrow klass base: 0x0000000000000000, Narrow klass shift: 3, Narrow klass range: 0x140000000

GC Precious Log:
 CardTable entry size: 512
 Card Set container configuration: InlinePtr #cards 5 size 8 Array Of Cards #cards 12 size 40 Howl #buckets 4 coarsen threshold 1843 Howl Bitmap #cards 512 size 80 coarsen threshold 460 Card regions per heap region 1 cards per card region 2048
 CPUs: 8 total, 8 available
 Memory: 7952M
 Large Page Support: Disabled
 NUMA Support: Disabled
 Compressed Oops: Enabled (32-bit)
 Heap Region Size: 1M
 Heap Min Capacity: 8M
 Heap Initial Capacity: 126M
 Heap Max Capacity: 1990M
 Pre-touch: Disabled
 Parallel Workers: 8
 Concurrent Workers: 2
 Concurrent Refinement Workers: 8
 Periodic GC: Disabled

Heap:
 garbage-first heap   total 46080K, used 33602K [0x0000000083a00000, 0x0000000100000000)
  region size 1024K, 2 young (2048K), 2 survivors (2048K)
 Metaspace       used 47797K, committed 48128K, reserved 1114112K
  class space    used 5483K, committed 5632K, reserved 1048576K

Heap Regions: E=young(eden), S=young(survivor), O=old, HS=humongous(starts), HC=humongous(continues), CS=collection set, F=free, TAMS=top-at-mark-start, PB=parsable bottom
|   0|0x0000000083a00000, 0x0000000083b00000, 0x0000000083b00000|100%|HS|  |TAMS 0x0000000083a00000| PB 0x0000000083a00000| Complete 
|   1|0x0000000083b00000, 0x0000000083c00000, 0x0000000083c00000|100%|HC|  |TAMS 0x0000000083b00000| PB 0x0000000083b00000| Complete 
|   2|0x0000000083c00000, 0x0000000083d00000, 0x0000000083d00000|100%|HC|  |TAMS 0x0000000083c00000| PB 0x0000000083c00000| Complete 
|   3|0x0000000083d00000, 0x0000000083e00000, 0x0000000083e00000|100%| O|  |TAMS 0x0000000083d00000| PB 0x0000000083d00000| Untracked 
|   4|0x0000000083e00000, 0x0000000083f00000, 0x0000000083f00000|100%| O|  |TAMS 0x0000000083e00000| PB 0x0000000083e00000| Untracked 
|   5|0x0000000083f00000, 0x0000000083f00000, 0x0000000084000000|  0%| F|  |TAMS 0x0000000083f00000| PB 0x0000000083f00000| Untracked 
|   6|0x0000000084000000, 0x0000000084100000, 0x0000000084100000|100%| O|  |TAMS 0x0000000084000000| PB 0x0000000084000000| Untracked 
|   7|0x0000000084100000, 0x0000000084200000, 0x0000000084200000|100%| O|  |TAMS 0x0000000084100000| PB 0x0000000084100000| Untracked 
|   8|0x0000000084200000, 0x0000000084300000, 0x0000000084300000|100%| O|  |TAMS 0x0000000084200000| PB 0x0000000084200000| Untracked 
|   9|0x0000000084300000, 0x0000000084400000, 0x0000000084400000|100%| O|  |TAMS 0x0000000084300000| PB 0x0000000084300000| Untracked 
|  10|0x0000000084400000, 0x0000000084500000, 0x0000000084500000|100%| O|  |TAMS 0x0000000084400000| PB 0x0000000084400000| Untracked 
|  11|0x0000000084500000, 0x0000000084600000, 0x0000000084600000|100%| O|  |TAMS 0x0000000084500000| PB 0x0000000084500000| Untracked 
|  12|0x0000000084600000, 0x0000000084700000, 0x0000000084700000|100%| O|  |TAMS 0x0000000084600000| PB 0x0000000084600000| Untracked 
|  13|0x0000000084700000, 0x0000000084800000, 0x0000000084800000|100%| O|  |TAMS 0x0000000084700000| PB 0x0000000084700000| Untracked 
|  14|0x0000000084800000, 0x0000000084900000, 0x0000000084900000|100%| O|  |TAMS 0x0000000084800000| PB 0x0000000084800000| Untracked 
|  15|0x0000000084900000, 0x0000000084a00000, 0x0000000084a00000|100%| O|  |TAMS 0x0000000084900000| PB 0x0000000084900000| Untracked 
|  16|0x0000000084a00000, 0x0000000084b00000, 0x0000000084b00000|100%| O|  |TAMS 0x0000000084a00000| PB 0x0000000084a00000| Untracked 
|  17|0x0000000084b00000, 0x0000000084c00000, 0x0000000084c00000|100%| O|  |TAMS 0x0000000084b00000| PB 0x0000000084b00000| Untracked 
|  18|0x0000000084c00000, 0x0000000084d00000, 0x0000000084d00000|100%| O|  |TAMS 0x0000000084c00000| PB 0x0000000084c00000| Untracked 
|  19|0x0000000084d00000, 0x0000000084e00000, 0x0000000084e00000|100%|HS|  |TAMS 0x0000000084d00000| PB 0x0000000084d00000| Complete 
|  20|0x0000000084e00000, 0x0000000084f00000, 0x0000000084f00000|100%| O|  |TAMS 0x0000000084e00000| PB 0x0000000084e00000| Untracked 
|  21|0x0000000084f00000, 0x0000000085000000, 0x0000000085000000|100%| O|  |TAMS 0x0000000084f00000| PB 0x0000000084f00000| Untracked 
|  22|0x0000000085000000, 0x0000000085100000, 0x0000000085100000|100%| O|  |TAMS 0x0000000085000000| PB 0x0000000085000000| Untracked 
|  23|0x0000000085100000, 0x0000000085200000, 0x0000000085200000|100%| O|  |TAMS 0x0000000085100000| PB 0x0000000085100000| Untracked 
|  24|0x0000000085200000, 0x0000000085300000, 0x0000000085300000|100%| O|  |TAMS 0x0000000085200000| PB 0x0000000085200000| Untracked 
|  25|0x0000000085300000, 0x0000000085400000, 0x0000000085400000|100%| O|  |TAMS 0x0000000085300000| PB 0x0000000085300000| Untracked 
|  26|0x0000000085400000, 0x0000000085500000, 0x0000000085500000|100%| O|  |TAMS 0x0000000085400000| PB 0x0000000085400000| Untracked 
|  27|0x0000000085500000, 0x0000000085600000, 0x0000000085600000|100%| O|  |TAMS 0x0000000085500000| PB 0x0000000085500000| Untracked 
|  28|0x0000000085600000, 0x0000000085700000, 0x0000000085700000|100%| O|  |TAMS 0x0000000085600000| PB 0x0000000085600000| Untracked 
|  29|0x0000000085700000, 0x0000000085800000, 0x0000000085800000|100%| O|  |TAMS 0x0000000085700000| PB 0x0000000085700000| Untracked 
|  30|0x0000000085800000, 0x00000000858d0b00, 0x0000000085900000| 81%| O|  |TAMS 0x0000000085800000| PB 0x0000000085800000| Untracked 
|  31|0x0000000085900000, 0x0000000085900000, 0x0000000085a00000|  0%| F|  |TAMS 0x0000000085900000| PB 0x0000000085900000| Untracked 
|  32|0x0000000085a00000, 0x0000000085b00000, 0x0000000085b00000|100%| S|CS|TAMS 0x0000000085a00000| PB 0x0000000085a00000| Complete 
|  33|0x0000000085b00000, 0x0000000085c00000, 0x0000000085c00000|100%| S|CS|TAMS 0x0000000085b00000| PB 0x0000000085b00000| Complete 
|  34|0x0000000085c00000, 0x0000000085c00000, 0x0000000085d00000|  0%| F|  |TAMS 0x0000000085c00000| PB 0x0000000085c00000| Untracked 
|  35|0x0000000085d00000, 0x0000000085d00000, 0x0000000085e00000|  0%| F|  |TAMS 0x0000000085d00000| PB 0x0000000085d00000| Untracked 
|  36|0x0000000085e00000, 0x0000000085e00000, 0x0000000085f00000|  0%| F|  |TAMS 0x0000000085e00000| PB 0x0000000085e00000| Untracked 
|  37|0x0000000085f00000, 0x0000000085f00000, 0x0000000086000000|  0%| F|  |TAMS 0x0000000085f00000| PB 0x0000000085f00000| Untracked 
|  38|0x0000000086000000, 0x0000000086000000, 0x0000000086100000|  0%| F|  |TAMS 0x0000000086000000| PB 0x0000000086000000| Untracked 
|  39|0x0000000086100000, 0x0000000086100000, 0x0000000086200000|  0%| F|  |TAMS 0x0000000086100000| PB 0x0000000086100000| Untracked 
|  40|0x0000000086200000, 0x0000000086200000, 0x0000000086300000|  0%| F|  |TAMS 0x0000000086200000| PB 0x0000000086200000| Untracked 
|  99|0x0000000089d00000, 0x0000000089d00000, 0x0000000089e00000|  0%| F|  |TAMS 0x0000000089d00000| PB 0x0000000089d00000| Untracked 
| 103|0x000000008a100000, 0x000000008a100000, 0x000000008a200000|  0%| F|  |TAMS 0x000000008a100000| PB 0x000000008a100000| Untracked 
| 125|0x000000008b700000, 0x000000008b700000, 0x000000008b800000|  0%| F|  |TAMS 0x000000008b700000| PB 0x000000008b700000| Untracked 
|1989|0x00000000fff00000, 0x0000000100000000, 0x0000000100000000|100%| O|  |TAMS 0x00000000fff00000| PB 0x00000000fff00000| Untracked 

Card table byte_map: [0x0000023b593f0000,0x0000023b597e0000] _byte_map_base: 0x0000023b58fd3000

Marking Bits: (CMBitMap*) 0x0000023b463fcea0
 Bits: [0x0000023b597e0000, 0x0000023b5b6f8000)

Polling page: 0x0000023b46470000

Metaspace:

Usage:
  Non-class:     41.32 MB used.
      Class:      5.35 MB used.
       Both:     46.68 MB used.

Virtual space:
  Non-class space:       64.00 MB reserved,      41.50 MB ( 65%) committed,  1 nodes.
      Class space:        1.00 GB reserved,       5.50 MB ( <1%) committed,  1 nodes.
             Both:        1.06 GB reserved,      47.00 MB (  4%) committed. 

Chunk freelists:
   Non-Class:  5.91 MB
       Class:  10.47 MB
        Both:  16.38 MB

MaxMetaspaceSize: unlimited
CompressedClassSpaceSize: 1.00 GB
Initial GC threshold: 21.00 MB
Current GC threshold: 78.38 MB
CDS: off
 - commit_granule_bytes: 65536.
 - commit_granule_words: 8192.
 - virtual_space_node_default_size: 8388608.
 - enlarge_chunks_in_place: 1.
 - use_allocation_guard: 0.


Internal statistics:

num_allocs_failed_limit: 6.
num_arena_births: 230.
num_arena_deaths: 0.
num_vsnodes_births: 2.
num_vsnodes_deaths: 0.
num_space_committed: 751.
num_space_uncommitted: 0.
num_chunks_returned_to_freelist: 6.
num_chunks_taken_from_freelist: 1605.
num_chunk_merges: 6.
num_chunk_splits: 1328.
num_chunks_enlarged: 1213.
num_inconsistent_stats: 0.

CodeHeap 'non-profiled nmethods': size=120000Kb used=1457Kb max_used=1495Kb free=118542Kb
 bounds [0x0000023b51070000, 0x0000023b512e0000, 0x0000023b585a0000]
CodeHeap 'profiled nmethods': size=120000Kb used=5999Kb max_used=6223Kb free=114000Kb
 bounds [0x0000023b495a0000, 0x0000023b49bc0000, 0x0000023b50ad0000]
CodeHeap 'non-nmethods': size=5760Kb used=1555Kb max_used=1615Kb free=4204Kb
 bounds [0x0000023b50ad0000, 0x0000023b50d40000, 0x0000023b51070000]
 total_blobs=3615 nmethods=2986 adapters=533
 compilation: enabled
              stopped_count=0, restarted_count=0
 full_count=0

Compilation events (20 events):
Event: 4.396 Thread 0x0000023b5e410020 3256       3       org.jetbrains.kotlin.resolve.jvm.KotlinJavaPsiFacade::finders (30 bytes)
Event: 4.396 Thread 0x0000023b5e410020 nmethod 3256 0x0000023b49789d90 code [0x0000023b49789f60, 0x0000023b4978a1b0]
Event: 4.396 Thread 0x0000023b5e410020 3257       3       org.jetbrains.kotlin.load.kotlin.FileBasedKotlinClass$3::visitArray (42 bytes)
Event: 4.397 Thread 0x0000023b65bcb870 nmethod 3205 0x0000023b5108e110 code [0x0000023b5108e2a0, 0x0000023b5108e420]
Event: 4.397 Thread 0x0000023b65bcb870 3210       4       java.util.Collections::unmodifiableList (51 bytes)
Event: 4.397 Thread 0x0000023b5e410020 nmethod 3257 0x0000023b495c7390 code [0x0000023b495c75c0, 0x0000023b495c7d38]
Event: 4.397 Thread 0x0000023b5e410020 3258       3       org.jetbrains.kotlin.load.kotlin.FileBasedKotlinClass$3$1::<init> (16 bytes)
Event: 4.397 Thread 0x0000023b5e410020 nmethod 3258 0x0000023b49792a90 code [0x0000023b49792c40, 0x0000023b49792ea0]
Event: 4.397 Thread 0x0000023b5e410020 3259       3       org.jetbrains.kotlin.protobuf.CodedInputStream::readRawVarint64 (305 bytes)
Event: 4.397 Thread 0x0000023b5e410020 nmethod 3259 0x0000023b495e2690 code [0x0000023b495e2880, 0x0000023b495e2ff0]
Event: 4.397 Thread 0x0000023b5e410020 3260       3       org.jetbrains.kotlin.resolve.jvm.JvmClassName::<init> (19 bytes)
Event: 4.397 Thread 0x0000023b5e410020 nmethod 3260 0x0000023b49781610 code [0x0000023b497817c0, 0x0000023b497819f0]
Event: 4.398 Thread 0x0000023b65bcb870 nmethod 3210 0x0000023b510ea890 code [0x0000023b510eaa20, 0x0000023b510eabd8]
Event: 4.398 Thread 0x0000023b65bcb870 3255       4       sun.nio.fs.WindowsPath::isAbsolute (26 bytes)
Event: 4.398 Thread 0x0000023b65bcb870 nmethod 3255 0x0000023b5108dd10 code [0x0000023b5108dea0, 0x0000023b5108df58]
Event: 4.398 Thread 0x0000023b65bcb870 3261       4       org.jetbrains.org.objectweb.asm.ClassReader::readElementValue (1237 bytes)
Event: 4.399 Thread 0x0000023b5e410020 3263       3       org.jetbrains.kotlin.com.intellij.openapi.util.Ref::create (8 bytes)
Event: 4.399 Thread 0x0000023b5e410020 nmethod 3263 0x0000023b4978d510 code [0x0000023b4978d6c0, 0x0000023b4978d8b8]
Event: 4.399 Thread 0x0000023b5e410020 3265       3       org.jetbrains.kotlin.metadata.jvm.deserialization.JvmNameResolverKt::toExpandedRecordsList (106 bytes)
Event: 4.399 Thread 0x0000023b5e410020 nmethod 3265 0x0000023b49676210 code [0x0000023b49676520, 0x0000023b496777a0]

GC Heap History (20 events):
Event: 2.425 GC heap after
{Heap after GC invocations=5 (full 0):
 garbage-first heap   total 34816K, used 14296K [0x0000000083a00000, 0x0000000100000000)
  region size 1024K, 2 young (2048K), 2 survivors (2048K)
 Metaspace       used 27668K, committed 27904K, reserved 1114112K
  class space    used 2959K, committed 3072K, reserved 1048576K
}
Event: 2.773 GC heap before
{Heap before GC invocations=5 (full 0):
 garbage-first heap   total 34816K, used 26584K [0x0000000083a00000, 0x0000000100000000)
  region size 1024K, 14 young (14336K), 2 survivors (2048K)
 Metaspace       used 32048K, committed 32320K, reserved 1114112K
  class space    used 3906K, committed 4032K, reserved 1048576K
}
Event: 2.776 GC heap after
{Heap after GC invocations=6 (full 0):
 garbage-first heap   total 34816K, used 14383K [0x0000000083a00000, 0x0000000100000000)
  region size 1024K, 2 young (2048K), 2 survivors (2048K)
 Metaspace       used 32048K, committed 32320K, reserved 1114112K
  class space    used 3906K, committed 4032K, reserved 1048576K
}
Event: 3.080 GC heap before
{Heap before GC invocations=6 (full 0):
 garbage-first heap   total 34816K, used 25647K [0x0000000083a00000, 0x0000000100000000)
  region size 1024K, 14 young (14336K), 2 survivors (2048K)
 Metaspace       used 34599K, committed 34816K, reserved 1114112K
  class space    used 4174K, committed 4288K, reserved 1048576K
}
Event: 3.085 GC heap after
{Heap after GC invocations=7 (full 0):
 garbage-first heap   total 34816K, used 15767K [0x0000000083a00000, 0x0000000100000000)
  region size 1024K, 2 young (2048K), 2 survivors (2048K)
 Metaspace       used 34599K, committed 34816K, reserved 1114112K
  class space    used 4174K, committed 4288K, reserved 1048576K
}
Event: 3.174 GC heap before
{Heap before GC invocations=7 (full 0):
 garbage-first heap   total 34816K, used 20887K [0x0000000083a00000, 0x0000000100000000)
  region size 1024K, 8 young (8192K), 2 survivors (2048K)
 Metaspace       used 35775K, committed 35968K, reserved 1114112K
  class space    used 4282K, committed 4352K, reserved 1048576K
}
Event: 3.178 GC heap after
{Heap after GC invocations=8 (full 0):
 garbage-first heap   total 34816K, used 16048K [0x0000000083a00000, 0x0000000100000000)
  region size 1024K, 1 young (1024K), 1 survivors (1024K)
 Metaspace       used 35775K, committed 35968K, reserved 1114112K
  class space    used 4282K, committed 4352K, reserved 1048576K
}
Event: 3.414 GC heap before
{Heap before GC invocations=9 (full 0):
 garbage-first heap   total 34816K, used 27312K [0x0000000083a00000, 0x0000000100000000)
  region size 1024K, 13 young (13312K), 1 survivors (1024K)
 Metaspace       used 39016K, committed 39232K, reserved 1114112K
  class space    used 4604K, committed 4672K, reserved 1048576K
}
Event: 3.416 GC heap after
{Heap after GC invocations=10 (full 0):
 garbage-first heap   total 34816K, used 16439K [0x0000000083a00000, 0x0000000100000000)
  region size 1024K, 1 young (1024K), 1 survivors (1024K)
 Metaspace       used 39016K, committed 39232K, reserved 1114112K
  class space    used 4604K, committed 4672K, reserved 1048576K
}
Event: 3.671 GC heap before
{Heap before GC invocations=10 (full 0):
 garbage-first heap   total 34816K, used 27703K [0x0000000083a00000, 0x0000000100000000)
  region size 1024K, 13 young (13312K), 1 survivors (1024K)
 Metaspace       used 42439K, committed 42688K, reserved 1114112K
  class space    used 4942K, committed 5056K, reserved 1048576K
}
Event: 3.676 GC heap after
{Heap after GC invocations=11 (full 0):
 garbage-first heap   total 41984K, used 16971K [0x0000000083a00000, 0x0000000100000000)
  region size 1024K, 2 young (2048K), 2 survivors (2048K)
 Metaspace       used 42439K, committed 42688K, reserved 1114112K
  class space    used 4942K, committed 5056K, reserved 1048576K
}
Event: 4.046 GC heap before
{Heap before GC invocations=11 (full 0):
 garbage-first heap   total 41984K, used 33355K [0x0000000083a00000, 0x0000000100000000)
  region size 1024K, 19 young (19456K), 2 survivors (2048K)
 Metaspace       used 46455K, committed 46720K, reserved 1114112K
  class space    used 5362K, committed 5504K, reserved 1048576K
}
Event: 4.051 GC heap after
{Heap after GC invocations=12 (full 0):
 garbage-first heap   total 41984K, used 18380K [0x0000000083a00000, 0x0000000100000000)
  region size 1024K, 3 young (3072K), 3 survivors (3072K)
 Metaspace       used 46455K, committed 46720K, reserved 1114112K
  class space    used 5362K, committed 5504K, reserved 1048576K
}
Event: 4.270 GC heap before
{Heap before GC invocations=12 (full 0):
 garbage-first heap   total 41984K, used 34764K [0x0000000083a00000, 0x0000000100000000)
  region size 1024K, 19 young (19456K), 3 survivors (3072K)
 Metaspace       used 47471K, committed 47680K, reserved 1114112K
  class space    used 5451K, committed 5568K, reserved 1048576K
}
Event: 4.281 GC heap after
{Heap after GC invocations=13 (full 0):
 garbage-first heap   total 43008K, used 23482K [0x0000000083a00000, 0x0000000100000000)
  region size 1024K, 3 young (3072K), 3 survivors (3072K)
 Metaspace       used 47471K, committed 47680K, reserved 1114112K
  class space    used 5451K, committed 5568K, reserved 1048576K
}
Event: 4.326 GC heap before
{Heap before GC invocations=13 (full 0):
 garbage-first heap   total 43008K, used 29626K [0x0000000083a00000, 0x0000000100000000)
  region size 1024K, 10 young (10240K), 3 survivors (3072K)
 Metaspace       used 47753K, committed 48064K, reserved 1114112K
  class space    used 5482K, committed 5632K, reserved 1048576K
}
Event: 4.336 GC heap after
{Heap after GC invocations=14 (full 0):
 garbage-first heap   total 43008K, used 25890K [0x0000000083a00000, 0x0000000100000000)
  region size 1024K, 2 young (2048K), 2 survivors (2048K)
 Metaspace       used 47753K, committed 48064K, reserved 1114112K
  class space    used 5482K, committed 5632K, reserved 1048576K
}
Event: 4.371 GC heap before
{Heap before GC invocations=15 (full 0):
 garbage-first heap   total 46080K, used 36130K [0x0000000083a00000, 0x0000000100000000)
  region size 1024K, 11 young (11264K), 2 survivors (2048K)
 Metaspace       used 47779K, committed 48128K, reserved 1114112K
  class space    used 5482K, committed 5632K, reserved 1048576K
}
Event: 4.377 GC heap after
{Heap after GC invocations=16 (full 0):
 garbage-first heap   total 46080K, used 30300K [0x0000000083a00000, 0x0000000100000000)
  region size 1024K, 2 young (2048K), 2 survivors (2048K)
 Metaspace       used 47779K, committed 48128K, reserved 1114112K
  class space    used 5482K, committed 5632K, reserved 1048576K
}
Event: 4.402 GC heap before
{Heap before GC invocations=16 (full 0):
 garbage-first heap   total 46080K, used 37468K [0x0000000083a00000, 0x0000000100000000)
  region size 1024K, 10 young (10240K), 2 survivors (2048K)
 Metaspace       used 47797K, committed 48128K, reserved 1114112K
  class space    used 5483K, committed 5632K, reserved 1048576K
}

Dll operation events (3 events):
Event: 0.007 Loaded shared library C:\Program Files\Android\Android Studio\jbr\bin\java.dll
Event: 0.011 Loaded shared library C:\Program Files\Android\Android Studio\jbr\bin\zip.dll
Event: 1.806 Loaded shared library C:\Program Files\Android\Android Studio\jbr\bin\verify.dll

Deoptimization events (20 events):
Event: 4.303 Thread 0x0000023b463a92e0 DEOPT PACKING pc=0x0000023b511cbfac sp=0x0000007b8eafdd60
Event: 4.303 Thread 0x0000023b463a92e0 DEOPT UNPACKING pc=0x0000023b50b246a2 sp=0x0000007b8eafdd10 mode 2
Event: 4.310 Thread 0x0000023b463a92e0 Uncommon trap: trap_request=0xffffff45 fr.pc=0x0000023b511c7198 relative=0x00000000000002b8
Event: 4.310 Thread 0x0000023b463a92e0 Uncommon trap: reason=unstable_if action=reinterpret pc=0x0000023b511c7198 method=org.jetbrains.org.objectweb.asm.Type.getTypeInternal(Ljava/lang/String;II)Lorg/jetbrains/org/objectweb/asm/Type; @ 5 c2
Event: 4.310 Thread 0x0000023b463a92e0 DEOPT PACKING pc=0x0000023b511c7198 sp=0x0000007b8eafb890
Event: 4.310 Thread 0x0000023b463a92e0 DEOPT UNPACKING pc=0x0000023b50b246a2 sp=0x0000007b8eafb828 mode 2
Event: 4.310 Thread 0x0000023b463a92e0 Uncommon trap: trap_request=0xffffff45 fr.pc=0x0000023b511d7098 relative=0x0000000000001278
Event: 4.310 Thread 0x0000023b463a92e0 Uncommon trap: reason=unstable_if action=reinterpret pc=0x0000023b511d7098 method=org.jetbrains.kotlin.load.java.structure.impl.classFiles.BinaryClassSignatureParser.parseTypeWithoutVarianceAndArray(Ljava/text/CharacterIterator;Lorg/jetbrains/kotlin/load/
Event: 4.310 Thread 0x0000023b463a92e0 DEOPT PACKING pc=0x0000023b511d7098 sp=0x0000007b8eafb930
Event: 4.310 Thread 0x0000023b463a92e0 DEOPT UNPACKING pc=0x0000023b50b246a2 sp=0x0000007b8eafb850 mode 2
Event: 4.322 Thread 0x0000023b463a92e0 Uncommon trap: trap_request=0xffffffc6 fr.pc=0x0000023b511cbfac relative=0x000000000000068c
Event: 4.322 Thread 0x0000023b463a92e0 Uncommon trap: reason=bimorphic_or_optimized_type_check action=maybe_recompile pc=0x0000023b511cbfac method=kotlin.collections.CollectionsKt__MutableCollectionsKt.addAll(Ljava/util/Collection;Ljava/lang/Iterable;)Z @ 24 c2
Event: 4.322 Thread 0x0000023b463a92e0 DEOPT PACKING pc=0x0000023b511cbfac sp=0x0000007b8eafdfd0
Event: 4.322 Thread 0x0000023b463a92e0 DEOPT UNPACKING pc=0x0000023b50b246a2 sp=0x0000007b8eafdf80 mode 2
Event: 4.367 Thread 0x0000023b463a92e0 Uncommon trap: trap_request=0xffffff45 fr.pc=0x0000023b511e28a8 relative=0x0000000000002d68
Event: 4.367 Thread 0x0000023b463a92e0 Uncommon trap: reason=unstable_if action=reinterpret pc=0x0000023b511e28a8 method=org.jetbrains.org.objectweb.asm.ClassReader.readMethod(Lorg/jetbrains/org/objectweb/asm/ClassVisitor;Lorg/jetbrains/org/objectweb/asm/Context;I)I @ 378 c2
Event: 4.367 Thread 0x0000023b463a92e0 DEOPT PACKING pc=0x0000023b511e28a8 sp=0x0000007b8eafb690
Event: 4.367 Thread 0x0000023b463a92e0 DEOPT UNPACKING pc=0x0000023b50b246a2 sp=0x0000007b8eafb628 mode 2
Event: 4.399 Thread 0x0000023b463a92e0 DEOPT PACKING pc=0x0000023b49b9f348 sp=0x0000007b8eafbef0
Event: 4.399 Thread 0x0000023b463a92e0 DEOPT UNPACKING pc=0x0000023b50b24e42 sp=0x0000007b8eafb3c8 mode 0

Classes loaded (20 events):
Event: 3.472 Loading class java/math/RoundingMode
Event: 3.472 Loading class java/math/RoundingMode done
Event: 3.662 Loading class java/util/PriorityQueue
Event: 3.663 Loading class java/util/PriorityQueue done
Event: 3.852 Loading class java/security/AccessControlException
Event: 3.852 Loading class java/security/AccessControlException done
Event: 3.889 Loading class java/text/StringCharacterIterator
Event: 3.889 Loading class java/text/CharacterIterator
Event: 3.889 Loading class java/text/CharacterIterator done
Event: 3.889 Loading class java/text/StringCharacterIterator done
Event: 4.003 Loading class java/lang/annotation/ElementType
Event: 4.003 Loading class java/lang/annotation/ElementType done
Event: 4.003 Loading class java/lang/Deprecated
Event: 4.003 Loading class java/lang/Deprecated done
Event: 4.003 Loading class java/lang/Override
Event: 4.003 Loading class java/lang/Override done
Event: 4.165 Loading class java/util/ArrayList$SubList$1
Event: 4.165 Loading class java/util/ArrayList$SubList$1 done
Event: 4.304 Loading class java/util/AbstractList$ListItr
Event: 4.304 Loading class java/util/AbstractList$ListItr done

Classes unloaded (0 events):
No events

Classes redefined (0 events):
No events

Internal exceptions (20 events):
Event: 0.879 Thread 0x0000023b463a92e0 Exception <a 'java/lang/NoSuchMethodError'{0x000000008a7a7ab8}: 'int java.lang.invoke.DirectMethodHandle$Holder.invokeStatic(java.lang.Object)'> (0x000000008a7a7ab8) 
thrown [s\src\hotspot\share\interpreter\linkResolver.cpp, line 784]
Event: 0.879 Thread 0x0000023b463a92e0 Exception <a 'java/lang/NoSuchMethodError'{0x000000008a7aaf00}: 'int java.lang.invoke.DirectMethodHandle$Holder.invokeStaticInit(java.lang.Object)'> (0x000000008a7aaf00) 
thrown [s\src\hotspot\share\interpreter\linkResolver.cpp, line 784]
Event: 0.981 Thread 0x0000023b463a92e0 Exception <a 'java/lang/NoSuchMethodError'{0x000000008a2e0138}: 'void java.lang.invoke.DirectMethodHandle$Holder.invokeStatic(java.lang.Object, java.lang.Object, java.lang.Object, java.lang.Object)'> (0x000000008a2e0138) 
thrown [s\src\hotspot\share\interpreter\linkResolver.cpp, line 784]
Event: 1.020 Thread 0x0000023b463a92e0 Exception <a 'java/lang/NoSuchMethodError'{0x000000008500ea88}: 'java.lang.Object java.lang.invoke.DirectMethodHandle$Holder.invokeInterface(java.lang.Object, java.lang.Object)'> (0x000000008500ea88) 
thrown [s\src\hotspot\share\interpreter\linkResolver.cpp, line 784]
Event: 1.067 Thread 0x0000023b463a92e0 Exception <a 'java/lang/NoSuchMethodError'{0x0000000084e76858}: 'void java.lang.invoke.DirectMethodHandle$Holder.invokeStaticInit(java.lang.Object, java.lang.Object)'> (0x0000000084e76858) 
thrown [s\src\hotspot\share\interpreter\linkResolver.cpp, line 784]
Event: 1.111 Thread 0x0000023b463a92e0 Exception <a 'java/lang/NoSuchMethodError'{0x0000000084c5aa78}: 'int java.lang.invoke.DirectMethodHandle$Holder.invokeVirtual(java.lang.Object, java.lang.Object, java.lang.Object)'> (0x0000000084c5aa78) 
thrown [s\src\hotspot\share\interpreter\linkResolver.cpp, line 784]
Event: 1.155 Thread 0x0000023b463a92e0 Exception <a 'java/lang/NoSuchMethodError'{0x0000000084a35690}: 'void java.lang.invoke.Invokers$Holder.invokeExact_MT(java.lang.Object, int, java.lang.Object)'> (0x0000000084a35690) 
thrown [s\src\hotspot\share\interpreter\linkResolver.cpp, line 784]
Event: 1.257 Thread 0x0000023b463a92e0 Exception <a 'java/lang/NoSuchMethodError'{0x0000000084988690}: 'void java.lang.invoke.DirectMethodHandle$Holder.invokeVirtual(java.lang.Object, java.lang.Object)'> (0x0000000084988690) 
thrown [s\src\hotspot\share\interpreter\linkResolver.cpp, line 784]
Event: 1.291 Thread 0x0000023b463a92e0 Exception <a 'java/lang/NoSuchMethodError'{0x00000000849fc390}: 'long java.lang.invoke.DirectMethodHandle$Holder.invokeStatic(java.lang.Object, java.lang.Object, int)'> (0x00000000849fc390) 
thrown [s\src\hotspot\share\interpreter\linkResolver.cpp, line 784]
Event: 1.292 Thread 0x0000023b463a92e0 Exception <a 'java/lang/NoSuchMethodError'{0x00000000848075c0}: 'java.lang.Object java.lang.invoke.DelegatingMethodHandle$Holder.reinvoke_L(java.lang.Object, int, long, java.lang.Object, java.lang.Object, int, java.lang.Object)'> (0x00000000848075c0) 
thrown [s\src\hotspot\share\interpreter\linkResolver.cpp, line 784]
Event: 1.320 Thread 0x0000023b463a92e0 Exception <a 'java/lang/NoSuchMethodError'{0x000000008482e9d0}: 'java.lang.Object java.lang.invoke.DirectMethodHandle$Holder.invokeStatic(java.lang.Object, java.lang.Object, int)'> (0x000000008482e9d0) 
thrown [s\src\hotspot\share\interpreter\linkResolver.cpp, line 784]
Event: 1.323 Thread 0x0000023b463a92e0 Exception <a 'java/lang/NoSuchMethodError'{0x000000008483a030}: 'void java.lang.invoke.DelegatingMethodHandle$Holder.delegate(java.lang.Object, java.lang.Object, int, java.lang.Object)'> (0x000000008483a030) 
thrown [s\src\hotspot\share\interpreter\linkResolver.cpp, line 784]
Event: 1.856 Thread 0x0000023b463a92e0 Exception <a 'java/lang/NoSuchMethodError'{0x00000000851cc598}: 'java.lang.Object java.lang.invoke.DirectMethodHandle$Holder.invokeStatic(java.lang.Object, java.lang.Object, int, java.lang.Object)'> (0x00000000851cc598) 
thrown [s\src\hotspot\share\interpreter\linkResolver.cpp, line 784]
Event: 2.386 Thread 0x0000023b463a92e0 Exception <a 'java/lang/NoSuchMethodError'{0x0000000084bdb1c0}: 'java.lang.Object java.lang.invoke.DirectMethodHandle$Holder.newInvokeSpecial(java.lang.Object, java.lang.Object, java.lang.Object, java.lang.Object, java.lang.Object, java.lang.Object)'> (0x0000000084bdb1c0) 
thrown [s\src\hotspot\share\interpreter\linkResolver.cpp, line 784]
Event: 3.019 Thread 0x0000023b463a92e0 Exception <a 'java/lang/NoSuchMethodError'{0x000000008524baa8}: 'java.lang.Object java.lang.invoke.DirectMethodHandle$Holder.newInvokeSpecial(java.lang.Object, java.lang.Object, java.lang.Object, java.lang.Object, java.lang.Object, java.lang.Object, java.lang.Object)'> (0x000000008524baa8) 
thrown [s\src\hotspot\share\interpreter\linkResolver.cpp, line 784]
Event: 3.310 Thread 0x0000023b463a92e0 Exception <a 'java/lang/NoSuchMethodError'{0x000000008535e520}: 'java.lang.Object java.lang.invoke.DirectMethodHandle$Holder.invokeVirtual(java.lang.Object, java.lang.Object, java.lang.Object)'> (0x000000008535e520) 
thrown [s\src\hotspot\share\interpreter\linkResolver.cpp, line 784]
Event: 3.349 Thread 0x0000023b463a92e0 Exception <a 'java/lang/NoSuchMethodError'{0x00000000852e15f0}: 'java.lang.Object java.lang.invoke.DirectMethodHandle$Holder.newInvokeSpecial(java.lang.Object, java.lang.Object, int)'> (0x00000000852e15f0) 
thrown [s\src\hotspot\share\interpreter\linkResolver.cpp, line 784]
Event: 3.560 Thread 0x0000023b463a92e0 Exception <a 'java/lang/NoSuchMethodError'{0x00000000855363b0}: 'int java.lang.invoke.DirectMethodHandle$Holder.invokeStaticInit(java.lang.Object, int)'> (0x00000000855363b0) 
thrown [s\src\hotspot\share\interpreter\linkResolver.cpp, line 784]
Event: 3.825 Thread 0x0000023b463a92e0 Exception <a 'java/lang/NoSuchMethodError'{0x0000000085b3fbb0}: 'java.lang.Object java.lang.invoke.DirectMethodHandle$Holder.newInvokeSpecial(java.lang.Object, java.lang.Object, java.lang.Object, int, java.lang.Object)'> (0x0000000085b3fbb0) 
thrown [s\src\hotspot\share\interpreter\linkResolver.cpp, line 784]
Event: 4.125 Thread 0x0000023b463a92e0 Implicit null exception at 0x0000023b5110c240 to 0x0000023b5110c69c

ZGC Phase Switch (0 events):
No events

VM Operations (20 events):
Event: 4.124 Executing VM operation: HandshakeAllThreads (Deoptimize) done
Event: 4.171 Executing VM operation: HandshakeAllThreads (Deoptimize)
Event: 4.171 Executing VM operation: HandshakeAllThreads (Deoptimize) done
Event: 4.175 Executing VM operation: HandshakeAllThreads (Deoptimize)
Event: 4.175 Executing VM operation: HandshakeAllThreads (Deoptimize) done
Event: 4.254 Executing VM operation: ICBufferFull
Event: 4.255 Executing VM operation: ICBufferFull done
Event: 4.270 Executing VM operation: G1CollectForAllocation (G1 Evacuation Pause)
Event: 4.281 Executing VM operation: G1CollectForAllocation (G1 Evacuation Pause) done
Event: 4.304 Executing VM operation: HandshakeAllThreads (Deoptimize)
Event: 4.304 Executing VM operation: HandshakeAllThreads (Deoptimize) done
Event: 4.326 Executing VM operation: G1TryInitiateConcMark (G1 Humongous Allocation)
Event: 4.336 Executing VM operation: G1TryInitiateConcMark (G1 Humongous Allocation) done
Event: 4.357 Executing VM operation: G1PauseRemark
Event: 4.360 Executing VM operation: G1PauseRemark done
Event: 4.369 Executing VM operation: G1PauseCleanup
Event: 4.369 Executing VM operation: G1PauseCleanup done
Event: 4.371 Executing VM operation: G1CollectForAllocation (G1 Evacuation Pause)
Event: 4.377 Executing VM operation: G1CollectForAllocation (G1 Evacuation Pause) done
Event: 4.402 Executing VM operation: G1CollectForAllocation (G1 Evacuation Pause)

Memory protections (0 events):
No events

Nmethod flushes (20 events):
Event: 4.360 Thread 0x0000023b5e390810 flushing  nmethod 0x0000023b49781610
Event: 4.360 Thread 0x0000023b5e390810 flushing  nmethod 0x0000023b49786490
Event: 4.360 Thread 0x0000023b5e390810 flushing  nmethod 0x0000023b49786a90
Event: 4.360 Thread 0x0000023b5e390810 flushing  nmethod 0x0000023b4978e590
Event: 4.360 Thread 0x0000023b5e390810 flushing  nmethod 0x0000023b49790590
Event: 4.360 Thread 0x0000023b5e390810 flushing  nmethod 0x0000023b49790a90
Event: 4.360 Thread 0x0000023b5e390810 flushing  nmethod 0x0000023b49792a90
Event: 4.360 Thread 0x0000023b5e390810 flushing  nmethod 0x0000023b49793410
Event: 4.360 Thread 0x0000023b5e390810 flushing  nmethod 0x0000023b49793d10
Event: 4.360 Thread 0x0000023b5e390810 flushing  nmethod 0x0000023b49796810
Event: 4.360 Thread 0x0000023b5e390810 flushing  nmethod 0x0000023b497a8290
Event: 4.360 Thread 0x0000023b5e390810 flushing  nmethod 0x0000023b497ae590
Event: 4.360 Thread 0x0000023b5e390810 flushing  nmethod 0x0000023b497af410
Event: 4.360 Thread 0x0000023b5e390810 flushing  nmethod 0x0000023b497e5090
Event: 4.360 Thread 0x0000023b5e390810 flushing  nmethod 0x0000023b49803410
Event: 4.360 Thread 0x0000023b5e390810 flushing  nmethod 0x0000023b49805b10
Event: 4.360 Thread 0x0000023b5e390810 flushing  nmethod 0x0000023b4985e390
Event: 4.360 Thread 0x0000023b5e390810 flushing  nmethod 0x0000023b4985e690
Event: 4.360 Thread 0x0000023b5e390810 flushing  nmethod 0x0000023b49862e10
Event: 4.360 Thread 0x0000023b5e390810 flushing  nmethod 0x0000023b49863110

Events (20 events):
Event: 0.051 Thread 0x0000023b463a92e0 Thread added: 0x0000023b5e410020
Event: 0.088 Thread 0x0000023b463a92e0 Thread added: 0x0000023b5e5b9270
Event: 0.092 Thread 0x0000023b463a92e0 Thread added: 0x0000023b5e5bdab0
Event: 0.099 Loaded shared library C:\Program Files\Android\Android Studio\jbr\bin\net.dll
Event: 0.102 Loaded shared library C:\Program Files\Android\Android Studio\jbr\bin\nio.dll
Event: 0.130 Thread 0x0000023b5e407050 Thread added: 0x0000023b5e6414f0
Event: 0.141 Loaded shared library C:\Program Files\Android\Android Studio\jbr\bin\zip.dll
Event: 0.175 Loaded shared library C:\Program Files\Android\Android Studio\jbr\bin\jimage.dll
Event: 0.271 Thread 0x0000023b5e407050 Thread added: 0x0000023b63160210
Event: 1.258 Thread 0x0000023b63160210 Thread exited: 0x0000023b63160210
Event: 1.261 Thread 0x0000023b5e6414f0 Thread exited: 0x0000023b5e6414f0
Event: 1.333 Thread 0x0000023b5e410020 Thread added: 0x0000023b63dd5bb0
Event: 1.520 Thread 0x0000023b63dd5bb0 Thread exited: 0x0000023b63dd5bb0
Event: 1.599 Thread 0x0000023b5e410020 Thread added: 0x0000023b63dd5bb0
Event: 1.617 Thread 0x0000023b5e407050 Thread added: 0x0000023b63dc23c0
Event: 1.920 Thread 0x0000023b63dc23c0 Thread exited: 0x0000023b63dc23c0
Event: 2.310 Thread 0x0000023b63dd5bb0 Thread exited: 0x0000023b63dd5bb0
Event: 2.780 Thread 0x0000023b5e410020 Thread added: 0x0000023b64c92f20
Event: 3.465 Thread 0x0000023b64c92f20 Thread exited: 0x0000023b64c92f20
Event: 3.531 Thread 0x0000023b5e410020 Thread added: 0x0000023b65bcb870


Dynamic libraries:
0x00007ff68f060000 - 0x00007ff68f06a000 	C:\Program Files\Android\Android Studio\jbr\bin\java.exe
0x00007ff9eb2e0000 - 0x00007ff9eb543000 	C:\WINDOWS\SYSTEM32\ntdll.dll
0x00007ff9ea450000 - 0x00007ff9ea517000 	C:\WINDOWS\System32\KERNEL32.DLL
0x00007ff9e87b0000 - 0x00007ff9e8b79000 	C:\WINDOWS\System32\KERNELBASE.dll
0x00007ff9e8d00000 - 0x00007ff9e8e4c000 	C:\WINDOWS\System32\ucrtbase.dll
0x00007ff9dcd50000 - 0x00007ff9dcd6b000 	C:\Program Files\Android\Android Studio\jbr\bin\VCRUNTIME140.dll
0x00007ff9dd680000 - 0x00007ff9dd698000 	C:\Program Files\Android\Android Studio\jbr\bin\jli.dll
0x00007ff9ead00000 - 0x00007ff9eaeca000 	C:\WINDOWS\System32\USER32.dll
0x00007ff9e84e0000 - 0x00007ff9e8507000 	C:\WINDOWS\System32\win32u.dll
0x00007ff9cf750000 - 0x00007ff9cf9e0000 	C:\WINDOWS\WinSxS\amd64_microsoft.windows.common-controls_6595b64144ccf1df_6.0.26100.3323_none_3e088096e3344490\COMCTL32.dll
0x00007ff9e9a50000 - 0x00007ff9e9a7a000 	C:\WINDOWS\System32\GDI32.dll
0x00007ff9e91b0000 - 0x00007ff9e9259000 	C:\WINDOWS\System32\msvcrt.dll
0x00007ff9e8e50000 - 0x00007ff9e8f81000 	C:\WINDOWS\System32\gdi32full.dll
0x00007ff9e8670000 - 0x00007ff9e8713000 	C:\WINDOWS\System32\msvcp_win.dll
0x00007ff9ea630000 - 0x00007ff9ea65f000 	C:\WINDOWS\System32\IMM32.DLL
0x00007ff9ddeb0000 - 0x00007ff9ddebc000 	C:\Program Files\Android\Android Studio\jbr\bin\vcruntime140_1.dll
0x00007ff9d8f30000 - 0x00007ff9d8fbd000 	C:\Program Files\Android\Android Studio\jbr\bin\msvcp140.dll
0x00007ff990d60000 - 0x00007ff9919ea000 	C:\Program Files\Android\Android Studio\jbr\bin\server\jvm.dll
0x00007ff9ea8a0000 - 0x00007ff9ea952000 	C:\WINDOWS\System32\ADVAPI32.dll
0x00007ff9ea670000 - 0x00007ff9ea716000 	C:\WINDOWS\System32\sechost.dll
0x00007ff9ea720000 - 0x00007ff9ea836000 	C:\WINDOWS\System32\RPCRT4.dll
0x00007ff9e9280000 - 0x00007ff9e92f4000 	C:\WINDOWS\System32\WS2_32.dll
0x00007ff9e8370000 - 0x00007ff9e83be000 	C:\WINDOWS\SYSTEM32\POWRPROF.dll
0x00007ff9dcea0000 - 0x00007ff9dced6000 	C:\WINDOWS\SYSTEM32\WINMM.dll
0x00007ff9db520000 - 0x00007ff9db52b000 	C:\WINDOWS\SYSTEM32\VERSION.dll
0x00007ff9e8350000 - 0x00007ff9e8364000 	C:\WINDOWS\SYSTEM32\UMPDC.dll
0x00007ff9e7300000 - 0x00007ff9e731a000 	C:\WINDOWS\SYSTEM32\kernel.appcore.dll
0x00007ff9dcdf0000 - 0x00007ff9dcdfa000 	C:\Program Files\Android\Android Studio\jbr\bin\jimage.dll
0x00007ff9e5c80000 - 0x00007ff9e5ec1000 	C:\WINDOWS\SYSTEM32\DBGHELP.DLL
0x00007ff9eaf00000 - 0x00007ff9eb282000 	C:\WINDOWS\System32\combase.dll
0x00007ff9eac20000 - 0x00007ff9eacf6000 	C:\WINDOWS\System32\OLEAUT32.dll
0x00007ff9dce60000 - 0x00007ff9dce99000 	C:\WINDOWS\SYSTEM32\dbgcore.DLL
0x00007ff9e8510000 - 0x00007ff9e85a9000 	C:\WINDOWS\System32\bcryptPrimitives.dll
0x00007ff9dc3f0000 - 0x00007ff9dc410000 	C:\Program Files\Android\Android Studio\jbr\bin\java.dll
0x00007ff9dacb0000 - 0x00007ff9dacc8000 	C:\Program Files\Android\Android Studio\jbr\bin\zip.dll
0x00007ff9e9a80000 - 0x00007ff9ea195000 	C:\WINDOWS\System32\SHELL32.dll
0x00007ff9e8f90000 - 0x00007ff9e90f8000 	C:\WINDOWS\System32\wintypes.dll
0x00007ff9e61e0000 - 0x00007ff9e6a25000 	C:\WINDOWS\SYSTEM32\windows.storage.dll
0x00007ff9ea1b0000 - 0x00007ff9ea29b000 	C:\WINDOWS\System32\SHCORE.dll
0x00007ff9e99f0000 - 0x00007ff9e9a4d000 	C:\WINDOWS\System32\shlwapi.dll
0x00007ff9e83f0000 - 0x00007ff9e841f000 	C:\WINDOWS\SYSTEM32\profapi.dll
0x00007ff9dcd40000 - 0x00007ff9dcd50000 	C:\Program Files\Android\Android Studio\jbr\bin\net.dll
0x00007ff9ddc40000 - 0x00007ff9ddd5e000 	C:\WINDOWS\SYSTEM32\WINHTTP.dll
0x00007ff9e7820000 - 0x00007ff9e788a000 	C:\WINDOWS\system32\mswsock.dll
0x00007ff9dac90000 - 0x00007ff9daca6000 	C:\Program Files\Android\Android Studio\jbr\bin\nio.dll
0x00007ff9da0b0000 - 0x00007ff9da0c0000 	C:\Program Files\Android\Android Studio\jbr\bin\verify.dll

dbghelp: loaded successfully - version: 4.0.5 - missing functions: none
symbol engine: initialized successfully - sym options: 0x614 - pdb path: .;C:\Program Files\Android\Android Studio\jbr\bin;C:\WINDOWS\SYSTEM32;C:\WINDOWS\WinSxS\amd64_microsoft.windows.common-controls_6595b64144ccf1df_6.0.26100.3323_none_3e088096e3344490;C:\Program Files\Android\Android Studio\jbr\bin\server

VM Arguments:
java_command: org.jetbrains.kotlin.cli.jvm.K2JVMCompiler @C:\Users\Eman-Pc\AndroidStudioProjects\BookConnect\app\build\20250426_11104318516022916533.compiler.options
java_class_path (initial): C:\Users\Eman-Pc\.gradle\caches\modules-2\files-2.1\org.jetbrains.kotlin\kotlin-compiler-embeddable\2.0.21\79346ed53db48b18312a472602eb5c057070c54d\kotlin-compiler-embeddable-2.0.21.jar;C:\Users\Eman-Pc\.gradle\caches\modules-2\files-2.1\org.jetbrains.kotlin\kotlin-stdlib\2.0.21\618b539767b4899b4660a83006e052b63f1db551\kotlin-stdlib-2.0.21.jar;C:\Users\Eman-Pc\.gradle\caches\modules-2\files-2.1\org.jetbrains.kotlin\kotlin-script-runtime\2.0.21\c9b044380ad41f89aa89aa896c2d32a8c0b2129d\kotlin-script-runtime-2.0.21.jar;C:\Users\Eman-Pc\.gradle\caches\modules-2\files-2.1\org.jetbrains.kotlin\kotlin-reflect\1.6.10\1cbe9c92c12a94eea200d23c2bbaedaf3daf5132\kotlin-reflect-1.6.10.jar;C:\Users\Eman-Pc\.gradle\caches\modules-2\files-2.1\org.jetbrains.kotlin\kotlin-daemon-embeddable\2.0.21\c9e933b23287de9b5a17e2116b4657bb91aea72c\kotlin-daemon-embeddable-2.0.21.jar;C:\Users\Eman-Pc\.gradle\caches\modules-2\files-2.1\org.jetbrains.intellij.deps\trove4j\1.0.20200330\3afb14d5f9ceb459d724e907a21145e8ff394f02\trove4j-1.0.20200330.jar;C:\Users\Eman-Pc\.gradle\caches\modules-2\files-2.1\org.jetbrains.kotlinx\kotlinx-coroutines-core-jvm\1.6.4\2c997cd1c0ef33f3e751d3831929aeff1390cb30\kotlinx-coroutines-core-jvm-1.6.4.jar;C:\Users\Eman-Pc\.gradle\caches\modules-2\files-2.1\org.jetbrains\annotations\13.0\919f0dfe192fb4e063e7dacadee7f8bb9a2672a9\annotations-13.0.jar
Launcher Type: SUN_STANDARD

[Global flags]
     intx CICompilerCount                          = 4                                         {product} {ergonomic}
     uint ConcGCThreads                            = 2                                         {product} {ergonomic}
     uint G1ConcRefinementThreads                  = 8                                         {product} {ergonomic}
   size_t G1HeapRegionSize                         = 1048576                                   {product} {ergonomic}
    uintx GCDrainStackTargetSize                   = 64                                        {product} {ergonomic}
   size_t InitialHeapSize                          = 132120576                                 {product} {ergonomic}
   size_t MarkStackSize                            = 4194304                                   {product} {ergonomic}
   size_t MaxHeapSize                              = 2086666240                                {product} {ergonomic}
   size_t MaxNewSize                               = 1251999744                                {product} {ergonomic}
   size_t MinHeapDeltaBytes                        = 1048576                                   {product} {ergonomic}
   size_t MinHeapSize                              = 8388608                                   {product} {ergonomic}
    uintx NonNMethodCodeHeapSize                   = 5839372                                {pd product} {ergonomic}
    uintx NonProfiledCodeHeapSize                  = 122909434                              {pd product} {ergonomic}
    uintx ProfiledCodeHeapSize                     = 122909434                              {pd product} {ergonomic}
    uintx ReservedCodeCacheSize                    = 251658240                              {pd product} {ergonomic}
     bool SegmentedCodeCache                       = true                                      {product} {ergonomic}
   size_t SoftMaxHeapSize                          = 2086666240                             {manageable} {ergonomic}
     bool UseCompressedOops                        = true                           {product lp64_product} {ergonomic}
     bool UseG1GC                                  = true                                      {product} {ergonomic}
     bool UseLargePagesIndividualAllocation        = false                                  {pd product} {ergonomic}

Logging:
Log output configuration:
 #0: stdout all=warning uptime,level,tags foldmultilines=false
 #1: stderr all=off uptime,level,tags foldmultilines=false

Environment Variables:
PATH=C:\WINDOWS\system32;C:\WINDOWS;C:\WINDOWS\System32\Wbem;C:\WINDOWS\System32\WindowsPowerShell\v1.0\;C:\WINDOWS\System32\OpenSSH\;C:\Program Files\Microsoft SQL Server\150\Tools\Binn\;C:\Program Files\Microsoft SQL Server\Client SDK\ODBC\170\Tools\Binn\;C:\Program Files\dotnet\;C:\Program Files (x86)\Windows Kits\10\Windows Performance Toolkit\;C:\Program Files\Git\cmd;C:\Users\Eman-Pc\AppData\Local\Microsoft\WindowsApps;C:\Users\Eman-Pc\.dotnet\tools;C:\Users\Eman-Pc\AppData\Local\GitHubDesktop\bin
USERNAME=Eman-Pc
OS=Windows_NT
PROCESSOR_IDENTIFIER=Intel64 Family 6 Model 142 Stepping 12, GenuineIntel
TMP=C:\Users\Eman-Pc\AppData\Local\Temp
TEMP=C:\Users\Eman-Pc\AppData\Local\Temp




Periodic native trim disabled

JNI global refs:
JNI global refs: 10, weak refs: 5

JNI global refs memory usage: 835, weak refs: 833

Process memory usage:
Resident Set Size: 171700K (2% of 8143556K total physical memory with 602680K free physical memory)

OOME stack traces (most recent first):
Classloader memory used:
Loader jdk.internal.loader.ClassLoaders$AppClassLoader                                 : 37559K
Loader bootstrap                                                                       : 10238K

---------------  S Y S T E M  ---------------

OS:
 Windows 11 , 64 bit Build 26100 (10.0.26100.3323)
OS uptime: 10 days 7:08 hours

CPU: total 8 (initial active 8) (4 cores per cpu, 2 threads per core) family 6 model 142 stepping 12 microcode 0xfc, cx8, cmov, fxsr, ht, mmx, 3dnowpref, sse, sse2, sse3, ssse3, sse4.1, sse4.2, popcnt, lzcnt, tsc, tscinvbit, avx, avx2, aes, erms, clmul, bmi1, bmi2, adx, fma, vzeroupper, clflush, clflushopt, rdtscp, f16c
Processor Information for all 8 processors :
  Max Mhz: 2112, Current Mhz: 1609, Mhz Limit: 1605

Memory: 4k page, system-wide physical 7952M (588M free)
TotalPageFile size 23013M (AvailPageFile size 22M)
current process WorkingSet (physical memory assigned to process): 168M, peak: 183M
current process commit charge ("private bytes"): 200M, peak: 274M

vm_info: OpenJDK 64-Bit Server VM (21.0.5+-13047016-b750.29) for windows-amd64 JRE (21.0.5+-13047016-b750.29), built on 2025-02-11T21:12:39Z by "builder" with MS VC++ 16.10 / 16.11 (VS2019)

END.
