#
# There is insufficient memory for the Java Runtime Environment to continue.
# Native memory allocation (mmap) failed to map 40894464 bytes. Error detail: G1 virtual space
# Possible reasons:
#   The system is out of physical RAM or swap space
#   This process is running with CompressedOops enabled, and the Java Heap may be blocking the growth of the native heap
# Possible solutions:
#   Reduce memory load on the system
#   Increase physical memory or swap space
#   Check if swap backing store is full
#   Decrease Java heap size (-Xmx/-Xms)
#   Decrease number of Java threads
#   Decrease Java thread stack sizes (-Xss)
#   Set larger code cache with -XX:ReservedCodeCacheSize=
#   JVM is running with Unscaled Compressed Oops mode in which the Java heap is
#     placed in the first 4GB address space. The Java Heap base address is the
#     maximum limit for the native heap growth. Please use -XX:HeapBaseMinAddress
#     to set the Java Heap base and to place the Java Heap above 4GB virtual address.
# This output file may be truncated or incomplete.
#
#  Out of Memory Error (os_windows.cpp:3828), pid=8652, tid=12448
#
# JRE version: OpenJDK Runtime Environment (21.0.5) (build 21.0.5+-13047016-b750.29)
# Java VM: OpenJDK 64-Bit Server VM (21.0.5+-13047016-b750.29, mixed mode, tiered, compressed oops, compressed class ptrs, g1 gc, windows-amd64)
# No core dump will be written. Minidumps are not enabled by default on client versions of Windows
#

---------------  S U M M A R Y ------------

Command Line: org.jetbrains.kotlin.cli.jvm.K2JVMCompiler @C:\Users\Eman-Pc\AndroidStudioProjects\BookConnect\app\build\20250426_14039599104716954223.compiler.options

Host: Intel(R) Core(TM) i5-10210U CPU @ 1.60GHz, 8 cores, 7G,  Windows 11 , 64 bit Build 26100 (10.0.26100.3323)
Time: Sat Apr 26 00:30:02 2025 Pakistan Standard Time elapsed time: 9.563331 seconds (0d 0h 0m 9s)

---------------  T H R E A D  ---------------

Current thread (0x0000027a7ad7e030):  VMThread "VM Thread"          [id=12448, stack(0x000000dbd9b00000,0x000000dbd9c00000) (1024K)]

Stack: [0x000000dbd9b00000,0x000000dbd9c00000]
Native frames: (J=compiled Java code, j=interpreted, Vv=VM code, C=native code)
V  [jvm.dll+0x6cfb29]
V  [jvm.dll+0x85df93]
V  [jvm.dll+0x8604ee]
V  [jvm.dll+0x860bd3]
V  [jvm.dll+0x27e6b6]
V  [jvm.dll+0x6cc385]
V  [jvm.dll+0x6c078a]
V  [jvm.dll+0x35525b]
V  [jvm.dll+0x35ceb6]
V  [jvm.dll+0x3aedd6]
V  [jvm.dll+0x3af0a8]
V  [jvm.dll+0x32792c]
V  [jvm.dll+0x3279b7]
V  [jvm.dll+0x36d80c]
V  [jvm.dll+0x36bfbe]
V  [jvm.dll+0x327081]
V  [jvm.dll+0x36b6d0]
V  [jvm.dll+0x866958]
V  [jvm.dll+0x867cd4]
V  [jvm.dll+0x868210]
V  [jvm.dll+0x8684a3]
V  [jvm.dll+0x806368]
V  [jvm.dll+0x6ce3fd]
C  [ucrtbase.dll+0x37b0]
C  [KERNEL32.DLL+0x2e8d7]
C  [ntdll.dll+0xbbf6c]

VM_Operation (0x000000dbd94fd750): G1CollectForAllocation, mode: safepoint, requested by thread 0x0000027a704906e0


---------------  P R O C E S S  ---------------

Threads class SMR info:
_java_thread_list=0x0000027a124b1ae0, length=13, elements={
0x0000027a704906e0, 0x0000027a7f07a400, 0x0000027a7f05a9f0, 0x0000027a7f08c5c0,
0x0000027a7f065830, 0x0000027a7f067ee0, 0x0000027a7f094c30, 0x0000027a7f095680,
0x0000027a7f080fa0, 0x0000027a7f21c4d0, 0x0000027a7ad4d2a0, 0x0000027a102ade70,
0x0000027a11e108b0
}

Java Threads: ( => current thread )
  0x0000027a704906e0 JavaThread "main"                              [_thread_blocked, id=12560, stack(0x000000dbd9400000,0x000000dbd9500000) (1024K)]
  0x0000027a7f07a400 JavaThread "Reference Handler"          daemon [_thread_blocked, id=16828, stack(0x000000dbd9c00000,0x000000dbd9d00000) (1024K)]
  0x0000027a7f05a9f0 JavaThread "Finalizer"                  daemon [_thread_blocked, id=13048, stack(0x000000dbd9d00000,0x000000dbd9e00000) (1024K)]
  0x0000027a7f08c5c0 JavaThread "Signal Dispatcher"          daemon [_thread_blocked, id=14588, stack(0x000000dbd9e00000,0x000000dbd9f00000) (1024K)]
  0x0000027a7f065830 JavaThread "Attach Listener"            daemon [_thread_blocked, id=14884, stack(0x000000dbd9f00000,0x000000dbda000000) (1024K)]
  0x0000027a7f067ee0 JavaThread "Service Thread"             daemon [_thread_blocked, id=22368, stack(0x000000dbda000000,0x000000dbda100000) (1024K)]
  0x0000027a7f094c30 JavaThread "Monitor Deflation Thread"   daemon [_thread_blocked, id=6900, stack(0x000000dbda100000,0x000000dbda200000) (1024K)]
  0x0000027a7f095680 JavaThread "C2 CompilerThread0"         daemon [_thread_blocked, id=14828, stack(0x000000dbda200000,0x000000dbda300000) (1024K)]
  0x0000027a7f080fa0 JavaThread "C1 CompilerThread0"         daemon [_thread_blocked, id=6864, stack(0x000000dbda300000,0x000000dbda400000) (1024K)]
  0x0000027a7f21c4d0 JavaThread "Notification Thread"        daemon [_thread_blocked, id=9524, stack(0x000000dbda400000,0x000000dbda500000) (1024K)]
  0x0000027a7ad4d2a0 JavaThread "Common-Cleaner"             daemon [_thread_blocked, id=9864, stack(0x000000dbda500000,0x000000dbda600000) (1024K)]
  0x0000027a102ade70 JavaThread "C2 CompilerThread1"         daemon [_thread_blocked, id=4368, stack(0x000000dbdae00000,0x000000dbdaf00000) (1024K)]
  0x0000027a11e108b0 JavaThread "C2 CompilerThread2"         daemon [_thread_blocked, id=19592, stack(0x000000dbdaf00000,0x000000dbdb000000) (1024K)]
Total: 13

Other Threads:
=>0x0000027a7ad7e030 VMThread "VM Thread"                           [id=12448, stack(0x000000dbd9b00000,0x000000dbd9c00000) (1024K)]
  0x0000027a7acefc80 WatcherThread "VM Periodic Task Thread"        [id=15816, stack(0x000000dbd9a00000,0x000000dbd9b00000) (1024K)]
  0x0000027a71fadca0 WorkerThread "GC Thread#0"                     [id=10620, stack(0x000000dbd9500000,0x000000dbd9600000) (1024K)]
  0x0000027a7f9f40b0 WorkerThread "GC Thread#1"                     [id=17508, stack(0x000000dbda600000,0x000000dbda700000) (1024K)]
  0x0000027a7f9f4450 WorkerThread "GC Thread#2"                     [id=8736, stack(0x000000dbda700000,0x000000dbda800000) (1024K)]
  0x0000027a7f9b17f0 WorkerThread "GC Thread#3"                     [id=16892, stack(0x000000dbda800000,0x000000dbda900000) (1024K)]
  0x0000027a7f9b1b90 WorkerThread "GC Thread#4"                     [id=9580, stack(0x000000dbda900000,0x000000dbdaa00000) (1024K)]
  0x0000027a7f9b1f30 WorkerThread "GC Thread#5"                     [id=7720, stack(0x000000dbdaa00000,0x000000dbdab00000) (1024K)]
  0x0000027a7fa21530 WorkerThread "GC Thread#6"                     [id=12300, stack(0x000000dbdab00000,0x000000dbdac00000) (1024K)]
  0x0000027a7fa206b0 WorkerThread "GC Thread#7"                     [id=21464, stack(0x000000dbdac00000,0x000000dbdad00000) (1024K)]
  0x0000027a71fbe540 ConcurrentGCThread "G1 Main Marker"            [id=17936, stack(0x000000dbd9600000,0x000000dbd9700000) (1024K)]
  0x0000027a71fbf040 WorkerThread "G1 Conc#0"                       [id=3336, stack(0x000000dbd9700000,0x000000dbd9800000) (1024K)]
  0x0000027a7fa22010 WorkerThread "G1 Conc#1"                       [id=5860, stack(0x000000dbdad00000,0x000000dbdae00000) (1024K)]
  0x0000027a7201e010 ConcurrentGCThread "G1 Refine#0"               [id=10348, stack(0x000000dbd9800000,0x000000dbd9900000) (1024K)]
  0x0000027a7abb9c80 ConcurrentGCThread "G1 Service"                [id=1264, stack(0x000000dbd9900000,0x000000dbd9a00000) (1024K)]
Total: 15

Threads with active compile tasks:
C2 CompilerThread0  9581 8802       4       org.jetbrains.kotlin.fir.backend.Fir2IrDeclarationStorage::leaveScope (81 bytes)
C2 CompilerThread1  9581 8803       4       org.jetbrains.kotlin.fir.backend.Fir2IrScopeCache::clear (37 bytes)
C2 CompilerThread2  9582 8701       4       org.jetbrains.kotlin.fir.backend.Fir2IrTypeConverter::toIrType (1647 bytes)
Total: 3

VM state: at safepoint (normal execution)

VM Mutex/Monitor currently owned by a thread:  ([mutex/lock_event])
[0x00007ff99190d360] Threads_lock - owner thread: 0x0000027a7ad7e030
[0x00007ff99190d460] Heap_lock - owner thread: 0x0000027a704906e0

Heap address: 0x0000000083a00000, size: 1990 MB, Compressed Oops mode: 32-bit

CDS archive(s) not mapped
Compressed class space mapped at: 0x0000000100000000-0x0000000140000000, reserved size: 1073741824
Narrow klass base: 0x0000000000000000, Narrow klass shift: 3, Narrow klass range: 0x140000000

GC Precious Log:
 CardTable entry size: 512
 Card Set container configuration: InlinePtr #cards 5 size 8 Array Of Cards #cards 12 size 40 Howl #buckets 4 coarsen threshold 1843 Howl Bitmap #cards 512 size 80 coarsen threshold 460 Card regions per heap region 1 cards per card region 2048
 CPUs: 8 total, 8 available
 Memory: 7952M
 Large Page Support: Disabled
 NUMA Support: Disabled
 Compressed Oops: Enabled (32-bit)
 Heap Region Size: 1M
 Heap Min Capacity: 8M
 Heap Initial Capacity: 126M
 Heap Max Capacity: 1990M
 Pre-touch: Disabled
 Parallel Workers: 8
 Concurrent Workers: 2
 Concurrent Refinement Workers: 8
 Periodic GC: Disabled

Heap:
 garbage-first heap   total 133120K, used 85397K [0x0000000083a00000, 0x0000000100000000)
  region size 1024K, 4 young (4096K), 4 survivors (4096K)
 Metaspace       used 73648K, committed 74048K, reserved 1179648K
  class space    used 7847K, committed 8000K, reserved 1048576K

Heap Regions: E=young(eden), S=young(survivor), O=old, HS=humongous(starts), HC=humongous(continues), CS=collection set, F=free, TAMS=top-at-mark-start, PB=parsable bottom
|   0|0x0000000083a00000, 0x0000000083b00000, 0x0000000083b00000|100%|HS|  |TAMS 0x0000000083b00000| PB 0x0000000083a00000| Complete 
|   1|0x0000000083b00000, 0x0000000083c00000, 0x0000000083c00000|100%|HC|  |TAMS 0x0000000083c00000| PB 0x0000000083b00000| Complete 
|   2|0x0000000083c00000, 0x0000000083d00000, 0x0000000083d00000|100%|HC|  |TAMS 0x0000000083d00000| PB 0x0000000083c00000| Complete 
|   3|0x0000000083d00000, 0x0000000083e00000, 0x0000000083e00000|100%| O|  |TAMS 0x0000000083e00000| PB 0x0000000083d00000| Untracked 
|   4|0x0000000083e00000, 0x0000000083f00000, 0x0000000083f00000|100%| O|  |TAMS 0x0000000083f00000| PB 0x0000000083e00000| Untracked 
|   5|0x0000000083f00000, 0x0000000084000000, 0x0000000084000000|100%| O|  |TAMS 0x0000000084000000| PB 0x0000000083f00000| Untracked 
|   6|0x0000000084000000, 0x0000000084100000, 0x0000000084100000|100%| O|  |TAMS 0x0000000084100000| PB 0x0000000084000000| Untracked 
|   7|0x0000000084100000, 0x0000000084200000, 0x0000000084200000|100%| O|  |TAMS 0x0000000084200000| PB 0x0000000084100000| Untracked 
|   8|0x0000000084200000, 0x0000000084300000, 0x0000000084300000|100%| O|  |TAMS 0x0000000084300000| PB 0x0000000084200000| Untracked 
|   9|0x0000000084300000, 0x0000000084400000, 0x0000000084400000|100%| O|  |TAMS 0x0000000084400000| PB 0x0000000084300000| Untracked 
|  10|0x0000000084400000, 0x0000000084500000, 0x0000000084500000|100%| O|  |TAMS 0x0000000084500000| PB 0x0000000084400000| Untracked 
|  11|0x0000000084500000, 0x0000000084600000, 0x0000000084600000|100%| O|  |TAMS 0x0000000084600000| PB 0x0000000084500000| Untracked 
|  12|0x0000000084600000, 0x0000000084700000, 0x0000000084700000|100%| O|  |TAMS 0x0000000084700000| PB 0x0000000084600000| Untracked 
|  13|0x0000000084700000, 0x0000000084800000, 0x0000000084800000|100%| O|  |TAMS 0x0000000084800000| PB 0x0000000084700000| Untracked 
|  14|0x0000000084800000, 0x0000000084900000, 0x0000000084900000|100%| O|  |TAMS 0x0000000084900000| PB 0x0000000084800000| Untracked 
|  15|0x0000000084900000, 0x0000000084a00000, 0x0000000084a00000|100%| O|  |TAMS 0x0000000084a00000| PB 0x0000000084900000| Untracked 
|  16|0x0000000084a00000, 0x0000000084b00000, 0x0000000084b00000|100%| O|  |TAMS 0x0000000084b00000| PB 0x0000000084a00000| Untracked 
|  17|0x0000000084b00000, 0x0000000084c00000, 0x0000000084c00000|100%| O|  |TAMS 0x0000000084c00000| PB 0x0000000084b00000| Untracked 
|  18|0x0000000084c00000, 0x0000000084d00000, 0x0000000084d00000|100%| O|  |TAMS 0x0000000084d00000| PB 0x0000000084c00000| Untracked 
|  19|0x0000000084d00000, 0x0000000084e00000, 0x0000000084e00000|100%| O|  |TAMS 0x0000000084e00000| PB 0x0000000084d00000| Untracked 
|  20|0x0000000084e00000, 0x0000000084f00000, 0x0000000084f00000|100%| O|  |TAMS 0x0000000084f00000| PB 0x0000000084e00000| Untracked 
|  21|0x0000000084f00000, 0x0000000085000000, 0x0000000085000000|100%| O|  |TAMS 0x0000000085000000| PB 0x0000000084f00000| Untracked 
|  22|0x0000000085000000, 0x0000000085100000, 0x0000000085100000|100%| O|  |TAMS 0x0000000085100000| PB 0x0000000085000000| Untracked 
|  23|0x0000000085100000, 0x0000000085200000, 0x0000000085200000|100%| O|  |TAMS 0x0000000085200000| PB 0x0000000085100000| Untracked 
|  24|0x0000000085200000, 0x0000000085300000, 0x0000000085300000|100%| O|  |TAMS 0x0000000085300000| PB 0x0000000085200000| Untracked 
|  25|0x0000000085300000, 0x0000000085400000, 0x0000000085400000|100%| O|  |TAMS 0x0000000085400000| PB 0x0000000085300000| Untracked 
|  26|0x0000000085400000, 0x0000000085500000, 0x0000000085500000|100%| O|  |TAMS 0x0000000085500000| PB 0x0000000085400000| Untracked 
|  27|0x0000000085500000, 0x0000000085600000, 0x0000000085600000|100%| O|  |TAMS 0x0000000085600000| PB 0x0000000085500000| Untracked 
|  28|0x0000000085600000, 0x0000000085700000, 0x0000000085700000|100%| O|  |TAMS 0x0000000085700000| PB 0x0000000085600000| Untracked 
|  29|0x0000000085700000, 0x0000000085800000, 0x0000000085800000|100%| O|  |TAMS 0x0000000085800000| PB 0x0000000085700000| Untracked 
|  30|0x0000000085800000, 0x0000000085900000, 0x0000000085900000|100%| O|  |TAMS 0x0000000085900000| PB 0x0000000085800000| Untracked 
|  31|0x0000000085900000, 0x0000000085a00000, 0x0000000085a00000|100%| O|  |TAMS 0x0000000085a00000| PB 0x0000000085900000| Untracked 
|  32|0x0000000085a00000, 0x0000000085b00000, 0x0000000085b00000|100%| O|  |TAMS 0x0000000085b00000| PB 0x0000000085a00000| Untracked 
|  33|0x0000000085b00000, 0x0000000085c00000, 0x0000000085c00000|100%| O|  |TAMS 0x0000000085c00000| PB 0x0000000085b00000| Untracked 
|  34|0x0000000085c00000, 0x0000000085d00000, 0x0000000085d00000|100%| O|  |TAMS 0x0000000085d00000| PB 0x0000000085c00000| Untracked 
|  35|0x0000000085d00000, 0x0000000085e00000, 0x0000000085e00000|100%| O|  |TAMS 0x0000000085e00000| PB 0x0000000085d00000| Untracked 
|  36|0x0000000085e00000, 0x0000000085f00000, 0x0000000085f00000|100%| O|  |TAMS 0x0000000085f00000| PB 0x0000000085e00000| Untracked 
|  37|0x0000000085f00000, 0x0000000086000000, 0x0000000086000000|100%| O|  |TAMS 0x0000000086000000| PB 0x0000000085f00000| Untracked 
|  38|0x0000000086000000, 0x0000000086100000, 0x0000000086100000|100%| O|  |TAMS 0x0000000086100000| PB 0x0000000086000000| Untracked 
|  39|0x0000000086100000, 0x0000000086200000, 0x0000000086200000|100%| O|  |TAMS 0x0000000086200000| PB 0x0000000086100000| Untracked 
|  40|0x0000000086200000, 0x0000000086300000, 0x0000000086300000|100%| O|  |TAMS 0x0000000086300000| PB 0x0000000086200000| Untracked 
|  41|0x0000000086300000, 0x0000000086400000, 0x0000000086400000|100%| O|  |TAMS 0x0000000086400000| PB 0x0000000086300000| Untracked 
|  42|0x0000000086400000, 0x0000000086500000, 0x0000000086500000|100%| O|  |TAMS 0x0000000086500000| PB 0x0000000086400000| Untracked 
|  43|0x0000000086500000, 0x0000000086600000, 0x0000000086600000|100%| O|  |TAMS 0x0000000086600000| PB 0x0000000086500000| Untracked 
|  44|0x0000000086600000, 0x0000000086700000, 0x0000000086700000|100%| O|  |TAMS 0x0000000086700000| PB 0x0000000086600000| Untracked 
|  45|0x0000000086700000, 0x0000000086800000, 0x0000000086800000|100%| O|  |TAMS 0x0000000086800000| PB 0x0000000086700000| Untracked 
|  46|0x0000000086800000, 0x0000000086900000, 0x0000000086900000|100%| O|  |TAMS 0x0000000086900000| PB 0x0000000086800000| Untracked 
|  47|0x0000000086900000, 0x0000000086a00000, 0x0000000086a00000|100%| O|  |TAMS 0x0000000086a00000| PB 0x0000000086900000| Untracked 
|  48|0x0000000086a00000, 0x0000000086b00000, 0x0000000086b00000|100%| O|  |TAMS 0x0000000086b00000| PB 0x0000000086a00000| Untracked 
|  49|0x0000000086b00000, 0x0000000086c00000, 0x0000000086c00000|100%| O|  |TAMS 0x0000000086c00000| PB 0x0000000086b00000| Untracked 
|  50|0x0000000086c00000, 0x0000000086d00000, 0x0000000086d00000|100%| O|  |TAMS 0x0000000086d00000| PB 0x0000000086c00000| Untracked 
|  51|0x0000000086d00000, 0x0000000086e00000, 0x0000000086e00000|100%| O|  |TAMS 0x0000000086e00000| PB 0x0000000086d00000| Untracked 
|  52|0x0000000086e00000, 0x0000000086f00000, 0x0000000086f00000|100%| O|  |TAMS 0x0000000086f00000| PB 0x0000000086e00000| Untracked 
|  53|0x0000000086f00000, 0x0000000087000000, 0x0000000087000000|100%| O|  |TAMS 0x0000000087000000| PB 0x0000000086f00000| Untracked 
|  54|0x0000000087000000, 0x0000000087100000, 0x0000000087100000|100%| O|  |TAMS 0x0000000087100000| PB 0x0000000087000000| Untracked 
|  55|0x0000000087100000, 0x0000000087200000, 0x0000000087200000|100%| O|  |TAMS 0x0000000087100000| PB 0x0000000087100000| Untracked 
|  56|0x0000000087200000, 0x0000000087300000, 0x0000000087300000|100%| O|  |TAMS 0x0000000087300000| PB 0x0000000087200000| Untracked 
|  57|0x0000000087300000, 0x0000000087400000, 0x0000000087400000|100%| O|  |TAMS 0x0000000087400000| PB 0x0000000087300000| Untracked 
|  58|0x0000000087400000, 0x0000000087500000, 0x0000000087500000|100%| O|  |TAMS 0x0000000087500000| PB 0x0000000087400000| Untracked 
|  59|0x0000000087500000, 0x0000000087600000, 0x0000000087600000|100%| O|  |TAMS 0x0000000087600000| PB 0x0000000087500000| Untracked 
|  60|0x0000000087600000, 0x0000000087700000, 0x0000000087700000|100%| O|  |TAMS 0x0000000087700000| PB 0x0000000087600000| Untracked 
|  61|0x0000000087700000, 0x0000000087800000, 0x0000000087800000|100%| O|  |TAMS 0x0000000087800000| PB 0x0000000087700000| Untracked 
|  62|0x0000000087800000, 0x0000000087900000, 0x0000000087900000|100%| O|  |TAMS 0x0000000087900000| PB 0x0000000087800000| Untracked 
|  63|0x0000000087900000, 0x0000000087a00000, 0x0000000087a00000|100%| O|  |TAMS 0x0000000087a00000| PB 0x0000000087900000| Untracked 
|  64|0x0000000087a00000, 0x0000000087b00000, 0x0000000087b00000|100%| O|  |TAMS 0x0000000087b00000| PB 0x0000000087a00000| Untracked 
|  65|0x0000000087b00000, 0x0000000087c00000, 0x0000000087c00000|100%| O|  |TAMS 0x0000000087c00000| PB 0x0000000087b00000| Untracked 
|  66|0x0000000087c00000, 0x0000000087d00000, 0x0000000087d00000|100%| O|  |TAMS 0x0000000087d00000| PB 0x0000000087c00000| Untracked 
|  67|0x0000000087d00000, 0x0000000087e00000, 0x0000000087e00000|100%| O|  |TAMS 0x0000000087e00000| PB 0x0000000087d00000| Untracked 
|  68|0x0000000087e00000, 0x0000000087f00000, 0x0000000087f00000|100%| O|  |TAMS 0x0000000087f00000| PB 0x0000000087e00000| Untracked 
|  69|0x0000000087f00000, 0x0000000088000000, 0x0000000088000000|100%| O|  |TAMS 0x0000000088000000| PB 0x0000000087f00000| Untracked 
|  70|0x0000000088000000, 0x0000000088100000, 0x0000000088100000|100%| O|  |TAMS 0x0000000088100000| PB 0x0000000088000000| Untracked 
|  71|0x0000000088100000, 0x0000000088200000, 0x0000000088200000|100%| O|  |TAMS 0x0000000088200000| PB 0x0000000088100000| Untracked 
|  72|0x0000000088200000, 0x0000000088300000, 0x0000000088300000|100%| O|  |TAMS 0x0000000088300000| PB 0x0000000088200000| Untracked 
|  73|0x0000000088300000, 0x0000000088400000, 0x0000000088400000|100%| O|  |TAMS 0x0000000088400000| PB 0x0000000088300000| Untracked 
|  74|0x0000000088400000, 0x0000000088500000, 0x0000000088500000|100%| O|  |TAMS 0x0000000088500000| PB 0x0000000088400000| Untracked 
|  75|0x0000000088500000, 0x0000000088600000, 0x0000000088600000|100%| O|  |TAMS 0x0000000088600000| PB 0x0000000088500000| Untracked 
|  76|0x0000000088600000, 0x0000000088700000, 0x0000000088700000|100%| O|  |TAMS 0x0000000088700000| PB 0x0000000088600000| Untracked 
|  77|0x0000000088700000, 0x0000000088800000, 0x0000000088800000|100%| O|  |TAMS 0x0000000088780000| PB 0x0000000088700000| Untracked 
|  78|0x0000000088800000, 0x0000000088900000, 0x0000000088900000|100%| O|  |TAMS 0x0000000088800000| PB 0x0000000088800000| Untracked 
|  79|0x0000000088900000, 0x000000008896ff08, 0x0000000088a00000| 43%| O|  |TAMS 0x0000000088900000| PB 0x0000000088900000| Untracked 
|  80|0x0000000088a00000, 0x0000000088a00000, 0x0000000088b00000|  0%| F|  |TAMS 0x0000000088a00000| PB 0x0000000088a00000| Untracked 
|  81|0x0000000088b00000, 0x0000000088b00000, 0x0000000088c00000|  0%| F|  |TAMS 0x0000000088b00000| PB 0x0000000088b00000| Untracked 
|  82|0x0000000088c00000, 0x0000000088c00000, 0x0000000088d00000|  0%| F|  |TAMS 0x0000000088c00000| PB 0x0000000088c00000| Untracked 
|  83|0x0000000088d00000, 0x0000000088d00000, 0x0000000088e00000|  0%| F|  |TAMS 0x0000000088d00000| PB 0x0000000088d00000| Untracked 
|  84|0x0000000088e00000, 0x0000000088e00000, 0x0000000088f00000|  0%| F|  |TAMS 0x0000000088e00000| PB 0x0000000088e00000| Untracked 
|  85|0x0000000088f00000, 0x0000000088f00000, 0x0000000089000000|  0%| F|  |TAMS 0x0000000088f00000| PB 0x0000000088f00000| Untracked 
|  86|0x0000000089000000, 0x0000000089000000, 0x0000000089100000|  0%| F|  |TAMS 0x0000000089000000| PB 0x0000000089000000| Untracked 
|  87|0x0000000089100000, 0x0000000089100000, 0x0000000089200000|  0%| F|  |TAMS 0x0000000089100000| PB 0x0000000089100000| Untracked 
|  88|0x0000000089200000, 0x0000000089200000, 0x0000000089300000|  0%| F|  |TAMS 0x0000000089200000| PB 0x0000000089200000| Untracked 
|  89|0x0000000089300000, 0x0000000089300000, 0x0000000089400000|  0%| F|  |TAMS 0x0000000089300000| PB 0x0000000089300000| Untracked 
|  90|0x0000000089400000, 0x00000000894f56a0, 0x0000000089500000| 95%| S|CS|TAMS 0x0000000089400000| PB 0x0000000089400000| Complete 
|  91|0x0000000089500000, 0x0000000089600000, 0x0000000089600000|100%| S|CS|TAMS 0x0000000089500000| PB 0x0000000089500000| Complete 
|  92|0x0000000089600000, 0x0000000089700000, 0x0000000089700000|100%| S|CS|TAMS 0x0000000089600000| PB 0x0000000089600000| Complete 
|  93|0x0000000089700000, 0x0000000089700000, 0x0000000089800000|  0%| F|  |TAMS 0x0000000089700000| PB 0x0000000089700000| Untracked 
|  94|0x0000000089800000, 0x0000000089800000, 0x0000000089900000|  0%| F|  |TAMS 0x0000000089800000| PB 0x0000000089800000| Untracked 
|  95|0x0000000089900000, 0x0000000089900000, 0x0000000089a00000|  0%| F|  |TAMS 0x0000000089900000| PB 0x0000000089900000| Untracked 
|  96|0x0000000089a00000, 0x0000000089a00000, 0x0000000089b00000|  0%| F|  |TAMS 0x0000000089a00000| PB 0x0000000089a00000| Untracked 
|  97|0x0000000089b00000, 0x0000000089c00000, 0x0000000089c00000|100%| S|CS|TAMS 0x0000000089b00000| PB 0x0000000089b00000| Complete 
|  98|0x0000000089c00000, 0x0000000089c00000, 0x0000000089d00000|  0%| F|  |TAMS 0x0000000089c00000| PB 0x0000000089c00000| Untracked 
|  99|0x0000000089d00000, 0x0000000089d00000, 0x0000000089e00000|  0%| F|  |TAMS 0x0000000089d00000| PB 0x0000000089d00000| Untracked 
| 100|0x0000000089e00000, 0x0000000089e00000, 0x0000000089f00000|  0%| F|  |TAMS 0x0000000089e00000| PB 0x0000000089e00000| Untracked 
| 101|0x0000000089f00000, 0x0000000089f00000, 0x000000008a000000|  0%| F|  |TAMS 0x0000000089f00000| PB 0x0000000089f00000| Untracked 
| 102|0x000000008a000000, 0x000000008a000000, 0x000000008a100000|  0%| F|  |TAMS 0x000000008a000000| PB 0x000000008a000000| Untracked 
| 103|0x000000008a100000, 0x000000008a100000, 0x000000008a200000|  0%| F|  |TAMS 0x000000008a100000| PB 0x000000008a100000| Untracked 
| 104|0x000000008a200000, 0x000000008a200000, 0x000000008a300000|  0%| F|  |TAMS 0x000000008a200000| PB 0x000000008a200000| Untracked 
| 105|0x000000008a300000, 0x000000008a300000, 0x000000008a400000|  0%| F|  |TAMS 0x000000008a300000| PB 0x000000008a300000| Untracked 
| 106|0x000000008a400000, 0x000000008a400000, 0x000000008a500000|  0%| F|  |TAMS 0x000000008a400000| PB 0x000000008a400000| Untracked 
| 107|0x000000008a500000, 0x000000008a500000, 0x000000008a600000|  0%| F|  |TAMS 0x000000008a500000| PB 0x000000008a500000| Untracked 
| 108|0x000000008a600000, 0x000000008a600000, 0x000000008a700000|  0%| F|  |TAMS 0x000000008a600000| PB 0x000000008a600000| Untracked 
| 109|0x000000008a700000, 0x000000008a700000, 0x000000008a800000|  0%| F|  |TAMS 0x000000008a700000| PB 0x000000008a700000| Untracked 
| 110|0x000000008a800000, 0x000000008a800000, 0x000000008a900000|  0%| F|  |TAMS 0x000000008a800000| PB 0x000000008a800000| Untracked 
| 111|0x000000008a900000, 0x000000008a900000, 0x000000008aa00000|  0%| F|  |TAMS 0x000000008a900000| PB 0x000000008a900000| Untracked 
| 112|0x000000008aa00000, 0x000000008aa00000, 0x000000008ab00000|  0%| F|  |TAMS 0x000000008aa00000| PB 0x000000008aa00000| Untracked 
| 113|0x000000008ab00000, 0x000000008ab00000, 0x000000008ac00000|  0%| F|  |TAMS 0x000000008ab00000| PB 0x000000008ab00000| Untracked 
| 114|0x000000008ac00000, 0x000000008ac00000, 0x000000008ad00000|  0%| F|  |TAMS 0x000000008ac00000| PB 0x000000008ac00000| Untracked 
| 115|0x000000008ad00000, 0x000000008ad00000, 0x000000008ae00000|  0%| F|  |TAMS 0x000000008ad00000| PB 0x000000008ad00000| Untracked 
| 116|0x000000008ae00000, 0x000000008ae00000, 0x000000008af00000|  0%| F|  |TAMS 0x000000008ae00000| PB 0x000000008ae00000| Untracked 
| 117|0x000000008af00000, 0x000000008af00000, 0x000000008b000000|  0%| F|  |TAMS 0x000000008af00000| PB 0x000000008af00000| Untracked 
| 118|0x000000008b000000, 0x000000008b000000, 0x000000008b100000|  0%| F|  |TAMS 0x000000008b000000| PB 0x000000008b000000| Untracked 
| 119|0x000000008b100000, 0x000000008b100000, 0x000000008b200000|  0%| F|  |TAMS 0x000000008b100000| PB 0x000000008b100000| Untracked 
| 120|0x000000008b200000, 0x000000008b200000, 0x000000008b300000|  0%| F|  |TAMS 0x000000008b200000| PB 0x000000008b200000| Untracked 
| 121|0x000000008b300000, 0x000000008b300000, 0x000000008b400000|  0%| F|  |TAMS 0x000000008b300000| PB 0x000000008b300000| Untracked 
| 122|0x000000008b400000, 0x000000008b400000, 0x000000008b500000|  0%| F|  |TAMS 0x000000008b400000| PB 0x000000008b400000| Untracked 
| 123|0x000000008b500000, 0x000000008b500000, 0x000000008b600000|  0%| F|  |TAMS 0x000000008b500000| PB 0x000000008b500000| Untracked 
| 124|0x000000008b600000, 0x000000008b600000, 0x000000008b700000|  0%| F|  |TAMS 0x000000008b600000| PB 0x000000008b600000| Untracked 
| 125|0x000000008b700000, 0x000000008b700000, 0x000000008b800000|  0%| F|  |TAMS 0x000000008b700000| PB 0x000000008b700000| Untracked 
| 126|0x000000008b800000, 0x000000008b800000, 0x000000008b900000|  0%| F|  |TAMS 0x000000008b800000| PB 0x000000008b800000| Untracked 
| 127|0x000000008b900000, 0x000000008b900000, 0x000000008ba00000|  0%| F|  |TAMS 0x000000008b900000| PB 0x000000008b900000| Untracked 
| 128|0x000000008ba00000, 0x000000008ba00000, 0x000000008bb00000|  0%| F|  |TAMS 0x000000008ba00000| PB 0x000000008ba00000| Untracked 
| 129|0x000000008bb00000, 0x000000008bb00000, 0x000000008bc00000|  0%| F|  |TAMS 0x000000008bb00000| PB 0x000000008bb00000| Untracked 

Card table byte_map: [0x0000027a75f40000,0x0000027a76330000] _byte_map_base: 0x0000027a75b23000

Marking Bits: (CMBitMap*) 0x0000027a71fae3a0
 Bits: [0x0000027a76330000, 0x0000027a78248000)

Polling page: 0x0000027a70760000

Metaspace:

Usage:
  Non-class:     64.26 MB used.
      Class:      7.66 MB used.
       Both:     71.92 MB used.

Virtual space:
  Non-class space:      128.00 MB reserved,      64.50 MB ( 50%) committed,  2 nodes.
      Class space:        1.00 GB reserved,       7.81 MB ( <1%) committed,  1 nodes.
             Both:        1.12 GB reserved,      72.31 MB (  6%) committed. 

Chunk freelists:
   Non-Class:  15.36 MB
       Class:  8.16 MB
        Both:  23.52 MB

MaxMetaspaceSize: unlimited
CompressedClassSpaceSize: 1.00 GB
Initial GC threshold: 21.00 MB
Current GC threshold: 105.56 MB
CDS: off
 - commit_granule_bytes: 65536.
 - commit_granule_words: 8192.
 - virtual_space_node_default_size: 8388608.
 - enlarge_chunks_in_place: 1.
 - use_allocation_guard: 0.


Internal statistics:

num_allocs_failed_limit: 6.
num_arena_births: 356.
num_arena_deaths: 0.
num_vsnodes_births: 3.
num_vsnodes_deaths: 0.
num_space_committed: 1156.
num_space_uncommitted: 0.
num_chunks_returned_to_freelist: 6.
num_chunks_taken_from_freelist: 2621.
num_chunk_merges: 6.
num_chunk_splits: 2196.
num_chunks_enlarged: 2006.
num_inconsistent_stats: 0.

CodeHeap 'non-profiled nmethods': size=120000Kb used=5281Kb max_used=5281Kb free=114718Kb
 bounds [0x0000027a07ad0000, 0x0000027a08000000, 0x0000027a0f000000]
CodeHeap 'profiled nmethods': size=120000Kb used=24699Kb max_used=24699Kb free=95300Kb
 bounds [0x0000027a00000000, 0x0000027a01820000, 0x0000027a07530000]
CodeHeap 'non-nmethods': size=5760Kb used=1772Kb max_used=1854Kb free=3988Kb
 bounds [0x0000027a07530000, 0x0000027a077a0000, 0x0000027a07ad0000]
 total_blobs=8930 nmethods=8145 adapters=686
 compilation: enabled
              stopped_count=0, restarted_count=0
 full_count=0

Compilation events (20 events):
Event: 8.471 Thread 0x0000027a7f080fa0 8811       3       org.jetbrains.kotlin.backend.common.lower.LocalDeclarationsLowering$LocalDeclarationsTransformer$collectLocalDeclarations$1::visitElement (13 bytes)
Event: 8.472 Thread 0x0000027a7f080fa0 nmethod 8811 0x0000027a01818e10 code [0x0000027a018190c0, 0x0000027a01819cc8]
Event: 8.472 Thread 0x0000027a7f080fa0 8812       3       org.jetbrains.kotlin.backend.common.lower.LocalDeclarationsLowering$LocalDeclarationsTransformer$collectLocalDeclarations$1::visitElement (24 bytes)
Event: 8.473 Thread 0x0000027a7f080fa0 nmethod 8812 0x0000027a0181a110 code [0x0000027a0181a3c0, 0x0000027a0181ae78]
Event: 8.498 Thread 0x0000027a7f080fa0 8813       3       org.jetbrains.kotlin.ir.symbols.impl.IrValueParameterSymbolImpl::getOwner (8 bytes)
Event: 8.498 Thread 0x0000027a7f080fa0 nmethod 8813 0x0000027a0181b290 code [0x0000027a0181b440, 0x0000027a0181b670]
Event: 8.499 Thread 0x0000027a102ade70 nmethod 8801 0x0000027a07ff6690 code [0x0000027a07ff6920, 0x0000027a07ff7d08]
Event: 8.499 Thread 0x0000027a102ade70 8803       4       org.jetbrains.kotlin.fir.backend.Fir2IrScopeCache::clear (37 bytes)
Event: 8.502 Thread 0x0000027a7f080fa0 8814       3       java.lang.Character::getType (9 bytes)
Event: 8.502 Thread 0x0000027a7f080fa0 nmethod 8814 0x0000027a0181b710 code [0x0000027a0181b8c0, 0x0000027a0181bab0]
Event: 8.502 Thread 0x0000027a7f080fa0 8815       3       java.lang.CharacterDataLatin1::getType (11 bytes)
Event: 8.503 Thread 0x0000027a7f080fa0 nmethod 8815 0x0000027a0181bb90 code [0x0000027a0181bd40, 0x0000027a0181bef0]
Event: 8.507 Thread 0x0000027a7f080fa0 8816       3       org.jetbrains.kotlin.backend.jvm.ir.IrInlineReferenceLocator::visitGetValue (13 bytes)
Event: 8.508 Thread 0x0000027a7f080fa0 nmethod 8816 0x0000027a0181c010 code [0x0000027a0181c260, 0x0000027a0181cb18]
Event: 8.508 Thread 0x0000027a7f080fa0 8817       3       org.jetbrains.kotlin.backend.jvm.ir.IrInlineReferenceLocator::visitGetValue (8 bytes)
Event: 8.508 Thread 0x0000027a7f080fa0 nmethod 8817 0x0000027a0181ce10 code [0x0000027a0181d040, 0x0000027a0181d720]
Event: 8.508 Thread 0x0000027a7f080fa0 8820       3       org.jetbrains.kotlin.ir.visitors.IrElementTransformerVoid::visitBlock (16 bytes)
Event: 8.509 Thread 0x0000027a7f080fa0 nmethod 8820 0x0000027a0181d990 code [0x0000027a0181dbc0, 0x0000027a0181e218]
Event: 8.509 Thread 0x0000027a7f080fa0 8821       3       org.jetbrains.kotlin.ir.visitors.IrElementTransformerVoid::visitContainerExpression (16 bytes)
Event: 8.509 Thread 0x0000027a7f080fa0 nmethod 8821 0x0000027a0181e490 code [0x0000027a0181e6c0, 0x0000027a0181ed18]

GC Heap History (20 events):
Event: 3.494 GC heap after
{Heap after GC invocations=16 (full 0):
 garbage-first heap   total 52224K, used 35784K [0x0000000083a00000, 0x0000000100000000)
  region size 1024K, 2 young (2048K), 2 survivors (2048K)
 Metaspace       used 48606K, committed 48896K, reserved 1114112K
  class space    used 5578K, committed 5760K, reserved 1048576K
}
Event: 3.630 GC heap before
{Heap before GC invocations=16 (full 0):
 garbage-first heap   total 52224K, used 42952K [0x0000000083a00000, 0x0000000100000000)
  region size 1024K, 10 young (10240K), 2 survivors (2048K)
 Metaspace       used 50327K, committed 50624K, reserved 1114112K
  class space    used 5751K, committed 5888K, reserved 1048576K
}
Event: 3.637 GC heap after
{Heap after GC invocations=17 (full 0):
 garbage-first heap   total 52224K, used 36826K [0x0000000083a00000, 0x0000000100000000)
  region size 1024K, 1 young (1024K), 1 survivors (1024K)
 Metaspace       used 50327K, committed 50624K, reserved 1114112K
  class space    used 5751K, committed 5888K, reserved 1048576K
}
Event: 3.723 GC heap before
{Heap before GC invocations=18 (full 0):
 garbage-first heap   total 61440K, used 45018K [0x0000000083a00000, 0x0000000100000000)
  region size 1024K, 9 young (9216K), 1 survivors (1024K)
 Metaspace       used 50394K, committed 50688K, reserved 1114112K
  class space    used 5753K, committed 5888K, reserved 1048576K
}
Event: 3.730 GC heap after
{Heap after GC invocations=19 (full 0):
 garbage-first heap   total 61440K, used 39634K [0x0000000083a00000, 0x0000000100000000)
  region size 1024K, 2 young (2048K), 2 survivors (2048K)
 Metaspace       used 50394K, committed 50688K, reserved 1114112K
  class space    used 5753K, committed 5888K, reserved 1048576K
}
Event: 4.048 GC heap before
{Heap before GC invocations=19 (full 0):
 garbage-first heap   total 61440K, used 49874K [0x0000000083a00000, 0x0000000100000000)
  region size 1024K, 13 young (13312K), 2 survivors (2048K)
 Metaspace       used 52402K, committed 52736K, reserved 1114112K
  class space    used 6000K, committed 6144K, reserved 1048576K
}
Event: 4.058 GC heap after
{Heap after GC invocations=20 (full 0):
 garbage-first heap   total 61440K, used 41160K [0x0000000083a00000, 0x0000000100000000)
  region size 1024K, 2 young (2048K), 2 survivors (2048K)
 Metaspace       used 52402K, committed 52736K, reserved 1114112K
  class space    used 6000K, committed 6144K, reserved 1048576K
}
Event: 4.285 GC heap before
{Heap before GC invocations=20 (full 0):
 garbage-first heap   total 61440K, used 52424K [0x0000000083a00000, 0x0000000100000000)
  region size 1024K, 13 young (13312K), 2 survivors (2048K)
 Metaspace       used 53299K, committed 53632K, reserved 1114112K
  class space    used 6108K, committed 6272K, reserved 1048576K
}
Event: 4.294 GC heap after
{Heap after GC invocations=21 (full 0):
 garbage-first heap   total 133120K, used 44032K [0x0000000083a00000, 0x0000000100000000)
  region size 1024K, 2 young (2048K), 2 survivors (2048K)
 Metaspace       used 53299K, committed 53632K, reserved 1114112K
  class space    used 6108K, committed 6272K, reserved 1048576K
}
Event: 5.200 GC heap before
{Heap before GC invocations=22 (full 0):
 garbage-first heap   total 133120K, used 95232K [0x0000000083a00000, 0x0000000100000000)
  region size 1024K, 53 young (54272K), 2 survivors (2048K)
 Metaspace       used 57383K, committed 57664K, reserved 1114112K
  class space    used 6461K, committed 6592K, reserved 1048576K
}
Event: 5.225 GC heap after
{Heap after GC invocations=23 (full 0):
 garbage-first heap   total 133120K, used 54207K [0x0000000083a00000, 0x0000000100000000)
  region size 1024K, 7 young (7168K), 7 survivors (7168K)
 Metaspace       used 57383K, committed 57664K, reserved 1114112K
  class space    used 6461K, committed 6592K, reserved 1048576K
}
Event: 5.762 GC heap before
{Heap before GC invocations=23 (full 0):
 garbage-first heap   total 133120K, used 98239K [0x0000000083a00000, 0x0000000100000000)
  region size 1024K, 50 young (51200K), 7 survivors (7168K)
 Metaspace       used 57811K, committed 58112K, reserved 1114112K
  class space    used 6463K, committed 6592K, reserved 1048576K
}
Event: 5.786 GC heap after
{Heap after GC invocations=24 (full 0):
 garbage-first heap   total 133120K, used 64000K [0x0000000083a00000, 0x0000000100000000)
  region size 1024K, 7 young (7168K), 7 survivors (7168K)
 Metaspace       used 57811K, committed 58112K, reserved 1114112K
  class space    used 6463K, committed 6592K, reserved 1048576K
}
Event: 6.389 GC heap before
{Heap before GC invocations=24 (full 0):
 garbage-first heap   total 133120K, used 102912K [0x0000000083a00000, 0x0000000100000000)
  region size 1024K, 46 young (47104K), 7 survivors (7168K)
 Metaspace       used 64263K, committed 64576K, reserved 1114112K
  class space    used 7066K, committed 7232K, reserved 1048576K
}
Event: 6.402 GC heap after
{Heap after GC invocations=25 (full 0):
 garbage-first heap   total 133120K, used 70600K [0x0000000083a00000, 0x0000000100000000)
  region size 1024K, 6 young (6144K), 6 survivors (6144K)
 Metaspace       used 64263K, committed 64576K, reserved 1114112K
  class space    used 7066K, committed 7232K, reserved 1048576K
}
Event: 6.917 GC heap before
{Heap before GC invocations=26 (full 0):
 garbage-first heap   total 133120K, used 108488K [0x0000000083a00000, 0x0000000100000000)
  region size 1024K, 44 young (45056K), 6 survivors (6144K)
 Metaspace       used 64928K, committed 65280K, reserved 1114112K
  class space    used 7088K, committed 7232K, reserved 1048576K
}
Event: 6.934 GC heap after
{Heap after GC invocations=27 (full 0):
 garbage-first heap   total 133120K, used 78325K [0x0000000083a00000, 0x0000000100000000)
  region size 1024K, 6 young (6144K), 6 survivors (6144K)
 Metaspace       used 64928K, committed 65280K, reserved 1114112K
  class space    used 7088K, committed 7232K, reserved 1048576K
}
Event: 7.441 GC heap before
{Heap before GC invocations=27 (full 0):
 garbage-first heap   total 133120K, used 112117K [0x0000000083a00000, 0x0000000100000000)
  region size 1024K, 39 young (39936K), 6 survivors (6144K)
 Metaspace       used 68478K, committed 68800K, reserved 1114112K
  class space    used 7401K, committed 7552K, reserved 1048576K
}
Event: 7.451 GC heap after
{Heap after GC invocations=28 (full 0):
 garbage-first heap   total 133120K, used 81810K [0x0000000083a00000, 0x0000000100000000)
  region size 1024K, 4 young (4096K), 4 survivors (4096K)
 Metaspace       used 68478K, committed 68800K, reserved 1114112K
  class space    used 7401K, committed 7552K, reserved 1048576K
}
Event: 8.510 GC heap before
{Heap before GC invocations=28 (full 0):
 garbage-first heap   total 133120K, used 114578K [0x0000000083a00000, 0x0000000100000000)
  region size 1024K, 36 young (36864K), 4 survivors (4096K)
 Metaspace       used 73648K, committed 74048K, reserved 1179648K
  class space    used 7847K, committed 8000K, reserved 1048576K
}

Dll operation events (3 events):
Event: 0.008 Loaded shared library C:\Program Files\Android\Android Studio\jbr\bin\java.dll
Event: 0.051 Loaded shared library C:\Program Files\Android\Android Studio\jbr\bin\zip.dll
Event: 1.636 Loaded shared library C:\Program Files\Android\Android Studio\jbr\bin\verify.dll

Deoptimization events (20 events):
Event: 8.502 Thread 0x0000027a704906e0 Uncommon trap: trap_request=0xffffffde fr.pc=0x0000027a07bab378 relative=0x00000000000000d8
Event: 8.502 Thread 0x0000027a704906e0 Uncommon trap: reason=class_check action=maybe_recompile pc=0x0000027a07bab378 method=java.lang.Character.codePointAt(Ljava/lang/CharSequence;I)I @ 2 c2
Event: 8.502 Thread 0x0000027a704906e0 DEOPT PACKING pc=0x0000027a07bab378 sp=0x000000dbd94fc940
Event: 8.502 Thread 0x0000027a704906e0 DEOPT UNPACKING pc=0x0000027a075846a2 sp=0x000000dbd94fc8d8 mode 2
Event: 8.502 Thread 0x0000027a704906e0 Uncommon trap: trap_request=0xffffffde fr.pc=0x0000027a07f69154 relative=0x0000000000000574
Event: 8.502 Thread 0x0000027a704906e0 Uncommon trap: reason=class_check action=maybe_recompile pc=0x0000027a07f69154 method=kotlin.text.StringsKt__AppendableKt.appendElement(Ljava/lang/Appendable;Ljava/lang/Object;Lkotlin/jvm/functions/Function1;)V @ 15 c2
Event: 8.502 Thread 0x0000027a704906e0 DEOPT PACKING pc=0x0000027a07f69154 sp=0x000000dbd94fcf00
Event: 8.502 Thread 0x0000027a704906e0 DEOPT UNPACKING pc=0x0000027a075846a2 sp=0x000000dbd94fcec8 mode 2
Event: 8.502 Thread 0x0000027a704906e0 Uncommon trap: trap_request=0xffffffde fr.pc=0x0000027a07e6a84c relative=0x000000000000050c
Event: 8.502 Thread 0x0000027a704906e0 Uncommon trap: reason=class_check action=maybe_recompile pc=0x0000027a07e6a84c method=java.util.regex.Matcher.search(I)Z @ 121 c2
Event: 8.502 Thread 0x0000027a704906e0 DEOPT PACKING pc=0x0000027a07e6a84c sp=0x000000dbd94fcb00
Event: 8.502 Thread 0x0000027a704906e0 DEOPT UNPACKING pc=0x0000027a075846a2 sp=0x000000dbd94fca48 mode 2
Event: 8.502 Thread 0x0000027a704906e0 Uncommon trap: trap_request=0xffffffde fr.pc=0x0000027a07e6a84c relative=0x000000000000050c
Event: 8.502 Thread 0x0000027a704906e0 Uncommon trap: reason=class_check action=maybe_recompile pc=0x0000027a07e6a84c method=java.util.regex.Matcher.search(I)Z @ 121 c2
Event: 8.502 Thread 0x0000027a704906e0 DEOPT PACKING pc=0x0000027a07e6a84c sp=0x000000dbd94fcb00
Event: 8.502 Thread 0x0000027a704906e0 DEOPT UNPACKING pc=0x0000027a075846a2 sp=0x000000dbd94fca48 mode 2
Event: 8.502 Thread 0x0000027a704906e0 Uncommon trap: trap_request=0xffffffde fr.pc=0x0000027a07e6a84c relative=0x000000000000050c
Event: 8.502 Thread 0x0000027a704906e0 Uncommon trap: reason=class_check action=maybe_recompile pc=0x0000027a07e6a84c method=java.util.regex.Matcher.search(I)Z @ 121 c2
Event: 8.502 Thread 0x0000027a704906e0 DEOPT PACKING pc=0x0000027a07e6a84c sp=0x000000dbd94fcb00
Event: 8.502 Thread 0x0000027a704906e0 DEOPT UNPACKING pc=0x0000027a075846a2 sp=0x000000dbd94fca48 mode 2

Classes loaded (20 events):
Event: 5.901 Loading class jdk/internal/loader/BuiltinClassLoader$1
Event: 5.901 Loading class jdk/internal/loader/BuiltinClassLoader$1 done
Event: 5.901 Loading class java/lang/CompoundEnumeration
Event: 5.901 Loading class java/lang/CompoundEnumeration done
Event: 5.901 Loading class jdk/internal/loader/URLClassPath$1
Event: 5.901 Loading class jdk/internal/loader/URLClassPath$1 done
Event: 5.902 Loading class java/util/ServiceLoader$1
Event: 5.902 Loading class java/util/ServiceLoader$1 done
Event: 5.902 Loading class java/util/ServiceLoader$ProviderImpl
Event: 5.903 Loading class java/util/ServiceLoader$Provider
Event: 5.903 Loading class java/util/ServiceLoader$Provider done
Event: 5.903 Loading class java/util/ServiceLoader$ProviderImpl done
Event: 6.104 Loading class java/lang/Byte$ByteCache
Event: 6.104 Loading class java/lang/Byte$ByteCache done
Event: 6.952 Loading class java/lang/Short$ShortCache
Event: 6.953 Loading class java/lang/Short$ShortCache done
Event: 7.394 Loading class java/util/Collections$SynchronizedMap
Event: 7.395 Loading class java/util/Collections$SynchronizedMap done
Event: 7.729 Loading class java/util/regex/Pattern$StartS
Event: 7.729 Loading class java/util/regex/Pattern$StartS done

Classes unloaded (0 events):
No events

Classes redefined (0 events):
No events

Internal exceptions (20 events):
Event: 4.149 Thread 0x0000027a704906e0 Exception <a 'java/lang/NoSuchMethodError'{0x00000000872dbff0}: 'java.lang.Object java.lang.invoke.Invokers$Holder.linkToTargetMethod(int, java.lang.Object, java.lang.Object, java.lang.Object, java.lang.Object)'> (0x00000000872dbff0) 
thrown [s\src\hotspot\share\interpreter\linkResolver.cpp, line 784]
Event: 4.189 Thread 0x0000027a704906e0 Exception <a 'java/lang/NoSuchMethodError'{0x00000000870f80f8}: 'java.lang.Object java.lang.invoke.DirectMethodHandle$Holder.invokeStatic(java.lang.Object, int, java.lang.Object, java.lang.Object)'> (0x00000000870f80f8) 
thrown [s\src\hotspot\share\interpreter\linkResolver.cpp, line 784]
Event: 4.866 Thread 0x0000027a704906e0 Implicit null exception at 0x0000027a07ba2963 to 0x0000027a07ba29f9
Event: 4.908 Thread 0x0000027a704906e0 Implicit null exception at 0x0000027a07ca37e9 to 0x0000027a07ca3964
Event: 5.030 Thread 0x0000027a704906e0 Exception <a 'java/lang/NoSuchMethodError'{0x000000008964ba70}: 'java.lang.Object java.lang.invoke.DirectMethodHandle$Holder.newInvokeSpecial(java.lang.Object, java.lang.Object, int, java.lang.Object, java.lang.Object, java.lang.Object)'> (0x000000008964ba70) 
thrown [s\src\hotspot\share\interpreter\linkResolver.cpp, line 784]
Event: 5.030 Thread 0x0000027a704906e0 Exception <a 'java/lang/NoSuchMethodError'{0x000000008964fb80}: 'java.lang.Object java.lang.invoke.DirectMethodHandle$Holder.invokeSpecial(java.lang.Object, java.lang.Object, java.lang.Object, int, java.lang.Object, java.lang.Object, java.lang.Object)'> (0x000000008964fb80) 
thrown [s\src\hotspot\share\interpreter\linkResolver.cpp, line 784]
Event: 5.031 Thread 0x0000027a704906e0 Exception <a 'java/lang/NoSuchMethodError'{0x00000000896531f8}: 'java.lang.Object java.lang.invoke.Invokers$Holder.linkToTargetMethod(java.lang.Object, int, java.lang.Object, java.lang.Object, java.lang.Object, java.lang.Object)'> (0x00000000896531f8) 
thrown [s\src\hotspot\share\interpreter\linkResolver.cpp, line 784]
Event: 5.034 Thread 0x0000027a704906e0 Exception <a 'java/lang/NoSuchMethodError'{0x00000000896a3648}: 'java.lang.Object java.lang.invoke.DirectMethodHandle$Holder.newInvokeSpecial(java.lang.Object, java.lang.Object, java.lang.Object, java.lang.Object, java.lang.Object, java.lang.Object, int)'> (0x00000000896a3648) 
thrown [s\src\hotspot\share\interpreter\linkResolver.cpp, line 784]
Event: 5.034 Thread 0x0000027a704906e0 Exception <a 'java/lang/NoSuchMethodError'{0x00000000896a80a0}: 'java.lang.Object java.lang.invoke.DirectMethodHandle$Holder.invokeSpecial(java.lang.Object, java.lang.Object, java.lang.Object, java.lang.Object, java.lang.Object, java.lang.Object, java.lang.Object, int)'> (0x00000000896a80a0) 
thrown [s\src\hotspot\share\interpreter\linkResolver.cpp, line 784]
Event: 5.964 Thread 0x0000027a704906e0 Implicit null exception at 0x0000027a07b03da0 to 0x0000027a07b04368
Event: 5.966 Thread 0x0000027a704906e0 Implicit null exception at 0x0000027a07b07820 to 0x0000027a07b07dd8
Event: 6.150 Thread 0x0000027a704906e0 Exception <a 'java/lang/NoSuchMethodError'{0x000000008a0f04c0}: 'java.lang.Object java.lang.invoke.DirectMethodHandle$Holder.newInvokeSpecial(java.lang.Object, java.lang.Object, java.lang.Object, java.lang.Object, java.lang.Object, java.lang.Object, java.lang.Object, java.lang.Object, int)'> (0x000000008a0f04c0) 
thrown [s\src\hotspot\share\interpreter\linkResolver.cpp, line 784]
Event: 6.150 Thread 0x0000027a704906e0 Exception <a 'java/lang/NoSuchMethodError'{0x000000008a0f5240}: 'java.lang.Object java.lang.invoke.DirectMethodHandle$Holder.invokeSpecial(java.lang.Object, java.lang.Object, java.lang.Object, java.lang.Object, java.lang.Object, java.lang.Object, java.lang.Object, java.lang.Object, java.lang.Object, int)'> (0x000000008a0f5240) 
thrown [s\src\hotspot\share\interpreter\linkResolver.cpp, line 784]
Event: 6.183 Thread 0x0000027a704906e0 Exception <a 'java/lang/NoSuchMethodError'{0x0000000089eb9420}: 'java.lang.Object java.lang.invoke.DirectMethodHandle$Holder.invokeStatic(java.lang.Object, java.lang.Object, int, int)'> (0x0000000089eb9420) 
thrown [s\src\hotspot\share\interpreter\linkResolver.cpp, line 784]
Event: 6.183 Thread 0x0000027a704906e0 Exception <a 'java/lang/NoSuchMethodError'{0x0000000089ebfe60}: 'java.lang.Object java.lang.invoke.DirectMethodHandle$Holder.newInvokeSpecial(java.lang.Object, java.lang.Object, int, int)'> (0x0000000089ebfe60) 
thrown [s\src\hotspot\share\interpreter\linkResolver.cpp, line 784]
Event: 6.183 Thread 0x0000027a704906e0 Exception <a 'java/lang/NoSuchMethodError'{0x0000000089ec3e78}: 'java.lang.Object java.lang.invoke.DirectMethodHandle$Holder.invokeSpecial(java.lang.Object, java.lang.Object, java.lang.Object, int, int)'> (0x0000000089ec3e78) 
thrown [s\src\hotspot\share\interpreter\linkResolver.cpp, line 784]
Event: 6.183 Thread 0x0000027a704906e0 Exception <a 'java/lang/NoSuchMethodError'{0x0000000089ec77e8}: 'java.lang.Object java.lang.invoke.Invokers$Holder.linkToTargetMethod(java.lang.Object, int, int, java.lang.Object)'> (0x0000000089ec77e8) 
thrown [s\src\hotspot\share\interpreter\linkResolver.cpp, line 784]
Event: 6.944 Thread 0x0000027a704906e0 Implicit null exception at 0x0000027a07ec69a9 to 0x0000027a07ec6d78
Event: 7.440 Thread 0x0000027a704906e0 Exception <a 'java/lang/NoSuchMethodError'{0x0000000089bf5138}: 'java.lang.Object java.lang.invoke.DirectMethodHandle$Holder.newInvokeSpecial(java.lang.Object, int, java.lang.Object, int)'> (0x0000000089bf5138) 
thrown [s\src\hotspot\share\interpreter\linkResolver.cpp, line 784]
Event: 7.710 Thread 0x0000027a704906e0 Exception <a 'java/lang/NoSuchMethodError'{0x000000008b397620}: 'java.lang.Object java.lang.invoke.DirectMethodHandle$Holder.newInvokeSpecial(java.lang.Object, java.lang.Object, java.lang.Object, int, int, java.lang.Object)'> (0x000000008b397620) 
thrown [s\src\hotspot\share\interpreter\linkResolver.cpp, line 784]

ZGC Phase Switch (0 events):
No events

VM Operations (20 events):
Event: 7.520 Executing VM operation: HandshakeAllThreads (Deoptimize) done
Event: 7.612 Executing VM operation: ICBufferFull
Event: 7.613 Executing VM operation: ICBufferFull done
Event: 7.619 Executing VM operation: HandshakeAllThreads (Deoptimize)
Event: 7.619 Executing VM operation: HandshakeAllThreads (Deoptimize) done
Event: 7.655 Executing VM operation: HandshakeAllThreads (Deoptimize)
Event: 7.655 Executing VM operation: HandshakeAllThreads (Deoptimize) done
Event: 7.837 Executing VM operation: HandshakeAllThreads (Deoptimize)
Event: 7.837 Executing VM operation: HandshakeAllThreads (Deoptimize) done
Event: 7.979 Executing VM operation: HandshakeAllThreads (Deoptimize)
Event: 7.979 Executing VM operation: HandshakeAllThreads (Deoptimize) done
Event: 7.983 Executing VM operation: ICBufferFull
Event: 7.983 Executing VM operation: ICBufferFull done
Event: 8.084 Executing VM operation: HandshakeAllThreads (Deoptimize)
Event: 8.084 Executing VM operation: HandshakeAllThreads (Deoptimize) done
Event: 8.149 Executing VM operation: HandshakeAllThreads (Deoptimize)
Event: 8.149 Executing VM operation: HandshakeAllThreads (Deoptimize) done
Event: 8.150 Executing VM operation: ICBufferFull
Event: 8.150 Executing VM operation: ICBufferFull done
Event: 8.510 Executing VM operation: G1CollectForAllocation (G1 Evacuation Pause)

Memory protections (0 events):
No events

Nmethod flushes (20 events):
Event: 6.473 Thread 0x0000027a7ad7e030 flushing  nmethod 0x0000027a003b7510
Event: 6.473 Thread 0x0000027a7ad7e030 flushing  nmethod 0x0000027a003b9990
Event: 6.473 Thread 0x0000027a7ad7e030 flushing  nmethod 0x0000027a003bbf10
Event: 6.473 Thread 0x0000027a7ad7e030 flushing  nmethod 0x0000027a003d4490
Event: 6.473 Thread 0x0000027a7ad7e030 flushing  nmethod 0x0000027a003f2510
Event: 6.473 Thread 0x0000027a7ad7e030 flushing  nmethod 0x0000027a003f2c10
Event: 6.473 Thread 0x0000027a7ad7e030 flushing  nmethod 0x0000027a003f3a90
Event: 6.473 Thread 0x0000027a7ad7e030 flushing  nmethod 0x0000027a0042a710
Event: 6.473 Thread 0x0000027a7ad7e030 flushing  nmethod 0x0000027a00437c90
Event: 6.473 Thread 0x0000027a7ad7e030 flushing  nmethod 0x0000027a00438010
Event: 6.473 Thread 0x0000027a7ad7e030 flushing  nmethod 0x0000027a0043cc10
Event: 6.473 Thread 0x0000027a7ad7e030 flushing  nmethod 0x0000027a0047a990
Event: 6.473 Thread 0x0000027a7ad7e030 flushing  nmethod 0x0000027a0047c210
Event: 6.473 Thread 0x0000027a7ad7e030 flushing  nmethod 0x0000027a004c2c10
Event: 6.473 Thread 0x0000027a7ad7e030 flushing  nmethod 0x0000027a004c3490
Event: 6.473 Thread 0x0000027a7ad7e030 flushing  nmethod 0x0000027a004c7910
Event: 6.473 Thread 0x0000027a7ad7e030 flushing  nmethod 0x0000027a0051fa10
Event: 6.473 Thread 0x0000027a7ad7e030 flushing  nmethod 0x0000027a00603990
Event: 6.473 Thread 0x0000027a7ad7e030 flushing  nmethod 0x0000027a006a9b10
Event: 6.473 Thread 0x0000027a7ad7e030 flushing  nmethod 0x0000027a00799f10

Events (20 events):
Event: 0.106 Thread 0x0000027a704906e0 Thread added: 0x0000027a7f067ee0
Event: 0.106 Thread 0x0000027a704906e0 Thread added: 0x0000027a7f094c30
Event: 0.106 Thread 0x0000027a704906e0 Thread added: 0x0000027a7f095680
Event: 0.106 Thread 0x0000027a704906e0 Thread added: 0x0000027a7f080fa0
Event: 0.149 Thread 0x0000027a704906e0 Thread added: 0x0000027a7f21c4d0
Event: 0.154 Thread 0x0000027a704906e0 Thread added: 0x0000027a7ad4d2a0
Event: 0.163 Loaded shared library C:\Program Files\Android\Android Studio\jbr\bin\net.dll
Event: 0.165 Loaded shared library C:\Program Files\Android\Android Studio\jbr\bin\nio.dll
Event: 0.180 Thread 0x0000027a7f095680 Thread added: 0x0000027a7f2bea00
Event: 0.180 Thread 0x0000027a7f095680 Thread added: 0x0000027a7f2c00b0
Event: 0.190 Loaded shared library C:\Program Files\Android\Android Studio\jbr\bin\zip.dll
Event: 0.234 Loaded shared library C:\Program Files\Android\Android Studio\jbr\bin\jimage.dll
Event: 0.696 Thread 0x0000027a7f2c00b0 Thread exited: 0x0000027a7f2c00b0
Event: 0.701 Thread 0x0000027a7f2bea00 Thread exited: 0x0000027a7f2bea00
Event: 1.490 Thread 0x0000027a7f080fa0 Thread added: 0x0000027a0f34fa00
Event: 1.521 Thread 0x0000027a0f34fa00 Thread added: 0x0000027a0fa6ea50
Event: 2.572 Thread 0x0000027a0fa6ea50 Thread exited: 0x0000027a0fa6ea50
Event: 2.572 Thread 0x0000027a0f34fa00 Thread exited: 0x0000027a0f34fa00
Event: 2.619 Thread 0x0000027a7f080fa0 Thread added: 0x0000027a102ade70
Event: 3.299 Thread 0x0000027a7f095680 Thread added: 0x0000027a11e108b0


Dynamic libraries:
0x00007ff68f060000 - 0x00007ff68f06a000 	C:\Program Files\Android\Android Studio\jbr\bin\java.exe
0x00007ff9eb2e0000 - 0x00007ff9eb543000 	C:\WINDOWS\SYSTEM32\ntdll.dll
0x00007ff9ea450000 - 0x00007ff9ea517000 	C:\WINDOWS\System32\KERNEL32.DLL
0x00007ff9e87b0000 - 0x00007ff9e8b79000 	C:\WINDOWS\System32\KERNELBASE.dll
0x00007ff9e8d00000 - 0x00007ff9e8e4c000 	C:\WINDOWS\System32\ucrtbase.dll
0x00007ff9dd680000 - 0x00007ff9dd698000 	C:\Program Files\Android\Android Studio\jbr\bin\jli.dll
0x00007ff9dcd50000 - 0x00007ff9dcd6b000 	C:\Program Files\Android\Android Studio\jbr\bin\VCRUNTIME140.dll
0x00007ff9ead00000 - 0x00007ff9eaeca000 	C:\WINDOWS\System32\USER32.dll
0x00007ff9cf750000 - 0x00007ff9cf9e0000 	C:\WINDOWS\WinSxS\amd64_microsoft.windows.common-controls_6595b64144ccf1df_6.0.26100.3323_none_3e088096e3344490\COMCTL32.dll
0x00007ff9e84e0000 - 0x00007ff9e8507000 	C:\WINDOWS\System32\win32u.dll
0x00007ff9e91b0000 - 0x00007ff9e9259000 	C:\WINDOWS\System32\msvcrt.dll
0x00007ff9e9a50000 - 0x00007ff9e9a7a000 	C:\WINDOWS\System32\GDI32.dll
0x00007ff9e8e50000 - 0x00007ff9e8f81000 	C:\WINDOWS\System32\gdi32full.dll
0x00007ff9e8670000 - 0x00007ff9e8713000 	C:\WINDOWS\System32\msvcp_win.dll
0x00007ff9ea630000 - 0x00007ff9ea65f000 	C:\WINDOWS\System32\IMM32.DLL
0x00007ff9ddeb0000 - 0x00007ff9ddebc000 	C:\Program Files\Android\Android Studio\jbr\bin\vcruntime140_1.dll
0x00007ff9d8f30000 - 0x00007ff9d8fbd000 	C:\Program Files\Android\Android Studio\jbr\bin\msvcp140.dll
0x00007ff990d60000 - 0x00007ff9919ea000 	C:\Program Files\Android\Android Studio\jbr\bin\server\jvm.dll
0x00007ff9ea8a0000 - 0x00007ff9ea952000 	C:\WINDOWS\System32\ADVAPI32.dll
0x00007ff9ea670000 - 0x00007ff9ea716000 	C:\WINDOWS\System32\sechost.dll
0x00007ff9ea720000 - 0x00007ff9ea836000 	C:\WINDOWS\System32\RPCRT4.dll
0x00007ff9e9280000 - 0x00007ff9e92f4000 	C:\WINDOWS\System32\WS2_32.dll
0x00007ff9e8370000 - 0x00007ff9e83be000 	C:\WINDOWS\SYSTEM32\POWRPROF.dll
0x00007ff9dcea0000 - 0x00007ff9dced6000 	C:\WINDOWS\SYSTEM32\WINMM.dll
0x00007ff9db520000 - 0x00007ff9db52b000 	C:\WINDOWS\SYSTEM32\VERSION.dll
0x00007ff9e8350000 - 0x00007ff9e8364000 	C:\WINDOWS\SYSTEM32\UMPDC.dll
0x00007ff9e7300000 - 0x00007ff9e731a000 	C:\WINDOWS\SYSTEM32\kernel.appcore.dll
0x00007ff9dcdf0000 - 0x00007ff9dcdfa000 	C:\Program Files\Android\Android Studio\jbr\bin\jimage.dll
0x00007ff9e5c80000 - 0x00007ff9e5ec1000 	C:\WINDOWS\SYSTEM32\DBGHELP.DLL
0x00007ff9eaf00000 - 0x00007ff9eb282000 	C:\WINDOWS\System32\combase.dll
0x00007ff9eac20000 - 0x00007ff9eacf6000 	C:\WINDOWS\System32\OLEAUT32.dll
0x00007ff9dce60000 - 0x00007ff9dce99000 	C:\WINDOWS\SYSTEM32\dbgcore.DLL
0x00007ff9e8510000 - 0x00007ff9e85a9000 	C:\WINDOWS\System32\bcryptPrimitives.dll
0x00007ff9dc3f0000 - 0x00007ff9dc410000 	C:\Program Files\Android\Android Studio\jbr\bin\java.dll
0x00007ff9dacb0000 - 0x00007ff9dacc8000 	C:\Program Files\Android\Android Studio\jbr\bin\zip.dll
0x00007ff9e9a80000 - 0x00007ff9ea195000 	C:\WINDOWS\System32\SHELL32.dll
0x00007ff9e8f90000 - 0x00007ff9e90f8000 	C:\WINDOWS\System32\wintypes.dll
0x00007ff9e61e0000 - 0x00007ff9e6a25000 	C:\WINDOWS\SYSTEM32\windows.storage.dll
0x00007ff9ea1b0000 - 0x00007ff9ea29b000 	C:\WINDOWS\System32\SHCORE.dll
0x00007ff9e99f0000 - 0x00007ff9e9a4d000 	C:\WINDOWS\System32\shlwapi.dll
0x00007ff9e83f0000 - 0x00007ff9e841f000 	C:\WINDOWS\SYSTEM32\profapi.dll
0x00007ff9dcd40000 - 0x00007ff9dcd50000 	C:\Program Files\Android\Android Studio\jbr\bin\net.dll
0x00007ff9ddc40000 - 0x00007ff9ddd5e000 	C:\WINDOWS\SYSTEM32\WINHTTP.dll
0x00007ff9e7820000 - 0x00007ff9e788a000 	C:\WINDOWS\system32\mswsock.dll
0x00007ff9dac90000 - 0x00007ff9daca6000 	C:\Program Files\Android\Android Studio\jbr\bin\nio.dll
0x00007ff9da0b0000 - 0x00007ff9da0c0000 	C:\Program Files\Android\Android Studio\jbr\bin\verify.dll

dbghelp: loaded successfully - version: 4.0.5 - missing functions: none
symbol engine: initialized successfully - sym options: 0x614 - pdb path: .;C:\Program Files\Android\Android Studio\jbr\bin;C:\WINDOWS\SYSTEM32;C:\WINDOWS\WinSxS\amd64_microsoft.windows.common-controls_6595b64144ccf1df_6.0.26100.3323_none_3e088096e3344490;C:\Program Files\Android\Android Studio\jbr\bin\server

VM Arguments:
java_command: org.jetbrains.kotlin.cli.jvm.K2JVMCompiler @C:\Users\Eman-Pc\AndroidStudioProjects\BookConnect\app\build\20250426_14039599104716954223.compiler.options
java_class_path (initial): C:\Users\Eman-Pc\.gradle\caches\modules-2\files-2.1\org.jetbrains.kotlin\kotlin-compiler-embeddable\2.0.21\79346ed53db48b18312a472602eb5c057070c54d\kotlin-compiler-embeddable-2.0.21.jar;C:\Users\Eman-Pc\.gradle\caches\modules-2\files-2.1\org.jetbrains.kotlin\kotlin-stdlib\2.0.21\618b539767b4899b4660a83006e052b63f1db551\kotlin-stdlib-2.0.21.jar;C:\Users\Eman-Pc\.gradle\caches\modules-2\files-2.1\org.jetbrains.kotlin\kotlin-script-runtime\2.0.21\c9b044380ad41f89aa89aa896c2d32a8c0b2129d\kotlin-script-runtime-2.0.21.jar;C:\Users\Eman-Pc\.gradle\caches\modules-2\files-2.1\org.jetbrains.kotlin\kotlin-reflect\1.6.10\1cbe9c92c12a94eea200d23c2bbaedaf3daf5132\kotlin-reflect-1.6.10.jar;C:\Users\Eman-Pc\.gradle\caches\modules-2\files-2.1\org.jetbrains.kotlin\kotlin-daemon-embeddable\2.0.21\c9e933b23287de9b5a17e2116b4657bb91aea72c\kotlin-daemon-embeddable-2.0.21.jar;C:\Users\Eman-Pc\.gradle\caches\modules-2\files-2.1\org.jetbrains.intellij.deps\trove4j\1.0.20200330\3afb14d5f9ceb459d724e907a21145e8ff394f02\trove4j-1.0.20200330.jar;C:\Users\Eman-Pc\.gradle\caches\modules-2\files-2.1\org.jetbrains.kotlinx\kotlinx-coroutines-core-jvm\1.6.4\2c997cd1c0ef33f3e751d3831929aeff1390cb30\kotlinx-coroutines-core-jvm-1.6.4.jar;C:\Users\Eman-Pc\.gradle\caches\modules-2\files-2.1\org.jetbrains\annotations\13.0\919f0dfe192fb4e063e7dacadee7f8bb9a2672a9\annotations-13.0.jar
Launcher Type: SUN_STANDARD

[Global flags]
     intx CICompilerCount                          = 4                                         {product} {ergonomic}
     uint ConcGCThreads                            = 2                                         {product} {ergonomic}
     uint G1ConcRefinementThreads                  = 8                                         {product} {ergonomic}
   size_t G1HeapRegionSize                         = 1048576                                   {product} {ergonomic}
    uintx GCDrainStackTargetSize                   = 64                                        {product} {ergonomic}
   size_t InitialHeapSize                          = 132120576                                 {product} {ergonomic}
   size_t MarkStackSize                            = 4194304                                   {product} {ergonomic}
   size_t MaxHeapSize                              = 2086666240                                {product} {ergonomic}
   size_t MaxNewSize                               = 1251999744                                {product} {ergonomic}
   size_t MinHeapDeltaBytes                        = 1048576                                   {product} {ergonomic}
   size_t MinHeapSize                              = 8388608                                   {product} {ergonomic}
    uintx NonNMethodCodeHeapSize                   = 5839372                                {pd product} {ergonomic}
    uintx NonProfiledCodeHeapSize                  = 122909434                              {pd product} {ergonomic}
    uintx ProfiledCodeHeapSize                     = 122909434                              {pd product} {ergonomic}
    uintx ReservedCodeCacheSize                    = 251658240                              {pd product} {ergonomic}
     bool SegmentedCodeCache                       = true                                      {product} {ergonomic}
   size_t SoftMaxHeapSize                          = 2086666240                             {manageable} {ergonomic}
     bool UseCompressedOops                        = true                           {product lp64_product} {ergonomic}
     bool UseG1GC                                  = true                                      {product} {ergonomic}
     bool UseLargePagesIndividualAllocation        = false                                  {pd product} {ergonomic}

Logging:
Log output configuration:
 #0: stdout all=warning uptime,level,tags foldmultilines=false
 #1: stderr all=off uptime,level,tags foldmultilines=false

Environment Variables:
PATH=C:\WINDOWS\system32;C:\WINDOWS;C:\WINDOWS\System32\Wbem;C:\WINDOWS\System32\WindowsPowerShell\v1.0\;C:\WINDOWS\System32\OpenSSH\;C:\Program Files\Microsoft SQL Server\150\Tools\Binn\;C:\Program Files\Microsoft SQL Server\Client SDK\ODBC\170\Tools\Binn\;C:\Program Files\dotnet\;C:\Program Files (x86)\Windows Kits\10\Windows Performance Toolkit\;C:\Program Files\Git\cmd;C:\Users\Eman-Pc\AppData\Local\Microsoft\WindowsApps;C:\Users\Eman-Pc\.dotnet\tools;C:\Users\Eman-Pc\AppData\Local\GitHubDesktop\bin
USERNAME=Eman-Pc
OS=Windows_NT
PROCESSOR_IDENTIFIER=Intel64 Family 6 Model 142 Stepping 12, GenuineIntel
TMP=C:\Users\Eman-Pc\AppData\Local\Temp
TEMP=C:\Users\Eman-Pc\AppData\Local\Temp




Periodic native trim disabled

JNI global refs:
JNI global refs: 13, weak refs: 3

JNI global refs memory usage: 835, weak refs: 833

Process memory usage:
Resident Set Size: 372340K (4% of 8143556K total physical memory with 730648K free physical memory)

OOME stack traces (most recent first):
Classloader memory used:
Loader jdk.internal.loader.ClassLoaders$AppClassLoader                                 : 62825K
Loader bootstrap                                                                       : 10822K

---------------  S Y S T E M  ---------------

OS:
 Windows 11 , 64 bit Build 26100 (10.0.26100.3323)
OS uptime: 10 days 7:07 hours

CPU: total 8 (initial active 8) (4 cores per cpu, 2 threads per core) family 6 model 142 stepping 12 microcode 0xfc, cx8, cmov, fxsr, ht, mmx, 3dnowpref, sse, sse2, sse3, ssse3, sse4.1, sse4.2, popcnt, lzcnt, tsc, tscinvbit, avx, avx2, aes, erms, clmul, bmi1, bmi2, adx, fma, vzeroupper, clflush, clflushopt, rdtscp, f16c
Processor Information for all 8 processors :
  Max Mhz: 2112, Current Mhz: 1609, Mhz Limit: 1605

Memory: 4k page, system-wide physical 7952M (725M free)
TotalPageFile size 23013M (AvailPageFile size 9M)
current process WorkingSet (physical memory assigned to process): 363M, peak: 366M
current process commit charge ("private bytes"): 393M, peak: 437M

vm_info: OpenJDK 64-Bit Server VM (21.0.5+-13047016-b750.29) for windows-amd64 JRE (21.0.5+-13047016-b750.29), built on 2025-02-11T21:12:39Z by "builder" with MS VC++ 16.10 / 16.11 (VS2019)

END.
