#
# There is insufficient memory for the Java Runtime Environment to continue.
# Native memory allocation (malloc) failed to allocate 1700496 bytes. Error detail: Chunk::new
# Possible reasons:
#   The system is out of physical RAM or swap space
#   This process is running with CompressedOops enabled, and the Java Heap may be blocking the growth of the native heap
# Possible solutions:
#   Reduce memory load on the system
#   Increase physical memory or swap space
#   Check if swap backing store is full
#   Decrease Java heap size (-Xmx/-Xms)
#   Decrease number of Java threads
#   Decrease Java thread stack sizes (-Xss)
#   Set larger code cache with -XX:ReservedCodeCacheSize=
#   JVM is running with Unscaled Compressed Oops mode in which the Java heap is
#     placed in the first 4GB address space. The Java Heap base address is the
#     maximum limit for the native heap growth. Please use -XX:HeapBaseMinAddress
#     to set the Java Heap base and to place the Java Heap above 4GB virtual address.
# This output file may be truncated or incomplete.
#
#  Out of Memory Error (arena.cpp:168), pid=21928, tid=8296
#
# JRE version: OpenJDK Runtime Environment (21.0.5) (build 21.0.5+-13047016-b750.29)
# Java VM: OpenJDK 64-Bit Server VM (21.0.5+-13047016-b750.29, mixed mode, tiered, compressed oops, compressed class ptrs, g1 gc, windows-amd64)
# No core dump will be written. Minidumps are not enabled by default on client versions of Windows
#

---------------  S U M M A R Y ------------

Command Line: org.jetbrains.kotlin.cli.jvm.K2JVMCompiler @C:\Users\Eman-Pc\AndroidStudioProjects\BookConnect\app\build\20250426_10603642303177597411.compiler.options

Host: Intel(R) Core(TM) i5-10210U CPU @ 1.60GHz, 8 cores, 7G,  Windows 11 , 64 bit Build 26100 (10.0.26100.3323)
Time: Sat Apr 26 00:30:53 2025 Pakistan Standard Time elapsed time: 9.251623 seconds (0d 0h 0m 9s)

---------------  T H R E A D  ---------------

Current thread (0x000001f14bb65040):  JavaThread "C2 CompilerThread1" daemon [_thread_in_native, id=8296, stack(0x0000007591800000,0x0000007591900000) (1024K)]


Current CompileTask:
C2:9251 6020       4       org.jetbrains.kotlin.load.java.structure.impl.classFiles.BinaryJavaMethodBase$Companion::create (572 bytes)

Stack: [0x0000007591800000,0x0000007591900000]
Native frames: (J=compiled Java code, j=interpreted, Vv=VM code, C=native code)
V  [jvm.dll+0x6cfb29]
V  [jvm.dll+0x85df93]
V  [jvm.dll+0x8604ee]
V  [jvm.dll+0x860bd3]
V  [jvm.dll+0x27e6b6]
V  [jvm.dll+0xbff6d]
V  [jvm.dll+0xc04a3]
V  [jvm.dll+0x3b5fc1]
V  [jvm.dll+0x1de852]
V  [jvm.dll+0x247db4]
V  [jvm.dll+0x247231]
V  [jvm.dll+0x1c5ee4]
V  [jvm.dll+0x25697c]
V  [jvm.dll+0x254ec6]
V  [jvm.dll+0x3f0ce6]
V  [jvm.dll+0x806368]
V  [jvm.dll+0x6ce3fd]
C  [ucrtbase.dll+0x37b0]
C  [KERNEL32.DLL+0x2e8d7]
C  [ntdll.dll+0xbbf6c]


---------------  P R O C E S S  ---------------

Threads class SMR info:
_java_thread_list=0x000001f14d93c6a0, length=13, elements={
0x000001f12ba53f90, 0x000001f1453be5a0, 0x000001f1453c1b70, 0x000001f1453d7ee0,
0x000001f1453d5670, 0x000001f1453e0dc0, 0x000001f1453e1810, 0x000001f1453e3940,
0x000001f1453e53e0, 0x000001f14557d490, 0x000001f145589ce0, 0x000001f14bb65040,
0x000001f14d5a2790
}

Java Threads: ( => current thread )
  0x000001f12ba53f90 JavaThread "main"                              [_thread_in_vm, id=12856, stack(0x0000007590600000,0x0000007590700000) (1024K)]
  0x000001f1453be5a0 JavaThread "Reference Handler"          daemon [_thread_blocked, id=2824, stack(0x0000007590e00000,0x0000007590f00000) (1024K)]
  0x000001f1453c1b70 JavaThread "Finalizer"                  daemon [_thread_blocked, id=14468, stack(0x0000007590f00000,0x0000007591000000) (1024K)]
  0x000001f1453d7ee0 JavaThread "Signal Dispatcher"          daemon [_thread_blocked, id=10596, stack(0x0000007591000000,0x0000007591100000) (1024K)]
  0x000001f1453d5670 JavaThread "Attach Listener"            daemon [_thread_blocked, id=5896, stack(0x0000007591100000,0x0000007591200000) (1024K)]
  0x000001f1453e0dc0 JavaThread "Service Thread"             daemon [_thread_blocked, id=12924, stack(0x0000007591200000,0x0000007591300000) (1024K)]
  0x000001f1453e1810 JavaThread "Monitor Deflation Thread"   daemon [_thread_blocked, id=19792, stack(0x0000007591300000,0x0000007591400000) (1024K)]
  0x000001f1453e3940 JavaThread "C2 CompilerThread0"         daemon [_thread_in_native, id=19184, stack(0x0000007591400000,0x0000007591500000) (1024K)]
  0x000001f1453e53e0 JavaThread "C1 CompilerThread0"         daemon [_thread_in_native, id=23416, stack(0x0000007591500000,0x0000007591600000) (1024K)]
  0x000001f14557d490 JavaThread "Notification Thread"        daemon [_thread_blocked, id=15764, stack(0x0000007591600000,0x0000007591700000) (1024K)]
  0x000001f145589ce0 JavaThread "Common-Cleaner"             daemon [_thread_blocked, id=19820, stack(0x0000007591700000,0x0000007591800000) (1024K)]
=>0x000001f14bb65040 JavaThread "C2 CompilerThread1"         daemon [_thread_in_native, id=8296, stack(0x0000007591800000,0x0000007591900000) (1024K)]
  0x000001f14d5a2790 JavaThread "C2 CompilerThread2"         daemon [_thread_in_native, id=9612, stack(0x0000007591900000,0x0000007591a00000) (1024K)]
Total: 13

Other Threads:
  0x000001f145369080 VMThread "VM Thread"                           [id=23724, stack(0x0000007590d00000,0x0000007590e00000) (1024K)]
  0x000001f1451a18a0 WatcherThread "VM Periodic Task Thread"        [id=18816, stack(0x0000007590c00000,0x0000007590d00000) (1024K)]
  0x000001f12bc5fd00 WorkerThread "GC Thread#0"                     [id=17764, stack(0x0000007590700000,0x0000007590800000) (1024K)]
  0x000001f14a5eae10 WorkerThread "GC Thread#1"                     [id=21892, stack(0x0000007591a00000,0x0000007591b00000) (1024K)]
  0x000001f14a5eb1b0 WorkerThread "GC Thread#2"                     [id=15516, stack(0x0000007591b00000,0x0000007591c00000) (1024K)]
  0x000001f14a6326e0 WorkerThread "GC Thread#3"                     [id=5152, stack(0x0000007591c00000,0x0000007591d00000) (1024K)]
  0x000001f14a633a90 WorkerThread "GC Thread#4"                     [id=9544, stack(0x0000007591d00000,0x0000007591e00000) (1024K)]
  0x000001f14a633e30 WorkerThread "GC Thread#5"                     [id=21740, stack(0x0000007591e00000,0x0000007591f00000) (1024K)]
  0x000001f14a6db710 WorkerThread "GC Thread#6"                     [id=19180, stack(0x0000007591f00000,0x0000007592000000) (1024K)]
  0x000001f14a6dafd0 WorkerThread "GC Thread#7"                     [id=9584, stack(0x0000007592000000,0x0000007592100000) (1024K)]
  0x000001f12bc71bf0 ConcurrentGCThread "G1 Main Marker"            [id=12708, stack(0x0000007590800000,0x0000007590900000) (1024K)]
  0x000001f12bc72e90 WorkerThread "G1 Conc#0"                       [id=15408, stack(0x0000007590900000,0x0000007590a00000) (1024K)]
  0x000001f14a6da890 WorkerThread "G1 Conc#1"                       [id=5092, stack(0x0000007592100000,0x0000007592200000) (1024K)]
  0x000001f12bcce1d0 ConcurrentGCThread "G1 Refine#0"               [id=20488, stack(0x0000007590a00000,0x0000007590b00000) (1024K)]
  0x000001f145072d90 ConcurrentGCThread "G1 Service"                [id=10208, stack(0x0000007590b00000,0x0000007590c00000) (1024K)]
Total: 15

Threads with active compile tasks:
C2 CompilerThread0  9282 6291       4       org.jetbrains.kotlin.fir.java.scopes.JavaClassUseSiteMemberScope::collectFunctions (516 bytes)
C1 CompilerThread0  9283 6336       3       org.jetbrains.kotlin.fir.analysis.checkers.declaration.FirBadInheritedJavaSignaturesChecker$check$1$hasBadReturnType$1::invoke (14 bytes)
C2 CompilerThread1  9283 6020       4       org.jetbrains.kotlin.load.java.structure.impl.classFiles.BinaryJavaMethodBase$Companion::create (572 bytes)
C2 CompilerThread2  9283 6302       4       org.jetbrains.kotlin.fir.scopes.impl.AbstractFirUseSiteMemberScope::processPropertiesByName (139 bytes)
Total: 4

VM state: not at safepoint (normal execution)

VM Mutex/Monitor currently owned by a thread:  ([mutex/lock_event])
[0x00007ff99190bde0] MethodCompileQueue_lock - owner thread: 0x0000000000000000

Heap address: 0x0000000083a00000, size: 1990 MB, Compressed Oops mode: 32-bit

CDS archive(s) not mapped
Compressed class space mapped at: 0x0000000100000000-0x0000000140000000, reserved size: 1073741824
Narrow klass base: 0x0000000000000000, Narrow klass shift: 3, Narrow klass range: 0x140000000

GC Precious Log:
 CardTable entry size: 512
 Card Set container configuration: InlinePtr #cards 5 size 8 Array Of Cards #cards 12 size 40 Howl #buckets 4 coarsen threshold 1843 Howl Bitmap #cards 512 size 80 coarsen threshold 460 Card regions per heap region 1 cards per card region 2048
 CPUs: 8 total, 8 available
 Memory: 7952M
 Large Page Support: Disabled
 NUMA Support: Disabled
 Compressed Oops: Enabled (32-bit)
 Heap Region Size: 1M
 Heap Min Capacity: 8M
 Heap Initial Capacity: 126M
 Heap Max Capacity: 1990M
 Pre-touch: Disabled
 Parallel Workers: 8
 Concurrent Workers: 2
 Concurrent Refinement Workers: 8
 Periodic GC: Disabled

Heap:
 garbage-first heap   total 184320K, used 80306K [0x0000000083a00000, 0x0000000100000000)
  region size 1024K, 22 young (22528K), 4 survivors (4096K)
 Metaspace       used 57830K, committed 58112K, reserved 1114112K
  class space    used 6468K, committed 6592K, reserved 1048576K

Heap Regions: E=young(eden), S=young(survivor), O=old, HS=humongous(starts), HC=humongous(continues), CS=collection set, F=free, TAMS=top-at-mark-start, PB=parsable bottom
|   0|0x0000000083a00000, 0x0000000083b00000, 0x0000000083b00000|100%|HS|  |TAMS 0x0000000083a00000| PB 0x0000000083a00000| Complete 
|   1|0x0000000083b00000, 0x0000000083c00000, 0x0000000083c00000|100%|HC|  |TAMS 0x0000000083b00000| PB 0x0000000083b00000| Complete 
|   2|0x0000000083c00000, 0x0000000083d00000, 0x0000000083d00000|100%|HC|  |TAMS 0x0000000083c00000| PB 0x0000000083c00000| Complete 
|   3|0x0000000083d00000, 0x0000000083e00000, 0x0000000083e00000|100%| O|  |TAMS 0x0000000083d00000| PB 0x0000000083d00000| Untracked 
|   4|0x0000000083e00000, 0x0000000083f00000, 0x0000000083f00000|100%| O|  |TAMS 0x0000000083e00000| PB 0x0000000083e00000| Untracked 
|   5|0x0000000083f00000, 0x0000000083ff6d00, 0x0000000084000000| 96%| O|  |TAMS 0x0000000083f00000| PB 0x0000000083f00000| Untracked 
|   6|0x0000000084000000, 0x0000000084100000, 0x0000000084100000|100%| O|  |TAMS 0x0000000084000000| PB 0x0000000084000000| Untracked 
|   7|0x0000000084100000, 0x0000000084200000, 0x0000000084200000|100%| O|  |TAMS 0x0000000084100000| PB 0x0000000084100000| Untracked 
|   8|0x0000000084200000, 0x0000000084300000, 0x0000000084300000|100%| O|  |TAMS 0x0000000084200000| PB 0x0000000084200000| Untracked 
|   9|0x0000000084300000, 0x0000000084400000, 0x0000000084400000|100%| O|  |TAMS 0x0000000084300000| PB 0x0000000084300000| Untracked 
|  10|0x0000000084400000, 0x0000000084500000, 0x0000000084500000|100%| O|  |TAMS 0x0000000084400000| PB 0x0000000084400000| Untracked 
|  11|0x0000000084500000, 0x0000000084600000, 0x0000000084600000|100%| O|  |TAMS 0x0000000084500000| PB 0x0000000084500000| Untracked 
|  12|0x0000000084600000, 0x0000000084700000, 0x0000000084700000|100%| O|  |TAMS 0x0000000084600000| PB 0x0000000084600000| Untracked 
|  13|0x0000000084700000, 0x0000000084800000, 0x0000000084800000|100%| O|  |TAMS 0x0000000084700000| PB 0x0000000084700000| Untracked 
|  14|0x0000000084800000, 0x0000000084900000, 0x0000000084900000|100%| O|  |TAMS 0x0000000084800000| PB 0x0000000084800000| Untracked 
|  15|0x0000000084900000, 0x0000000084a00000, 0x0000000084a00000|100%| O|  |TAMS 0x0000000084900000| PB 0x0000000084900000| Untracked 
|  16|0x0000000084a00000, 0x0000000084b00000, 0x0000000084b00000|100%| O|  |TAMS 0x0000000084a00000| PB 0x0000000084a00000| Untracked 
|  17|0x0000000084b00000, 0x0000000084c00000, 0x0000000084c00000|100%| O|  |TAMS 0x0000000084b00000| PB 0x0000000084b00000| Untracked 
|  18|0x0000000084c00000, 0x0000000084d00000, 0x0000000084d00000|100%| O|  |TAMS 0x0000000084c00000| PB 0x0000000084c00000| Untracked 
|  19|0x0000000084d00000, 0x0000000084e00000, 0x0000000084e00000|100%| O|  |TAMS 0x0000000084d00000| PB 0x0000000084d00000| Untracked 
|  20|0x0000000084e00000, 0x0000000084f00000, 0x0000000084f00000|100%| O|  |TAMS 0x0000000084e00000| PB 0x0000000084e00000| Untracked 
|  21|0x0000000084f00000, 0x0000000085000000, 0x0000000085000000|100%| O|  |TAMS 0x0000000084f00000| PB 0x0000000084f00000| Untracked 
|  22|0x0000000085000000, 0x0000000085100000, 0x0000000085100000|100%| O|  |TAMS 0x0000000085000000| PB 0x0000000085000000| Untracked 
|  23|0x0000000085100000, 0x0000000085200000, 0x0000000085200000|100%| O|  |TAMS 0x0000000085100000| PB 0x0000000085100000| Untracked 
|  24|0x0000000085200000, 0x0000000085300000, 0x0000000085300000|100%| O|  |TAMS 0x0000000085200000| PB 0x0000000085200000| Untracked 
|  25|0x0000000085300000, 0x0000000085400000, 0x0000000085400000|100%| O|  |TAMS 0x0000000085300000| PB 0x0000000085300000| Untracked 
|  26|0x0000000085400000, 0x0000000085500000, 0x0000000085500000|100%| O|  |TAMS 0x0000000085400000| PB 0x0000000085400000| Untracked 
|  27|0x0000000085500000, 0x0000000085600000, 0x0000000085600000|100%| O|  |TAMS 0x0000000085500000| PB 0x0000000085500000| Untracked 
|  28|0x0000000085600000, 0x0000000085700000, 0x0000000085700000|100%| O|  |TAMS 0x0000000085600000| PB 0x0000000085600000| Untracked 
|  29|0x0000000085700000, 0x0000000085800000, 0x0000000085800000|100%| O|  |TAMS 0x0000000085700000| PB 0x0000000085700000| Untracked 
|  30|0x0000000085800000, 0x0000000085900000, 0x0000000085900000|100%| O|  |TAMS 0x0000000085800000| PB 0x0000000085800000| Untracked 
|  31|0x0000000085900000, 0x0000000085a00000, 0x0000000085a00000|100%| O|  |TAMS 0x0000000085900000| PB 0x0000000085900000| Untracked 
|  32|0x0000000085a00000, 0x0000000085b00000, 0x0000000085b00000|100%| O|  |TAMS 0x0000000085a00000| PB 0x0000000085a00000| Untracked 
|  33|0x0000000085b00000, 0x0000000085c00000, 0x0000000085c00000|100%| O|  |TAMS 0x0000000085b00000| PB 0x0000000085b00000| Untracked 
|  34|0x0000000085c00000, 0x0000000085c00000, 0x0000000085d00000|  0%| F|  |TAMS 0x0000000085c00000| PB 0x0000000085c00000| Untracked 
|  35|0x0000000085d00000, 0x0000000085e00000, 0x0000000085e00000|100%| O|  |TAMS 0x0000000085d00000| PB 0x0000000085d00000| Untracked 
|  36|0x0000000085e00000, 0x0000000085f00000, 0x0000000085f00000|100%| O|  |TAMS 0x0000000085e00000| PB 0x0000000085e00000| Untracked 
|  37|0x0000000085f00000, 0x0000000086000000, 0x0000000086000000|100%| O|  |TAMS 0x0000000085f00000| PB 0x0000000085f00000| Untracked 
|  38|0x0000000086000000, 0x0000000086100000, 0x0000000086100000|100%| O|  |TAMS 0x0000000086000000| PB 0x0000000086000000| Untracked 
|  39|0x0000000086100000, 0x0000000086200000, 0x0000000086200000|100%| O|  |TAMS 0x0000000086100000| PB 0x0000000086100000| Untracked 
|  40|0x0000000086200000, 0x0000000086300000, 0x0000000086300000|100%| O|  |TAMS 0x0000000086200000| PB 0x0000000086200000| Untracked 
|  41|0x0000000086300000, 0x0000000086400000, 0x0000000086400000|100%| O|  |TAMS 0x0000000086300000| PB 0x0000000086300000| Untracked 
|  42|0x0000000086400000, 0x0000000086500000, 0x0000000086500000|100%| O|  |TAMS 0x0000000086400000| PB 0x0000000086400000| Untracked 
|  43|0x0000000086500000, 0x0000000086600000, 0x0000000086600000|100%| O|  |TAMS 0x0000000086500000| PB 0x0000000086500000| Untracked 
|  44|0x0000000086600000, 0x0000000086700000, 0x0000000086700000|100%| O|  |TAMS 0x0000000086600000| PB 0x0000000086600000| Untracked 
|  45|0x0000000086700000, 0x0000000086800000, 0x0000000086800000|100%| O|  |TAMS 0x0000000086700000| PB 0x0000000086700000| Untracked 
|  46|0x0000000086800000, 0x0000000086900000, 0x0000000086900000|100%| O|  |TAMS 0x0000000086800000| PB 0x0000000086800000| Untracked 
|  47|0x0000000086900000, 0x0000000086a00000, 0x0000000086a00000|100%| O|  |TAMS 0x0000000086900000| PB 0x0000000086900000| Untracked 
|  48|0x0000000086a00000, 0x0000000086b00000, 0x0000000086b00000|100%| O|  |TAMS 0x0000000086a00000| PB 0x0000000086a00000| Untracked 
|  49|0x0000000086b00000, 0x0000000086c00000, 0x0000000086c00000|100%| O|  |TAMS 0x0000000086b00000| PB 0x0000000086b00000| Untracked 
|  50|0x0000000086c00000, 0x0000000086d00000, 0x0000000086d00000|100%| O|  |TAMS 0x0000000086c00000| PB 0x0000000086c00000| Untracked 
|  51|0x0000000086d00000, 0x0000000086e00000, 0x0000000086e00000|100%| O|  |TAMS 0x0000000086d00000| PB 0x0000000086d00000| Untracked 
|  52|0x0000000086e00000, 0x0000000086f00000, 0x0000000086f00000|100%| O|  |TAMS 0x0000000086e00000| PB 0x0000000086e00000| Untracked 
|  53|0x0000000086f00000, 0x0000000087000000, 0x0000000087000000|100%| O|  |TAMS 0x0000000086f00000| PB 0x0000000086f00000| Untracked 
|  54|0x0000000087000000, 0x0000000087100000, 0x0000000087100000|100%| O|  |TAMS 0x0000000087000000| PB 0x0000000087000000| Untracked 
|  55|0x0000000087100000, 0x0000000087200000, 0x0000000087200000|100%| O|  |TAMS 0x0000000087100000| PB 0x0000000087100000| Untracked 
|  56|0x0000000087200000, 0x0000000087300000, 0x0000000087300000|100%| O|  |TAMS 0x0000000087200000| PB 0x0000000087200000| Untracked 
|  57|0x0000000087300000, 0x0000000087375d38, 0x0000000087400000| 46%| O|  |TAMS 0x0000000087300000| PB 0x0000000087300000| Untracked 
|  58|0x0000000087400000, 0x0000000087400000, 0x0000000087500000|  0%| F|  |TAMS 0x0000000087400000| PB 0x0000000087400000| Untracked 
|  59|0x0000000087500000, 0x0000000087500000, 0x0000000087600000|  0%| F|  |TAMS 0x0000000087500000| PB 0x0000000087500000| Untracked 
|  60|0x0000000087600000, 0x0000000087600000, 0x0000000087700000|  0%| F|  |TAMS 0x0000000087600000| PB 0x0000000087600000| Untracked 
|  61|0x0000000087700000, 0x0000000087700000, 0x0000000087800000|  0%| F|  |TAMS 0x0000000087700000| PB 0x0000000087700000| Untracked 
|  62|0x0000000087800000, 0x0000000087800000, 0x0000000087900000|  0%| F|  |TAMS 0x0000000087800000| PB 0x0000000087800000| Untracked 
|  63|0x0000000087900000, 0x0000000087a00000, 0x0000000087a00000|100%| S|CS|TAMS 0x0000000087900000| PB 0x0000000087900000| Complete 
|  64|0x0000000087a00000, 0x0000000087b00000, 0x0000000087b00000|100%| S|CS|TAMS 0x0000000087a00000| PB 0x0000000087a00000| Complete 
|  65|0x0000000087b00000, 0x0000000087b00000, 0x0000000087c00000|  0%| F|  |TAMS 0x0000000087b00000| PB 0x0000000087b00000| Untracked 
|  66|0x0000000087c00000, 0x0000000087d00000, 0x0000000087d00000|100%| S|CS|TAMS 0x0000000087c00000| PB 0x0000000087c00000| Complete 
|  67|0x0000000087d00000, 0x0000000087e00000, 0x0000000087e00000|100%| S|CS|TAMS 0x0000000087d00000| PB 0x0000000087d00000| Complete 
|  68|0x0000000087e00000, 0x0000000087e00000, 0x0000000087f00000|  0%| F|  |TAMS 0x0000000087e00000| PB 0x0000000087e00000| Untracked 
|  69|0x0000000087f00000, 0x0000000087f00000, 0x0000000088000000|  0%| F|  |TAMS 0x0000000087f00000| PB 0x0000000087f00000| Untracked 
|  70|0x0000000088000000, 0x0000000088000000, 0x0000000088100000|  0%| F|  |TAMS 0x0000000088000000| PB 0x0000000088000000| Untracked 
|  71|0x0000000088100000, 0x0000000088100000, 0x0000000088200000|  0%| F|  |TAMS 0x0000000088100000| PB 0x0000000088100000| Untracked 
|  72|0x0000000088200000, 0x0000000088200000, 0x0000000088300000|  0%| F|  |TAMS 0x0000000088200000| PB 0x0000000088200000| Untracked 
|  73|0x0000000088300000, 0x0000000088300000, 0x0000000088400000|  0%| F|  |TAMS 0x0000000088300000| PB 0x0000000088300000| Untracked 
|  74|0x0000000088400000, 0x0000000088400000, 0x0000000088500000|  0%| F|  |TAMS 0x0000000088400000| PB 0x0000000088400000| Untracked 
|  75|0x0000000088500000, 0x0000000088500000, 0x0000000088600000|  0%| F|  |TAMS 0x0000000088500000| PB 0x0000000088500000| Untracked 
|  76|0x0000000088600000, 0x0000000088600000, 0x0000000088700000|  0%| F|  |TAMS 0x0000000088600000| PB 0x0000000088600000| Untracked 
|  77|0x0000000088700000, 0x0000000088700000, 0x0000000088800000|  0%| F|  |TAMS 0x0000000088700000| PB 0x0000000088700000| Untracked 
|  78|0x0000000088800000, 0x0000000088800000, 0x0000000088900000|  0%| F|  |TAMS 0x0000000088800000| PB 0x0000000088800000| Untracked 
|  79|0x0000000088900000, 0x0000000088900000, 0x0000000088a00000|  0%| F|  |TAMS 0x0000000088900000| PB 0x0000000088900000| Untracked 
|  80|0x0000000088a00000, 0x0000000088a00000, 0x0000000088b00000|  0%| F|  |TAMS 0x0000000088a00000| PB 0x0000000088a00000| Untracked 
|  81|0x0000000088b00000, 0x0000000088b00000, 0x0000000088c00000|  0%| F|  |TAMS 0x0000000088b00000| PB 0x0000000088b00000| Untracked 
|  82|0x0000000088c00000, 0x0000000088c00000, 0x0000000088d00000|  0%| F|  |TAMS 0x0000000088c00000| PB 0x0000000088c00000| Untracked 
|  83|0x0000000088d00000, 0x0000000088d00000, 0x0000000088e00000|  0%| F|  |TAMS 0x0000000088d00000| PB 0x0000000088d00000| Untracked 
|  84|0x0000000088e00000, 0x0000000088e00000, 0x0000000088f00000|  0%| F|  |TAMS 0x0000000088e00000| PB 0x0000000088e00000| Untracked 
|  85|0x0000000088f00000, 0x0000000088f00000, 0x0000000089000000|  0%| F|  |TAMS 0x0000000088f00000| PB 0x0000000088f00000| Untracked 
|  86|0x0000000089000000, 0x0000000089000000, 0x0000000089100000|  0%| F|  |TAMS 0x0000000089000000| PB 0x0000000089000000| Untracked 
|  87|0x0000000089100000, 0x0000000089100000, 0x0000000089200000|  0%| F|  |TAMS 0x0000000089100000| PB 0x0000000089100000| Untracked 
|  88|0x0000000089200000, 0x0000000089200000, 0x0000000089300000|  0%| F|  |TAMS 0x0000000089200000| PB 0x0000000089200000| Untracked 
|  89|0x0000000089300000, 0x0000000089300000, 0x0000000089400000|  0%| F|  |TAMS 0x0000000089300000| PB 0x0000000089300000| Untracked 
|  90|0x0000000089400000, 0x0000000089400000, 0x0000000089500000|  0%| F|  |TAMS 0x0000000089400000| PB 0x0000000089400000| Untracked 
|  91|0x0000000089500000, 0x0000000089500000, 0x0000000089600000|  0%| F|  |TAMS 0x0000000089500000| PB 0x0000000089500000| Untracked 
|  92|0x0000000089600000, 0x0000000089600000, 0x0000000089700000|  0%| F|  |TAMS 0x0000000089600000| PB 0x0000000089600000| Untracked 
|  93|0x0000000089700000, 0x0000000089700000, 0x0000000089800000|  0%| F|  |TAMS 0x0000000089700000| PB 0x0000000089700000| Untracked 
|  94|0x0000000089800000, 0x0000000089800000, 0x0000000089900000|  0%| F|  |TAMS 0x0000000089800000| PB 0x0000000089800000| Untracked 
|  95|0x0000000089900000, 0x0000000089900000, 0x0000000089a00000|  0%| F|  |TAMS 0x0000000089900000| PB 0x0000000089900000| Untracked 
|  96|0x0000000089a00000, 0x0000000089a00000, 0x0000000089b00000|  0%| F|  |TAMS 0x0000000089a00000| PB 0x0000000089a00000| Untracked 
|  97|0x0000000089b00000, 0x0000000089b00000, 0x0000000089c00000|  0%| F|  |TAMS 0x0000000089b00000| PB 0x0000000089b00000| Untracked 
|  98|0x0000000089c00000, 0x0000000089c00000, 0x0000000089d00000|  0%| F|  |TAMS 0x0000000089c00000| PB 0x0000000089c00000| Untracked 
|  99|0x0000000089d00000, 0x0000000089d00000, 0x0000000089e00000|  0%| F|  |TAMS 0x0000000089d00000| PB 0x0000000089d00000| Untracked 
| 100|0x0000000089e00000, 0x0000000089e00000, 0x0000000089f00000|  0%| F|  |TAMS 0x0000000089e00000| PB 0x0000000089e00000| Untracked 
| 101|0x0000000089f00000, 0x0000000089f00000, 0x000000008a000000|  0%| F|  |TAMS 0x0000000089f00000| PB 0x0000000089f00000| Untracked 
| 102|0x000000008a000000, 0x000000008a000000, 0x000000008a100000|  0%| F|  |TAMS 0x000000008a000000| PB 0x000000008a000000| Untracked 
| 103|0x000000008a100000, 0x000000008a100000, 0x000000008a200000|  0%| F|  |TAMS 0x000000008a100000| PB 0x000000008a100000| Untracked 
| 104|0x000000008a200000, 0x000000008a200000, 0x000000008a300000|  0%| F|  |TAMS 0x000000008a200000| PB 0x000000008a200000| Untracked 
| 105|0x000000008a300000, 0x000000008a300000, 0x000000008a400000|  0%| F|  |TAMS 0x000000008a300000| PB 0x000000008a300000| Untracked 
| 106|0x000000008a400000, 0x000000008a400000, 0x000000008a500000|  0%| F|  |TAMS 0x000000008a400000| PB 0x000000008a400000| Untracked 
| 107|0x000000008a500000, 0x000000008a500000, 0x000000008a600000|  0%| F|  |TAMS 0x000000008a500000| PB 0x000000008a500000| Untracked 
| 108|0x000000008a600000, 0x000000008a600000, 0x000000008a700000|  0%| F|  |TAMS 0x000000008a600000| PB 0x000000008a600000| Untracked 
| 109|0x000000008a700000, 0x000000008a700000, 0x000000008a800000|  0%| F|  |TAMS 0x000000008a700000| PB 0x000000008a700000| Untracked 
| 110|0x000000008a800000, 0x000000008a800000, 0x000000008a900000|  0%| F|  |TAMS 0x000000008a800000| PB 0x000000008a800000| Untracked 
| 111|0x000000008a900000, 0x000000008a900000, 0x000000008aa00000|  0%| F|  |TAMS 0x000000008a900000| PB 0x000000008a900000| Untracked 
| 112|0x000000008aa00000, 0x000000008aa00000, 0x000000008ab00000|  0%| F|  |TAMS 0x000000008aa00000| PB 0x000000008aa00000| Untracked 
| 113|0x000000008ab00000, 0x000000008ab00000, 0x000000008ac00000|  0%| F|  |TAMS 0x000000008ab00000| PB 0x000000008ab00000| Untracked 
| 114|0x000000008ac00000, 0x000000008ac00000, 0x000000008ad00000|  0%| F|  |TAMS 0x000000008ac00000| PB 0x000000008ac00000| Untracked 
| 115|0x000000008ad00000, 0x000000008ad00000, 0x000000008ae00000|  0%| F|  |TAMS 0x000000008ad00000| PB 0x000000008ad00000| Untracked 
| 116|0x000000008ae00000, 0x000000008ae00000, 0x000000008af00000|  0%| F|  |TAMS 0x000000008ae00000| PB 0x000000008ae00000| Untracked 
| 117|0x000000008af00000, 0x000000008af00000, 0x000000008b000000|  0%| F|  |TAMS 0x000000008af00000| PB 0x000000008af00000| Untracked 
| 118|0x000000008b000000, 0x000000008b000000, 0x000000008b100000|  0%| F|  |TAMS 0x000000008b000000| PB 0x000000008b000000| Untracked 
| 119|0x000000008b100000, 0x000000008b100000, 0x000000008b200000|  0%| F|  |TAMS 0x000000008b100000| PB 0x000000008b100000| Untracked 
| 120|0x000000008b200000, 0x000000008b200000, 0x000000008b300000|  0%| F|  |TAMS 0x000000008b200000| PB 0x000000008b200000| Untracked 
| 121|0x000000008b300000, 0x000000008b300000, 0x000000008b400000|  0%| F|  |TAMS 0x000000008b300000| PB 0x000000008b300000| Untracked 
| 122|0x000000008b400000, 0x000000008b400000, 0x000000008b500000|  0%| F|  |TAMS 0x000000008b400000| PB 0x000000008b400000| Untracked 
| 123|0x000000008b500000, 0x000000008b500000, 0x000000008b600000|  0%| F|  |TAMS 0x000000008b500000| PB 0x000000008b500000| Untracked 
| 124|0x000000008b600000, 0x000000008b600000, 0x000000008b700000|  0%| F|  |TAMS 0x000000008b600000| PB 0x000000008b600000| Untracked 
| 125|0x000000008b700000, 0x000000008b700000, 0x000000008b800000|  0%| F|  |TAMS 0x000000008b700000| PB 0x000000008b700000| Untracked 
| 126|0x000000008b800000, 0x000000008b800000, 0x000000008b900000|  0%| F|  |TAMS 0x000000008b800000| PB 0x000000008b800000| Untracked 
| 127|0x000000008b900000, 0x000000008b900000, 0x000000008ba00000|  0%| F|  |TAMS 0x000000008b900000| PB 0x000000008b900000| Untracked 
| 128|0x000000008ba00000, 0x000000008ba00000, 0x000000008bb00000|  0%| F|  |TAMS 0x000000008ba00000| PB 0x000000008ba00000| Untracked 
| 129|0x000000008bb00000, 0x000000008bb00000, 0x000000008bc00000|  0%| F|  |TAMS 0x000000008bb00000| PB 0x000000008bb00000| Untracked 
| 130|0x000000008bc00000, 0x000000008bc00000, 0x000000008bd00000|  0%| F|  |TAMS 0x000000008bc00000| PB 0x000000008bc00000| Untracked 
| 131|0x000000008bd00000, 0x000000008bd00000, 0x000000008be00000|  0%| F|  |TAMS 0x000000008bd00000| PB 0x000000008bd00000| Untracked 
| 132|0x000000008be00000, 0x000000008be00000, 0x000000008bf00000|  0%| F|  |TAMS 0x000000008be00000| PB 0x000000008be00000| Untracked 
| 133|0x000000008bf00000, 0x000000008bf00000, 0x000000008c000000|  0%| F|  |TAMS 0x000000008bf00000| PB 0x000000008bf00000| Untracked 
| 134|0x000000008c000000, 0x000000008c000000, 0x000000008c100000|  0%| F|  |TAMS 0x000000008c000000| PB 0x000000008c000000| Untracked 
| 135|0x000000008c100000, 0x000000008c100000, 0x000000008c200000|  0%| F|  |TAMS 0x000000008c100000| PB 0x000000008c100000| Untracked 
| 136|0x000000008c200000, 0x000000008c200000, 0x000000008c300000|  0%| F|  |TAMS 0x000000008c200000| PB 0x000000008c200000| Untracked 
| 137|0x000000008c300000, 0x000000008c300000, 0x000000008c400000|  0%| F|  |TAMS 0x000000008c300000| PB 0x000000008c300000| Untracked 
| 138|0x000000008c400000, 0x000000008c400000, 0x000000008c500000|  0%| F|  |TAMS 0x000000008c400000| PB 0x000000008c400000| Untracked 
| 139|0x000000008c500000, 0x000000008c500000, 0x000000008c600000|  0%| F|  |TAMS 0x000000008c500000| PB 0x000000008c500000| Untracked 
| 140|0x000000008c600000, 0x000000008c600000, 0x000000008c700000|  0%| F|  |TAMS 0x000000008c600000| PB 0x000000008c600000| Untracked 
| 141|0x000000008c700000, 0x000000008c700000, 0x000000008c800000|  0%| F|  |TAMS 0x000000008c700000| PB 0x000000008c700000| Untracked 
| 142|0x000000008c800000, 0x000000008c800000, 0x000000008c900000|  0%| F|  |TAMS 0x000000008c800000| PB 0x000000008c800000| Untracked 
| 143|0x000000008c900000, 0x000000008c900000, 0x000000008ca00000|  0%| F|  |TAMS 0x000000008c900000| PB 0x000000008c900000| Untracked 
| 144|0x000000008ca00000, 0x000000008ca00000, 0x000000008cb00000|  0%| F|  |TAMS 0x000000008ca00000| PB 0x000000008ca00000| Untracked 
| 145|0x000000008cb00000, 0x000000008cb00000, 0x000000008cc00000|  0%| F|  |TAMS 0x000000008cb00000| PB 0x000000008cb00000| Untracked 
| 146|0x000000008cc00000, 0x000000008cc00000, 0x000000008cd00000|  0%| F|  |TAMS 0x000000008cc00000| PB 0x000000008cc00000| Untracked 
| 147|0x000000008cd00000, 0x000000008cd00000, 0x000000008ce00000|  0%| F|  |TAMS 0x000000008cd00000| PB 0x000000008cd00000| Untracked 
| 148|0x000000008ce00000, 0x000000008ce00000, 0x000000008cf00000|  0%| F|  |TAMS 0x000000008ce00000| PB 0x000000008ce00000| Untracked 
| 149|0x000000008cf00000, 0x000000008cf00000, 0x000000008d000000|  0%| F|  |TAMS 0x000000008cf00000| PB 0x000000008cf00000| Untracked 
| 150|0x000000008d000000, 0x000000008d000000, 0x000000008d100000|  0%| F|  |TAMS 0x000000008d000000| PB 0x000000008d000000| Untracked 
| 151|0x000000008d100000, 0x000000008d100000, 0x000000008d200000|  0%| F|  |TAMS 0x000000008d100000| PB 0x000000008d100000| Untracked 
| 152|0x000000008d200000, 0x000000008d200000, 0x000000008d300000|  0%| F|  |TAMS 0x000000008d200000| PB 0x000000008d200000| Untracked 
| 153|0x000000008d300000, 0x000000008d300000, 0x000000008d400000|  0%| F|  |TAMS 0x000000008d300000| PB 0x000000008d300000| Untracked 
| 154|0x000000008d400000, 0x000000008d400000, 0x000000008d500000|  0%| F|  |TAMS 0x000000008d400000| PB 0x000000008d400000| Untracked 
| 155|0x000000008d500000, 0x000000008d500000, 0x000000008d600000|  0%| F|  |TAMS 0x000000008d500000| PB 0x000000008d500000| Untracked 
| 156|0x000000008d600000, 0x000000008d600000, 0x000000008d700000|  0%| F|  |TAMS 0x000000008d600000| PB 0x000000008d600000| Untracked 
| 157|0x000000008d700000, 0x000000008d700000, 0x000000008d800000|  0%| F|  |TAMS 0x000000008d700000| PB 0x000000008d700000| Untracked 
| 158|0x000000008d800000, 0x000000008d800000, 0x000000008d900000|  0%| F|  |TAMS 0x000000008d800000| PB 0x000000008d800000| Untracked 
| 159|0x000000008d900000, 0x000000008d900000, 0x000000008da00000|  0%| F|  |TAMS 0x000000008d900000| PB 0x000000008d900000| Untracked 
| 160|0x000000008da00000, 0x000000008dad61c0, 0x000000008db00000| 83%| E|  |TAMS 0x000000008da00000| PB 0x000000008da00000| Complete 
| 161|0x000000008db00000, 0x000000008dc00000, 0x000000008dc00000|100%| E|CS|TAMS 0x000000008db00000| PB 0x000000008db00000| Complete 
| 162|0x000000008dc00000, 0x000000008dd00000, 0x000000008dd00000|100%| E|CS|TAMS 0x000000008dc00000| PB 0x000000008dc00000| Complete 
| 163|0x000000008dd00000, 0x000000008de00000, 0x000000008de00000|100%| E|CS|TAMS 0x000000008dd00000| PB 0x000000008dd00000| Complete 
| 164|0x000000008de00000, 0x000000008df00000, 0x000000008df00000|100%| E|CS|TAMS 0x000000008de00000| PB 0x000000008de00000| Complete 
| 165|0x000000008df00000, 0x000000008e000000, 0x000000008e000000|100%| E|CS|TAMS 0x000000008df00000| PB 0x000000008df00000| Complete 
| 166|0x000000008e000000, 0x000000008e100000, 0x000000008e100000|100%| E|CS|TAMS 0x000000008e000000| PB 0x000000008e000000| Complete 
| 167|0x000000008e100000, 0x000000008e200000, 0x000000008e200000|100%| E|CS|TAMS 0x000000008e100000| PB 0x000000008e100000| Complete 
| 168|0x000000008e200000, 0x000000008e300000, 0x000000008e300000|100%| E|CS|TAMS 0x000000008e200000| PB 0x000000008e200000| Complete 
| 169|0x000000008e300000, 0x000000008e400000, 0x000000008e400000|100%| E|CS|TAMS 0x000000008e300000| PB 0x000000008e300000| Complete 
| 170|0x000000008e400000, 0x000000008e500000, 0x000000008e500000|100%| E|CS|TAMS 0x000000008e400000| PB 0x000000008e400000| Complete 
| 171|0x000000008e500000, 0x000000008e600000, 0x000000008e600000|100%| E|CS|TAMS 0x000000008e500000| PB 0x000000008e500000| Complete 
| 172|0x000000008e600000, 0x000000008e700000, 0x000000008e700000|100%| E|CS|TAMS 0x000000008e600000| PB 0x000000008e600000| Complete 
| 173|0x000000008e700000, 0x000000008e800000, 0x000000008e800000|100%| E|CS|TAMS 0x000000008e700000| PB 0x000000008e700000| Complete 
| 174|0x000000008e800000, 0x000000008e900000, 0x000000008e900000|100%| E|CS|TAMS 0x000000008e800000| PB 0x000000008e800000| Complete 
| 175|0x000000008e900000, 0x000000008ea00000, 0x000000008ea00000|100%| E|CS|TAMS 0x000000008e900000| PB 0x000000008e900000| Complete 
| 176|0x000000008ea00000, 0x000000008eb00000, 0x000000008eb00000|100%| E|CS|TAMS 0x000000008ea00000| PB 0x000000008ea00000| Complete 
| 177|0x000000008eb00000, 0x000000008ec00000, 0x000000008ec00000|100%| E|CS|TAMS 0x000000008eb00000| PB 0x000000008eb00000| Complete 
| 178|0x000000008ec00000, 0x000000008ed00000, 0x000000008ed00000|100%| E|CS|TAMS 0x000000008ec00000| PB 0x000000008ec00000| Complete 
|1989|0x00000000fff00000, 0x0000000100000000, 0x0000000100000000|100%| O|  |TAMS 0x00000000fff00000| PB 0x00000000fff00000| Untracked 

Card table byte_map: [0x000001f140480000,0x000001f140870000] _byte_map_base: 0x000001f140063000

Marking Bits: (CMBitMap*) 0x000001f12bc60c10
 Bits: [0x000001f140870000, 0x000001f142788000)

Polling page: 0x000001f12bcd0000

Metaspace:

Usage:
  Non-class:     50.17 MB used.
      Class:      6.32 MB used.
       Both:     56.48 MB used.

Virtual space:
  Non-class space:       64.00 MB reserved,      50.31 MB ( 79%) committed,  1 nodes.
      Class space:        1.00 GB reserved,       6.44 MB ( <1%) committed,  1 nodes.
             Both:        1.06 GB reserved,      56.75 MB (  5%) committed. 

Chunk freelists:
   Non-Class:  13.33 MB
       Class:  9.50 MB
        Both:  22.83 MB

MaxMetaspaceSize: unlimited
CompressedClassSpaceSize: 1.00 GB
Initial GC threshold: 21.00 MB
Current GC threshold: 93.69 MB
CDS: off
 - commit_granule_bytes: 65536.
 - commit_granule_words: 8192.
 - virtual_space_node_default_size: 8388608.
 - enlarge_chunks_in_place: 1.
 - use_allocation_guard: 0.


Internal statistics:

num_allocs_failed_limit: 6.
num_arena_births: 308.
num_arena_deaths: 0.
num_vsnodes_births: 2.
num_vsnodes_deaths: 0.
num_space_committed: 907.
num_space_uncommitted: 0.
num_chunks_returned_to_freelist: 6.
num_chunks_taken_from_freelist: 2053.
num_chunk_merges: 6.
num_chunk_splits: 1681.
num_chunks_enlarged: 1519.
num_inconsistent_stats: 0.

CodeHeap 'non-profiled nmethods': size=120000Kb used=3039Kb max_used=3039Kb free=116960Kb
 bounds [0x000001f1381e0000, 0x000001f1384e0000, 0x000001f13f710000]
CodeHeap 'profiled nmethods': size=120000Kb used=15784Kb max_used=15784Kb free=104215Kb
 bounds [0x000001f130710000, 0x000001f131680000, 0x000001f137c40000]
CodeHeap 'non-nmethods': size=5760Kb used=1621Kb max_used=1710Kb free=4138Kb
 bounds [0x000001f137c40000, 0x000001f137eb0000, 0x000001f1381e0000]
 total_blobs=6514 nmethods=5838 adapters=580
 compilation: enabled
              stopped_count=0, restarted_count=0
 full_count=0

Compilation events (20 events):
Event: 6.195 Thread 0x000001f1453e53e0 nmethod 6298 0x000001f131639f10 code [0x000001f13163a200, 0x000001f13163b4e8]
Event: 6.195 Thread 0x000001f1453e53e0 6300       3       sun.nio.fs.WindowsPathParser::isLetter (30 bytes)
Event: 6.195 Thread 0x000001f1453e53e0 nmethod 6300 0x000001f13163ba10 code [0x000001f13163bbc0, 0x000001f13163bd90]
Event: 6.195 Thread 0x000001f1453e53e0 6301       1       org.jetbrains.kotlin.fir.java.enhancement.FirEnhancedSymbolsStorage$EnhancementSymbolsCache::getEnhancedVariables (5 bytes)
Event: 6.195 Thread 0x000001f1453e53e0 nmethod 6301 0x000001f1384d5410 code [0x000001f1384d55a0, 0x000001f1384d5668]
Event: 6.196 Thread 0x000001f14d5a2790 nmethod 6277 0x000001f1384d5710 code [0x000001f1384d5a00, 0x000001f1384d6a50]
Event: 6.196 Thread 0x000001f14d5a2790 6302       4       org.jetbrains.kotlin.fir.scopes.impl.AbstractFirUseSiteMemberScope::processPropertiesByName (139 bytes)
Event: 6.199 Thread 0x000001f1453e53e0 6305       1       org.jetbrains.kotlin.fir.declarations.synthetic.FirSyntheticPropertyAccessor::getDelegate (5 bytes)
Event: 6.200 Thread 0x000001f1453e53e0 nmethod 6305 0x000001f1384d7590 code [0x000001f1384d7720, 0x000001f1384d77e8]
Event: 6.200 Thread 0x000001f1453e53e0 6306       1       org.jetbrains.kotlin.fir.declarations.synthetic.FirSyntheticProperty::getSymbol (5 bytes)
Event: 6.200 Thread 0x000001f1453e53e0 nmethod 6306 0x000001f1384d7890 code [0x000001f1384d7a20, 0x000001f1384d7ae8]
Event: 6.200 Thread 0x000001f1453e53e0 6307       1       org.jetbrains.kotlin.fir.declarations.synthetic.FirSyntheticProperty::getStatus (5 bytes)
Event: 6.200 Thread 0x000001f1453e53e0 nmethod 6307 0x000001f1384d7b90 code [0x000001f1384d7d20, 0x000001f1384d7de8]
Event: 6.200 Thread 0x000001f1453e53e0 6308       3       org.jetbrains.kotlin.fir.analysis.checkers.declaration.FirOverrideChecker$check$2::invoke (12 bytes)
Event: 6.201 Thread 0x000001f1453e53e0 nmethod 6308 0x000001f13163be10 code [0x000001f13163bfc0, 0x000001f13163c1e0]
Event: 6.201 Thread 0x000001f1453e53e0 6311       3       org.jetbrains.kotlin.fir.analysis.checkers.declaration.FirOverrideChecker::check$checkMember (99 bytes)
Event: 6.203 Thread 0x000001f1453e53e0 nmethod 6311 0x000001f13163c290 code [0x000001f13163c7c0, 0x000001f13163ec40]
Event: 6.203 Thread 0x000001f1453e53e0 6315       3       org.jetbrains.kotlin.fir.analysis.checkers.declaration.FirNotImplementedOverrideChecker$check$2::<init> (63 bytes)
Event: 6.203 Thread 0x000001f1453e53e0 nmethod 6315 0x000001f13163f910 code [0x000001f13163fae0, 0x000001f13163ffd8]
Event: 6.203 Thread 0x000001f1453e53e0 6316       3       org.jetbrains.kotlin.fir.analysis.checkers.declaration.FirNotImplementedOverrideChecker::check$collectSymbol (994 bytes)

GC Heap History (20 events):
Event: 2.607 GC heap before
{Heap before GC invocations=10 (full 0):
 garbage-first heap   total 44032K, used 34638K [0x0000000083a00000, 0x0000000100000000)
  region size 1024K, 20 young (20480K), 2 survivors (2048K)
 Metaspace       used 45555K, committed 45888K, reserved 1114112K
  class space    used 5272K, committed 5440K, reserved 1048576K
}
Event: 2.613 GC heap after
{Heap after GC invocations=11 (full 0):
 garbage-first heap   total 44032K, used 18181K [0x0000000083a00000, 0x0000000100000000)
  region size 1024K, 3 young (3072K), 3 survivors (3072K)
 Metaspace       used 45555K, committed 45888K, reserved 1114112K
  class space    used 5272K, committed 5440K, reserved 1048576K
}
Event: 2.870 GC heap before
{Heap before GC invocations=11 (full 0):
 garbage-first heap   total 44032K, used 36613K [0x0000000083a00000, 0x0000000100000000)
  region size 1024K, 21 young (21504K), 3 survivors (3072K)
 Metaspace       used 47345K, committed 47616K, reserved 1114112K
  class space    used 5440K, committed 5568K, reserved 1048576K
}
Event: 2.880 GC heap after
{Heap after GC invocations=12 (full 0):
 garbage-first heap   total 45056K, used 22862K [0x0000000083a00000, 0x0000000100000000)
  region size 1024K, 3 young (3072K), 3 survivors (3072K)
 Metaspace       used 47345K, committed 47616K, reserved 1114112K
  class space    used 5440K, committed 5568K, reserved 1048576K
}
Event: 2.952 GC heap before
{Heap before GC invocations=12 (full 0):
 garbage-first heap   total 45056K, used 31054K [0x0000000083a00000, 0x0000000100000000)
  region size 1024K, 12 young (12288K), 3 survivors (3072K)
 Metaspace       used 47758K, committed 48064K, reserved 1114112K
  class space    used 5482K, committed 5632K, reserved 1048576K
}
Event: 2.966 GC heap after
{Heap after GC invocations=13 (full 0):
 garbage-first heap   total 45056K, used 26385K [0x0000000083a00000, 0x0000000100000000)
  region size 1024K, 2 young (2048K), 2 survivors (2048K)
 Metaspace       used 47758K, committed 48064K, reserved 1114112K
  class space    used 5482K, committed 5632K, reserved 1048576K
}
Event: 3.012 GC heap before
{Heap before GC invocations=14 (full 0):
 garbage-first heap   total 46080K, used 37649K [0x0000000083a00000, 0x0000000100000000)
  region size 1024K, 12 young (12288K), 2 survivors (2048K)
 Metaspace       used 47785K, committed 48128K, reserved 1114112K
  class space    used 5483K, committed 5632K, reserved 1048576K
}
Event: 3.019 GC heap after
{Heap after GC invocations=15 (full 0):
 garbage-first heap   total 46080K, used 31453K [0x0000000083a00000, 0x0000000100000000)
  region size 1024K, 2 young (2048K), 2 survivors (2048K)
 Metaspace       used 47785K, committed 48128K, reserved 1114112K
  class space    used 5483K, committed 5632K, reserved 1048576K
}
Event: 3.041 GC heap before
{Heap before GC invocations=15 (full 0):
 garbage-first heap   total 46080K, used 37597K [0x0000000083a00000, 0x0000000100000000)
  region size 1024K, 9 young (9216K), 2 survivors (2048K)
 Metaspace       used 47797K, committed 48128K, reserved 1114112K
  class space    used 5483K, committed 5632K, reserved 1048576K
}
Event: 3.050 GC heap after
{Heap after GC invocations=16 (full 0):
 garbage-first heap   total 92160K, used 34481K [0x0000000083a00000, 0x0000000100000000)
  region size 1024K, 2 young (2048K), 2 survivors (2048K)
 Metaspace       used 47797K, committed 48128K, reserved 1114112K
  class space    used 5483K, committed 5632K, reserved 1048576K
}
Event: 3.618 GC heap before
{Heap before GC invocations=16 (full 0):
 garbage-first heap   total 92160K, used 67249K [0x0000000083a00000, 0x0000000100000000)
  region size 1024K, 35 young (35840K), 2 survivors (2048K)
 Metaspace       used 52314K, committed 52608K, reserved 1114112K
  class space    used 5988K, committed 6144K, reserved 1048576K
}
Event: 3.632 GC heap after
{Heap after GC invocations=17 (full 0):
 garbage-first heap   total 92160K, used 41267K [0x0000000083a00000, 0x0000000100000000)
  region size 1024K, 5 young (5120K), 5 survivors (5120K)
 Metaspace       used 52314K, committed 52608K, reserved 1114112K
  class space    used 5988K, committed 6144K, reserved 1048576K
}
Event: 4.154 GC heap before
{Heap before GC invocations=17 (full 0):
 garbage-first heap   total 92160K, used 69939K [0x0000000083a00000, 0x0000000100000000)
  region size 1024K, 33 young (33792K), 5 survivors (5120K)
 Metaspace       used 53798K, committed 54144K, reserved 1114112K
  class space    used 6129K, committed 6272K, reserved 1048576K
}
Event: 4.174 GC heap after
{Heap after GC invocations=18 (full 0):
 garbage-first heap   total 92160K, used 48603K [0x0000000083a00000, 0x0000000100000000)
  region size 1024K, 5 young (5120K), 5 survivors (5120K)
 Metaspace       used 53798K, committed 54144K, reserved 1114112K
  class space    used 6129K, committed 6272K, reserved 1048576K
}
Event: 4.650 GC heap before
{Heap before GC invocations=18 (full 0):
 garbage-first heap   total 92160K, used 73179K [0x0000000083a00000, 0x0000000100000000)
  region size 1024K, 29 young (29696K), 5 survivors (5120K)
 Metaspace       used 57172K, committed 57472K, reserved 1114112K
  class space    used 6442K, committed 6592K, reserved 1048576K
}
Event: 4.666 GC heap after
{Heap after GC invocations=19 (full 0):
 garbage-first heap   total 92160K, used 53157K [0x0000000083a00000, 0x0000000100000000)
  region size 1024K, 4 young (4096K), 4 survivors (4096K)
 Metaspace       used 57172K, committed 57472K, reserved 1114112K
  class space    used 6442K, committed 6592K, reserved 1048576K
}
Event: 4.924 GC heap before
{Heap before GC invocations=20 (full 0):
 garbage-first heap   total 92160K, used 74661K [0x0000000083a00000, 0x0000000100000000)
  region size 1024K, 27 young (27648K), 4 survivors (4096K)
 Metaspace       used 57648K, committed 57920K, reserved 1114112K
  class space    used 6464K, committed 6592K, reserved 1048576K
}
Event: 4.937 GC heap after
{Heap after GC invocations=21 (full 0):
 garbage-first heap   total 92160K, used 57307K [0x0000000083a00000, 0x0000000100000000)
  region size 1024K, 4 young (4096K), 4 survivors (4096K)
 Metaspace       used 57648K, committed 57920K, reserved 1114112K
  class space    used 6464K, committed 6592K, reserved 1048576K
}
Event: 5.106 GC heap before
{Heap before GC invocations=21 (full 0):
 garbage-first heap   total 92160K, used 78811K [0x0000000083a00000, 0x0000000100000000)
  region size 1024K, 25 young (25600K), 4 survivors (4096K)
 Metaspace       used 57731K, committed 57984K, reserved 1114112K
  class space    used 6464K, committed 6592K, reserved 1048576K
}
Event: 5.167 GC heap after
{Heap after GC invocations=22 (full 0):
 garbage-first heap   total 184320K, used 62898K [0x0000000083a00000, 0x0000000100000000)
  region size 1024K, 4 young (4096K), 4 survivors (4096K)
 Metaspace       used 57731K, committed 57984K, reserved 1114112K
  class space    used 6464K, committed 6592K, reserved 1048576K
}

Dll operation events (3 events):
Event: 0.006 Loaded shared library C:\Program Files\Android\Android Studio\jbr\bin\java.dll
Event: 0.011 Loaded shared library C:\Program Files\Android\Android Studio\jbr\bin\zip.dll
Event: 1.326 Loaded shared library C:\Program Files\Android\Android Studio\jbr\bin\verify.dll

Deoptimization events (20 events):
Event: 4.764 Thread 0x000001f12ba53f90 Uncommon trap: trap_request=0xffffff45 fr.pc=0x000001f1384a6228 relative=0x00000000000003a8
Event: 4.764 Thread 0x000001f12ba53f90 Uncommon trap: reason=unstable_if action=reinterpret pc=0x000001f1384a6228 method=org.jetbrains.kotlin.fir.types.ConeBuiltinTypeUtilsKt.isBuiltinType(Lorg/jetbrains/kotlin/fir/types/ConeKotlinType;Lorg/jetbrains/kotlin/name/ClassId;Ljava/lang/Boolean;)Z @
Event: 4.764 Thread 0x000001f12ba53f90 DEOPT PACKING pc=0x000001f1384a6228 sp=0x00000075906fd2c0
Event: 4.764 Thread 0x000001f12ba53f90 DEOPT UNPACKING pc=0x000001f137c946a2 sp=0x00000075906fd270 mode 2
Event: 4.772 Thread 0x000001f12ba53f90 DEOPT PACKING pc=0x000001f13105c67d sp=0x00000075906fbd80
Event: 4.772 Thread 0x000001f12ba53f90 DEOPT UNPACKING pc=0x000001f137c94e42 sp=0x00000075906fb210 mode 0
Event: 4.874 Thread 0x000001f12ba53f90 DEOPT PACKING pc=0x000001f13105c67d sp=0x00000075906fa830
Event: 4.874 Thread 0x000001f12ba53f90 DEOPT UNPACKING pc=0x000001f137c94e42 sp=0x00000075906f9cc0 mode 0
Event: 5.008 Thread 0x000001f12ba53f90 Uncommon trap: trap_request=0xffffffde fr.pc=0x000001f138471f2c relative=0x0000000000000c0c
Event: 5.008 Thread 0x000001f12ba53f90 Uncommon trap: reason=class_check action=maybe_recompile pc=0x000001f138471f2c method=org.jetbrains.org.objectweb.asm.ClassReader.readElementValue(Lorg/jetbrains/org/objectweb/asm/AnnotationVisitor;ILjava/lang/String;[C)I @ 593 c2
Event: 5.008 Thread 0x000001f12ba53f90 DEOPT PACKING pc=0x000001f138471f2c sp=0x00000075906fa060
Event: 5.008 Thread 0x000001f12ba53f90 DEOPT UNPACKING pc=0x000001f137c946a2 sp=0x00000075906f9fb0 mode 2
Event: 5.008 Thread 0x000001f12ba53f90 Uncommon trap: trap_request=0xffffffde fr.pc=0x000001f138471f2c relative=0x0000000000000c0c
Event: 5.008 Thread 0x000001f12ba53f90 Uncommon trap: reason=class_check action=maybe_recompile pc=0x000001f138471f2c method=org.jetbrains.org.objectweb.asm.ClassReader.readElementValue(Lorg/jetbrains/org/objectweb/asm/AnnotationVisitor;ILjava/lang/String;[C)I @ 593 c2
Event: 5.008 Thread 0x000001f12ba53f90 DEOPT PACKING pc=0x000001f138471f2c sp=0x00000075906fa060
Event: 5.008 Thread 0x000001f12ba53f90 DEOPT UNPACKING pc=0x000001f137c946a2 sp=0x00000075906f9fb0 mode 2
Event: 5.008 Thread 0x000001f12ba53f90 Uncommon trap: trap_request=0xffffffde fr.pc=0x000001f138471f2c relative=0x0000000000000c0c
Event: 5.008 Thread 0x000001f12ba53f90 Uncommon trap: reason=class_check action=maybe_recompile pc=0x000001f138471f2c method=org.jetbrains.org.objectweb.asm.ClassReader.readElementValue(Lorg/jetbrains/org/objectweb/asm/AnnotationVisitor;ILjava/lang/String;[C)I @ 593 c2
Event: 5.008 Thread 0x000001f12ba53f90 DEOPT PACKING pc=0x000001f138471f2c sp=0x00000075906fa060
Event: 5.008 Thread 0x000001f12ba53f90 DEOPT UNPACKING pc=0x000001f137c946a2 sp=0x00000075906f9fb0 mode 2

Classes loaded (20 events):
Event: 3.742 Loading class java/security/CodeSigner
Event: 3.742 Loading class java/security/CodeSigner done
Event: 4.403 Loading class java/text/MessageFormat
Event: 4.404 Loading class java/text/Format
Event: 4.404 Loading class java/text/Format done
Event: 4.404 Loading class java/text/MessageFormat done
Event: 4.404 Loading class java/util/Locale$Category
Event: 4.404 Loading class java/util/Locale$Category done
Event: 4.437 Loading class java/text/ChoiceFormat
Event: 4.438 Loading class java/text/NumberFormat
Event: 4.438 Loading class java/text/NumberFormat done
Event: 4.438 Loading class java/text/ChoiceFormat done
Event: 4.510 Loading class java/util/EnumMap$EntrySet
Event: 4.510 Loading class java/util/EnumMap$EntrySet done
Event: 4.510 Loading class java/util/EnumMap$EntryIterator
Event: 4.510 Loading class java/util/EnumMap$EnumMapIterator
Event: 4.511 Loading class java/util/EnumMap$EnumMapIterator done
Event: 4.511 Loading class java/util/EnumMap$EntryIterator done
Event: 4.511 Loading class java/util/EnumMap$EntryIterator$Entry
Event: 4.511 Loading class java/util/EnumMap$EntryIterator$Entry done

Classes unloaded (0 events):
No events

Classes redefined (0 events):
No events

Internal exceptions (20 events):
Event: 3.483 Thread 0x000001f12ba53f90 Exception <a 'java/lang/NoSuchMethodError'{0x0000000087783648}: 'java.lang.Object java.lang.invoke.Invokers$Holder.linkToTargetMethod(java.lang.Object, java.lang.Object, java.lang.Object, int, java.lang.Object)'> (0x0000000087783648) 
thrown [s\src\hotspot\share\interpreter\linkResolver.cpp, line 784]
Event: 3.499 Thread 0x000001f12ba53f90 Exception <a 'java/lang/NoSuchMethodError'{0x00000000877f6508}: 'java.lang.Object java.lang.invoke.DirectMethodHandle$Holder.newInvokeSpecial(java.lang.Object, java.lang.Object, java.lang.Object, java.lang.Object, java.lang.Object, java.lang.Object, java.lang.Object, java.lang.Object, java.lang.Object)'> (0x00000000877f6508) 
thrown [s\src\hotspot\share\interpreter\linkResolver.cpp, line 784]
Event: 3.508 Thread 0x000001f12ba53f90 Exception <a 'java/lang/NoSuchMethodError'{0x0000000087660408}: 'java.lang.Object java.lang.invoke.DirectMethodHandle$Holder.newInvokeSpecial(java.lang.Object, java.lang.Object, java.lang.Object, int)'> (0x0000000087660408) 
thrown [s\src\hotspot\share\interpreter\linkResolver.cpp, line 784]
Event: 3.508 Thread 0x000001f12ba53f90 Exception <a 'java/lang/NoSuchMethodError'{0x0000000087664288}: 'java.lang.Object java.lang.invoke.DirectMethodHandle$Holder.invokeSpecial(java.lang.Object, java.lang.Object, java.lang.Object, java.lang.Object, int)'> (0x0000000087664288) 
thrown [s\src\hotspot\share\interpreter\linkResolver.cpp, line 784]
Event: 3.508 Thread 0x000001f12ba53f90 Exception <a 'java/lang/NoSuchMethodError'{0x00000000876679e0}: 'java.lang.Object java.lang.invoke.Invokers$Holder.linkToTargetMethod(java.lang.Object, java.lang.Object, int, java.lang.Object)'> (0x00000000876679e0) 
thrown [s\src\hotspot\share\interpreter\linkResolver.cpp, line 784]
Event: 3.511 Thread 0x000001f12ba53f90 Exception <a 'java/lang/NoSuchMethodError'{0x0000000087677870}: 'java.lang.Object java.lang.invoke.DirectMethodHandle$Holder.newInvokeSpecial(java.lang.Object, int, java.lang.Object)'> (0x0000000087677870) 
thrown [s\src\hotspot\share\interpreter\linkResolver.cpp, line 784]
Event: 3.515 Thread 0x000001f12ba53f90 Exception <a 'java/lang/NoSuchMethodError'{0x00000000876a50e0}: 'java.lang.Object java.lang.invoke.DirectMethodHandle$Holder.newInvokeSpecial(java.lang.Object, java.lang.Object, java.lang.Object, java.lang.Object, int, java.lang.Object, java.lang.Object)'> (0x00000000876a50e0) 
thrown [s\src\hotspot\share\interpreter\linkResolver.cpp, line 784]
Event: 3.516 Thread 0x000001f12ba53f90 Exception <a 'java/lang/NoSuchMethodError'{0x00000000876ad2c0}: 'java.lang.Object java.lang.invoke.Invokers$Holder.linkToTargetMethod(java.lang.Object, java.lang.Object, java.lang.Object, int, java.lang.Object, java.lang.Object, java.lang.Object)'> (0x00000000876ad2c0) 
thrown [s\src\hotspot\share\interpreter\linkResolver.cpp, line 784]
Event: 3.525 Thread 0x000001f12ba53f90 Exception <a 'java/lang/NoSuchMethodError'{0x000000008751ada8}: 'java.lang.Object java.lang.invoke.DirectMethodHandle$Holder.invokeSpecial(java.lang.Object, java.lang.Object, int, java.lang.Object, java.lang.Object)'> (0x000000008751ada8) 
thrown [s\src\hotspot\share\interpreter\linkResolver.cpp, line 784]
Event: 3.580 Thread 0x000001f12ba53f90 Exception <a 'java/lang/NoSuchMethodError'{0x000000008730bf70}: 'java.lang.Object java.lang.invoke.DirectMethodHandle$Holder.invokeStatic(java.lang.Object, java.lang.Object, java.lang.Object, int, java.lang.Object, java.lang.Object)'> (0x000000008730bf70) 
thrown [s\src\hotspot\share\interpreter\linkResolver.cpp, line 784]
Event: 3.771 Thread 0x000001f12ba53f90 Exception <a 'java/lang/NoSuchMethodError'{0x0000000088ed1508}: 'java.lang.Object java.lang.invoke.DirectMethodHandle$Holder.newInvokeSpecial(java.lang.Object, int, java.lang.Object, java.lang.Object, java.lang.Object)'> (0x0000000088ed1508) 
thrown [s\src\hotspot\share\interpreter\linkResolver.cpp, line 784]
Event: 3.772 Thread 0x000001f12ba53f90 Exception <a 'java/lang/NoSuchMethodError'{0x0000000088ed8f18}: 'java.lang.Object java.lang.invoke.Invokers$Holder.linkToTargetMethod(int, java.lang.Object, java.lang.Object, java.lang.Object, java.lang.Object)'> (0x0000000088ed8f18) 
thrown [s\src\hotspot\share\interpreter\linkResolver.cpp, line 784]
Event: 3.808 Thread 0x000001f12ba53f90 Exception <a 'java/lang/NoSuchMethodError'{0x0000000088cf7990}: 'java.lang.Object java.lang.invoke.DirectMethodHandle$Holder.invokeStatic(java.lang.Object, int, java.lang.Object, java.lang.Object)'> (0x0000000088cf7990) 
thrown [s\src\hotspot\share\interpreter\linkResolver.cpp, line 784]
Event: 4.473 Thread 0x000001f12ba53f90 Implicit null exception at 0x000001f1381ff263 to 0x000001f1381ff2f9
Event: 4.513 Thread 0x000001f12ba53f90 Implicit null exception at 0x000001f1383c14e9 to 0x000001f1383c1664
Event: 4.622 Thread 0x000001f12ba53f90 Exception <a 'java/lang/NoSuchMethodError'{0x0000000087d4e518}: 'java.lang.Object java.lang.invoke.DirectMethodHandle$Holder.newInvokeSpecial(java.lang.Object, java.lang.Object, int, java.lang.Object, java.lang.Object, java.lang.Object)'> (0x0000000087d4e518) 
thrown [s\src\hotspot\share\interpreter\linkResolver.cpp, line 784]
Event: 4.622 Thread 0x000001f12ba53f90 Exception <a 'java/lang/NoSuchMethodError'{0x0000000087d52628}: 'java.lang.Object java.lang.invoke.DirectMethodHandle$Holder.invokeSpecial(java.lang.Object, java.lang.Object, java.lang.Object, int, java.lang.Object, java.lang.Object, java.lang.Object)'> (0x0000000087d52628) 
thrown [s\src\hotspot\share\interpreter\linkResolver.cpp, line 784]
Event: 4.622 Thread 0x000001f12ba53f90 Exception <a 'java/lang/NoSuchMethodError'{0x0000000087d55ca0}: 'java.lang.Object java.lang.invoke.Invokers$Holder.linkToTargetMethod(java.lang.Object, int, java.lang.Object, java.lang.Object, java.lang.Object, java.lang.Object)'> (0x0000000087d55ca0) 
thrown [s\src\hotspot\share\interpreter\linkResolver.cpp, line 784]
Event: 4.626 Thread 0x000001f12ba53f90 Exception <a 'java/lang/NoSuchMethodError'{0x0000000087da60e8}: 'java.lang.Object java.lang.invoke.DirectMethodHandle$Holder.newInvokeSpecial(java.lang.Object, java.lang.Object, java.lang.Object, java.lang.Object, java.lang.Object, java.lang.Object, int)'> (0x0000000087da60e8) 
thrown [s\src\hotspot\share\interpreter\linkResolver.cpp, line 784]
Event: 4.626 Thread 0x000001f12ba53f90 Exception <a 'java/lang/NoSuchMethodError'{0x0000000087daa8f0}: 'java.lang.Object java.lang.invoke.DirectMethodHandle$Holder.invokeSpecial(java.lang.Object, java.lang.Object, java.lang.Object, java.lang.Object, java.lang.Object, java.lang.Object, java.lang.Object, int)'> (0x0000000087daa8f0) 
thrown [s\src\hotspot\share\interpreter\linkResolver.cpp, line 784]

ZGC Phase Switch (0 events):
No events

VM Operations (20 events):
Event: 4.650 Executing VM operation: G1CollectForAllocation (G1 Evacuation Pause)
Event: 4.666 Executing VM operation: G1CollectForAllocation (G1 Evacuation Pause) done
Event: 4.701 Executing VM operation: G1PauseRemark
Event: 4.706 Executing VM operation: G1PauseRemark done
Event: 4.729 Executing VM operation: G1PauseCleanup
Event: 4.729 Executing VM operation: G1PauseCleanup done
Event: 4.782 Executing VM operation: HandshakeAllThreads (Deoptimize)
Event: 4.782 Executing VM operation: HandshakeAllThreads (Deoptimize) done
Event: 4.855 Executing VM operation: ICBufferFull
Event: 4.855 Executing VM operation: ICBufferFull done
Event: 4.924 Executing VM operation: G1CollectForAllocation (G1 Evacuation Pause)
Event: 4.937 Executing VM operation: G1CollectForAllocation (G1 Evacuation Pause) done
Event: 5.106 Executing VM operation: G1CollectForAllocation (G1 Evacuation Pause)
Event: 5.167 Executing VM operation: G1CollectForAllocation (G1 Evacuation Pause) done
Event: 6.172 Executing VM operation: Cleanup
Event: 6.173 Executing VM operation: Cleanup done
Event: 7.188 Executing VM operation: Cleanup
Event: 7.234 Executing VM operation: Cleanup done
Event: 8.247 Executing VM operation: Cleanup
Event: 8.247 Executing VM operation: Cleanup done

Memory protections (0 events):
No events

Nmethod flushes (20 events):
Event: 4.706 Thread 0x000001f145369080 flushing  nmethod 0x000001f130ae1190
Event: 4.706 Thread 0x000001f145369080 flushing  nmethod 0x000001f130ae8490
Event: 4.706 Thread 0x000001f145369080 flushing  nmethod 0x000001f130af8590
Event: 4.706 Thread 0x000001f145369080 flushing  nmethod 0x000001f130afd210
Event: 4.706 Thread 0x000001f145369080 flushing  nmethod 0x000001f130afd890
Event: 4.706 Thread 0x000001f145369080 flushing  nmethod 0x000001f130afea90
Event: 4.706 Thread 0x000001f145369080 flushing  nmethod 0x000001f130afee90
Event: 4.706 Thread 0x000001f145369080 flushing  nmethod 0x000001f130aff910
Event: 4.706 Thread 0x000001f145369080 flushing  nmethod 0x000001f130b00610
Event: 4.706 Thread 0x000001f145369080 flushing  nmethod 0x000001f130b59710
Event: 4.706 Thread 0x000001f145369080 flushing  nmethod 0x000001f130b66510
Event: 4.706 Thread 0x000001f145369080 flushing  nmethod 0x000001f130b70810
Event: 4.706 Thread 0x000001f145369080 flushing  nmethod 0x000001f130b71590
Event: 4.706 Thread 0x000001f145369080 flushing  nmethod 0x000001f130b74a90
Event: 4.706 Thread 0x000001f145369080 flushing  nmethod 0x000001f130b74e90
Event: 4.706 Thread 0x000001f145369080 flushing  nmethod 0x000001f130b9d590
Event: 4.706 Thread 0x000001f145369080 flushing  nmethod 0x000001f130bbc190
Event: 4.706 Thread 0x000001f145369080 flushing  nmethod 0x000001f130bbdb10
Event: 4.706 Thread 0x000001f145369080 flushing  nmethod 0x000001f130bf7f10
Event: 4.706 Thread 0x000001f145369080 flushing  nmethod 0x000001f130cd8e90

Events (20 events):
Event: 0.054 Thread 0x000001f12ba53f90 Thread added: 0x000001f1453d7ee0
Event: 0.054 Thread 0x000001f12ba53f90 Thread added: 0x000001f1453d5670
Event: 0.054 Thread 0x000001f12ba53f90 Thread added: 0x000001f1453e0dc0
Event: 0.054 Thread 0x000001f12ba53f90 Thread added: 0x000001f1453e1810
Event: 0.054 Thread 0x000001f12ba53f90 Thread added: 0x000001f1453e3940
Event: 0.054 Thread 0x000001f12ba53f90 Thread added: 0x000001f1453e53e0
Event: 0.092 Thread 0x000001f12ba53f90 Thread added: 0x000001f14557d490
Event: 0.099 Thread 0x000001f12ba53f90 Thread added: 0x000001f145589ce0
Event: 0.106 Loaded shared library C:\Program Files\Android\Android Studio\jbr\bin\net.dll
Event: 0.108 Loaded shared library C:\Program Files\Android\Android Studio\jbr\bin\nio.dll
Event: 0.122 Thread 0x000001f1453e3940 Thread added: 0x000001f145604770
Event: 0.136 Loaded shared library C:\Program Files\Android\Android Studio\jbr\bin\zip.dll
Event: 0.171 Loaded shared library C:\Program Files\Android\Android Studio\jbr\bin\jimage.dll
Event: 0.306 Thread 0x000001f1453e53e0 Thread added: 0x000001f14a12e4b0
Event: 2.014 Thread 0x000001f14a12e4b0 Thread exited: 0x000001f14a12e4b0
Event: 2.197 Thread 0x000001f145604770 Thread exited: 0x000001f145604770
Event: 2.315 Thread 0x000001f1453e53e0 Thread added: 0x000001f14bb65040
Event: 2.986 Thread 0x000001f1453e53e0 Thread added: 0x000001f14ce0b590
Event: 4.448 Thread 0x000001f14ce0b590 Thread exited: 0x000001f14ce0b590
Event: 5.070 Thread 0x000001f1453e53e0 Thread added: 0x000001f14d5a2790


Dynamic libraries:
0x00007ff68f060000 - 0x00007ff68f06a000 	C:\Program Files\Android\Android Studio\jbr\bin\java.exe
0x00007ff9eb2e0000 - 0x00007ff9eb543000 	C:\WINDOWS\SYSTEM32\ntdll.dll
0x00007ff9ea450000 - 0x00007ff9ea517000 	C:\WINDOWS\System32\KERNEL32.DLL
0x00007ff9e87b0000 - 0x00007ff9e8b79000 	C:\WINDOWS\System32\KERNELBASE.dll
0x00007ff9e8d00000 - 0x00007ff9e8e4c000 	C:\WINDOWS\System32\ucrtbase.dll
0x00007ff9dd680000 - 0x00007ff9dd698000 	C:\Program Files\Android\Android Studio\jbr\bin\jli.dll
0x00007ff9dcd50000 - 0x00007ff9dcd6b000 	C:\Program Files\Android\Android Studio\jbr\bin\VCRUNTIME140.dll
0x00007ff9ead00000 - 0x00007ff9eaeca000 	C:\WINDOWS\System32\USER32.dll
0x00007ff9cf750000 - 0x00007ff9cf9e0000 	C:\WINDOWS\WinSxS\amd64_microsoft.windows.common-controls_6595b64144ccf1df_6.0.26100.3323_none_3e088096e3344490\COMCTL32.dll
0x00007ff9e84e0000 - 0x00007ff9e8507000 	C:\WINDOWS\System32\win32u.dll
0x00007ff9e91b0000 - 0x00007ff9e9259000 	C:\WINDOWS\System32\msvcrt.dll
0x00007ff9e9a50000 - 0x00007ff9e9a7a000 	C:\WINDOWS\System32\GDI32.dll
0x00007ff9e8e50000 - 0x00007ff9e8f81000 	C:\WINDOWS\System32\gdi32full.dll
0x00007ff9e8670000 - 0x00007ff9e8713000 	C:\WINDOWS\System32\msvcp_win.dll
0x00007ff9ea630000 - 0x00007ff9ea65f000 	C:\WINDOWS\System32\IMM32.DLL
0x00007ff9ddeb0000 - 0x00007ff9ddebc000 	C:\Program Files\Android\Android Studio\jbr\bin\vcruntime140_1.dll
0x00007ff9d8f30000 - 0x00007ff9d8fbd000 	C:\Program Files\Android\Android Studio\jbr\bin\msvcp140.dll
0x00007ff990d60000 - 0x00007ff9919ea000 	C:\Program Files\Android\Android Studio\jbr\bin\server\jvm.dll
0x00007ff9ea8a0000 - 0x00007ff9ea952000 	C:\WINDOWS\System32\ADVAPI32.dll
0x00007ff9ea670000 - 0x00007ff9ea716000 	C:\WINDOWS\System32\sechost.dll
0x00007ff9ea720000 - 0x00007ff9ea836000 	C:\WINDOWS\System32\RPCRT4.dll
0x00007ff9e9280000 - 0x00007ff9e92f4000 	C:\WINDOWS\System32\WS2_32.dll
0x00007ff9e8370000 - 0x00007ff9e83be000 	C:\WINDOWS\SYSTEM32\POWRPROF.dll
0x00007ff9dcea0000 - 0x00007ff9dced6000 	C:\WINDOWS\SYSTEM32\WINMM.dll
0x00007ff9db520000 - 0x00007ff9db52b000 	C:\WINDOWS\SYSTEM32\VERSION.dll
0x00007ff9e8350000 - 0x00007ff9e8364000 	C:\WINDOWS\SYSTEM32\UMPDC.dll
0x00007ff9e7300000 - 0x00007ff9e731a000 	C:\WINDOWS\SYSTEM32\kernel.appcore.dll
0x00007ff9dcdf0000 - 0x00007ff9dcdfa000 	C:\Program Files\Android\Android Studio\jbr\bin\jimage.dll
0x00007ff9e5c80000 - 0x00007ff9e5ec1000 	C:\WINDOWS\SYSTEM32\DBGHELP.DLL
0x00007ff9eaf00000 - 0x00007ff9eb282000 	C:\WINDOWS\System32\combase.dll
0x00007ff9eac20000 - 0x00007ff9eacf6000 	C:\WINDOWS\System32\OLEAUT32.dll
0x00007ff9dce60000 - 0x00007ff9dce99000 	C:\WINDOWS\SYSTEM32\dbgcore.DLL
0x00007ff9e8510000 - 0x00007ff9e85a9000 	C:\WINDOWS\System32\bcryptPrimitives.dll
0x00007ff9dc3f0000 - 0x00007ff9dc410000 	C:\Program Files\Android\Android Studio\jbr\bin\java.dll
0x00007ff9dacb0000 - 0x00007ff9dacc8000 	C:\Program Files\Android\Android Studio\jbr\bin\zip.dll
0x00007ff9e9a80000 - 0x00007ff9ea195000 	C:\WINDOWS\System32\SHELL32.dll
0x00007ff9e8f90000 - 0x00007ff9e90f8000 	C:\WINDOWS\System32\wintypes.dll
0x00007ff9e61e0000 - 0x00007ff9e6a25000 	C:\WINDOWS\SYSTEM32\windows.storage.dll
0x00007ff9ea1b0000 - 0x00007ff9ea29b000 	C:\WINDOWS\System32\SHCORE.dll
0x00007ff9e99f0000 - 0x00007ff9e9a4d000 	C:\WINDOWS\System32\shlwapi.dll
0x00007ff9e83f0000 - 0x00007ff9e841f000 	C:\WINDOWS\SYSTEM32\profapi.dll
0x00007ff9dcd40000 - 0x00007ff9dcd50000 	C:\Program Files\Android\Android Studio\jbr\bin\net.dll
0x00007ff9ddc40000 - 0x00007ff9ddd5e000 	C:\WINDOWS\SYSTEM32\WINHTTP.dll
0x00007ff9e7820000 - 0x00007ff9e788a000 	C:\WINDOWS\system32\mswsock.dll
0x00007ff9dac90000 - 0x00007ff9daca6000 	C:\Program Files\Android\Android Studio\jbr\bin\nio.dll
0x00007ff9da0b0000 - 0x00007ff9da0c0000 	C:\Program Files\Android\Android Studio\jbr\bin\verify.dll

dbghelp: loaded successfully - version: 4.0.5 - missing functions: none
symbol engine: initialized successfully - sym options: 0x614 - pdb path: .;C:\Program Files\Android\Android Studio\jbr\bin;C:\WINDOWS\SYSTEM32;C:\WINDOWS\WinSxS\amd64_microsoft.windows.common-controls_6595b64144ccf1df_6.0.26100.3323_none_3e088096e3344490;C:\Program Files\Android\Android Studio\jbr\bin\server

VM Arguments:
java_command: org.jetbrains.kotlin.cli.jvm.K2JVMCompiler @C:\Users\Eman-Pc\AndroidStudioProjects\BookConnect\app\build\20250426_10603642303177597411.compiler.options
java_class_path (initial): C:\Users\Eman-Pc\.gradle\caches\modules-2\files-2.1\org.jetbrains.kotlin\kotlin-compiler-embeddable\2.0.21\79346ed53db48b18312a472602eb5c057070c54d\kotlin-compiler-embeddable-2.0.21.jar;C:\Users\Eman-Pc\.gradle\caches\modules-2\files-2.1\org.jetbrains.kotlin\kotlin-stdlib\2.0.21\618b539767b4899b4660a83006e052b63f1db551\kotlin-stdlib-2.0.21.jar;C:\Users\Eman-Pc\.gradle\caches\modules-2\files-2.1\org.jetbrains.kotlin\kotlin-script-runtime\2.0.21\c9b044380ad41f89aa89aa896c2d32a8c0b2129d\kotlin-script-runtime-2.0.21.jar;C:\Users\Eman-Pc\.gradle\caches\modules-2\files-2.1\org.jetbrains.kotlin\kotlin-reflect\1.6.10\1cbe9c92c12a94eea200d23c2bbaedaf3daf5132\kotlin-reflect-1.6.10.jar;C:\Users\Eman-Pc\.gradle\caches\modules-2\files-2.1\org.jetbrains.kotlin\kotlin-daemon-embeddable\2.0.21\c9e933b23287de9b5a17e2116b4657bb91aea72c\kotlin-daemon-embeddable-2.0.21.jar;C:\Users\Eman-Pc\.gradle\caches\modules-2\files-2.1\org.jetbrains.intellij.deps\trove4j\1.0.20200330\3afb14d5f9ceb459d724e907a21145e8ff394f02\trove4j-1.0.20200330.jar;C:\Users\Eman-Pc\.gradle\caches\modules-2\files-2.1\org.jetbrains.kotlinx\kotlinx-coroutines-core-jvm\1.6.4\2c997cd1c0ef33f3e751d3831929aeff1390cb30\kotlinx-coroutines-core-jvm-1.6.4.jar;C:\Users\Eman-Pc\.gradle\caches\modules-2\files-2.1\org.jetbrains\annotations\13.0\919f0dfe192fb4e063e7dacadee7f8bb9a2672a9\annotations-13.0.jar
Launcher Type: SUN_STANDARD

[Global flags]
     intx CICompilerCount                          = 4                                         {product} {ergonomic}
     uint ConcGCThreads                            = 2                                         {product} {ergonomic}
     uint G1ConcRefinementThreads                  = 8                                         {product} {ergonomic}
   size_t G1HeapRegionSize                         = 1048576                                   {product} {ergonomic}
    uintx GCDrainStackTargetSize                   = 64                                        {product} {ergonomic}
   size_t InitialHeapSize                          = 132120576                                 {product} {ergonomic}
   size_t MarkStackSize                            = 4194304                                   {product} {ergonomic}
   size_t MaxHeapSize                              = 2086666240                                {product} {ergonomic}
   size_t MaxNewSize                               = 1251999744                                {product} {ergonomic}
   size_t MinHeapDeltaBytes                        = 1048576                                   {product} {ergonomic}
   size_t MinHeapSize                              = 8388608                                   {product} {ergonomic}
    uintx NonNMethodCodeHeapSize                   = 5839372                                {pd product} {ergonomic}
    uintx NonProfiledCodeHeapSize                  = 122909434                              {pd product} {ergonomic}
    uintx ProfiledCodeHeapSize                     = 122909434                              {pd product} {ergonomic}
    uintx ReservedCodeCacheSize                    = 251658240                              {pd product} {ergonomic}
     bool SegmentedCodeCache                       = true                                      {product} {ergonomic}
   size_t SoftMaxHeapSize                          = 2086666240                             {manageable} {ergonomic}
     bool UseCompressedOops                        = true                           {product lp64_product} {ergonomic}
     bool UseG1GC                                  = true                                      {product} {ergonomic}
     bool UseLargePagesIndividualAllocation        = false                                  {pd product} {ergonomic}

Logging:
Log output configuration:
 #0: stdout all=warning uptime,level,tags foldmultilines=false
 #1: stderr all=off uptime,level,tags foldmultilines=false

Environment Variables:
PATH=C:\WINDOWS\system32;C:\WINDOWS;C:\WINDOWS\System32\Wbem;C:\WINDOWS\System32\WindowsPowerShell\v1.0\;C:\WINDOWS\System32\OpenSSH\;C:\Program Files\Microsoft SQL Server\150\Tools\Binn\;C:\Program Files\Microsoft SQL Server\Client SDK\ODBC\170\Tools\Binn\;C:\Program Files\dotnet\;C:\Program Files (x86)\Windows Kits\10\Windows Performance Toolkit\;C:\Program Files\Git\cmd;C:\Users\Eman-Pc\AppData\Local\Microsoft\WindowsApps;C:\Users\Eman-Pc\.dotnet\tools;C:\Users\Eman-Pc\AppData\Local\GitHubDesktop\bin
USERNAME=Eman-Pc
OS=Windows_NT
PROCESSOR_IDENTIFIER=Intel64 Family 6 Model 142 Stepping 12, GenuineIntel
TMP=C:\Users\Eman-Pc\AppData\Local\Temp
TEMP=C:\Users\Eman-Pc\AppData\Local\Temp




Periodic native trim disabled

JNI global refs:
JNI global refs: 13, weak refs: 56

JNI global refs memory usage: 835, weak refs: 1465

Process memory usage:
Resident Set Size: 298920K (3% of 8143556K total physical memory with 745644K free physical memory)

OOME stack traces (most recent first):
Classloader memory used:
Loader jdk.internal.loader.ClassLoaders$AppClassLoader                                 : 47218K
Loader bootstrap                                                                       : 10622K

---------------  S Y S T E M  ---------------

OS:
 Windows 11 , 64 bit Build 26100 (10.0.26100.3323)
OS uptime: 10 days 7:08 hours

CPU: total 8 (initial active 8) (4 cores per cpu, 2 threads per core) family 6 model 142 stepping 12 microcode 0xfc, cx8, cmov, fxsr, ht, mmx, 3dnowpref, sse, sse2, sse3, ssse3, sse4.1, sse4.2, popcnt, lzcnt, tsc, tscinvbit, avx, avx2, aes, erms, clmul, bmi1, bmi2, adx, fma, vzeroupper, clflush, clflushopt, rdtscp, f16c
Processor Information for all 8 processors :
  Max Mhz: 2112, Current Mhz: 1609, Mhz Limit: 1605

Memory: 4k page, system-wide physical 7952M (728M free)
TotalPageFile size 23013M (AvailPageFile size 4M)
current process WorkingSet (physical memory assigned to process): 292M, peak: 292M
current process commit charge ("private bytes"): 395M, peak: 402M

vm_info: OpenJDK 64-Bit Server VM (21.0.5+-13047016-b750.29) for windows-amd64 JRE (21.0.5+-13047016-b750.29), built on 2025-02-11T21:12:39Z by "builder" with MS VC++ 16.10 / 16.11 (VS2019)

END.
