#
# There is insufficient memory for the Java Runtime Environment to continue.
# Native memory allocation (malloc) failed to allocate 1611296 bytes. Error detail: Chunk::new
# Possible reasons:
#   The system is out of physical RAM or swap space
#   This process is running with CompressedOops enabled, and the Java Heap may be blocking the growth of the native heap
# Possible solutions:
#   Reduce memory load on the system
#   Increase physical memory or swap space
#   Check if swap backing store is full
#   Decrease Java heap size (-Xmx/-Xms)
#   Decrease number of Java threads
#   Decrease Java thread stack sizes (-Xss)
#   Set larger code cache with -XX:ReservedCodeCacheSize=
#   JVM is running with Unscaled Compressed Oops mode in which the Java heap is
#     placed in the first 4GB address space. The Java Heap base address is the
#     maximum limit for the native heap growth. Please use -XX:HeapBaseMinAddress
#     to set the Java Heap base and to place the Java Heap above 4GB virtual address.
# This output file may be truncated or incomplete.
#
#  Out of Memory Error (arena.cpp:168), pid=23076, tid=19924
#
# JRE version: OpenJDK Runtime Environment (21.0.5) (build 21.0.5+-13047016-b750.29)
# Java VM: OpenJDK 64-Bit Server VM (21.0.5+-13047016-b750.29, mixed mode, tiered, compressed oops, compressed class ptrs, g1 gc, windows-amd64)
# No core dump will be written. Minidumps are not enabled by default on client versions of Windows
#

---------------  S U M M A R Y ------------

Command Line: org.jetbrains.kotlin.cli.jvm.K2JVMCompiler @C:\Users\Eman-Pc\AndroidStudioProjects\BookConnect\app\build\20250426_8297782923772599153.compiler.options

Host: Intel(R) Core(TM) i5-10210U CPU @ 1.60GHz, 8 cores, 7G,  Windows 11 , 64 bit Build 26100 (10.0.26100.3323)
Time: Sat Apr 26 00:29:35 2025 Pakistan Standard Time elapsed time: 6.950561 seconds (0d 0h 0m 6s)

---------------  T H R E A D  ---------------

Current thread (0x0000021cb3798f00):  JavaThread "C2 CompilerThread1" daemon [_thread_in_native, id=19924, stack(0x0000004ef8e00000,0x0000004ef8f00000) (1024K)]


Current CompileTask:
C2:6950 7917       4       java.lang.ClassLoader::loadClass (7 bytes)

Stack: [0x0000004ef8e00000,0x0000004ef8f00000]
Native frames: (J=compiled Java code, j=interpreted, Vv=VM code, C=native code)
V  [jvm.dll+0x6cfb29]
V  [jvm.dll+0x85df93]
V  [jvm.dll+0x8604ee]
V  [jvm.dll+0x860bd3]
V  [jvm.dll+0x27e6b6]
V  [jvm.dll+0xbff6d]
V  [jvm.dll+0xc04a3]
V  [jvm.dll+0x3b5ffb]
V  [jvm.dll+0x1de852]
V  [jvm.dll+0x247db4]
V  [jvm.dll+0x247231]
V  [jvm.dll+0x1c5ee4]
V  [jvm.dll+0x25697c]
V  [jvm.dll+0x254ec6]
V  [jvm.dll+0x3f0ce6]
V  [jvm.dll+0x806368]
V  [jvm.dll+0x6ce3fd]
C  [ucrtbase.dll+0x37b0]
C  [KERNEL32.DLL+0x2e8d7]
C  [ntdll.dll+0xbbf6c]


---------------  P R O C E S S  ---------------

Threads class SMR info:
_java_thread_list=0x0000021cb3577500, length=12, elements={
0x0000021c9b5f9350, 0x0000021cb354a790, 0x0000021cb3579340, 0x0000021cb358c420,
0x0000021cb358ce70, 0x0000021cb358d8c0, 0x0000021cb358f350, 0x0000021cb359ad30,
0x0000021cb359c900, 0x0000021cb3735cf0, 0x0000021cb3740230, 0x0000021cb3798f00
}

Java Threads: ( => current thread )
  0x0000021c9b5f9350 JavaThread "main"                              [_thread_in_vm, id=7496, stack(0x0000004ef7c00000,0x0000004ef7d00000) (1024K)]
  0x0000021cb354a790 JavaThread "Reference Handler"          daemon [_thread_blocked, id=10456, stack(0x0000004ef8400000,0x0000004ef8500000) (1024K)]
  0x0000021cb3579340 JavaThread "Finalizer"                  daemon [_thread_blocked, id=1172, stack(0x0000004ef8500000,0x0000004ef8600000) (1024K)]
  0x0000021cb358c420 JavaThread "Signal Dispatcher"          daemon [_thread_blocked, id=7932, stack(0x0000004ef8600000,0x0000004ef8700000) (1024K)]
  0x0000021cb358ce70 JavaThread "Attach Listener"            daemon [_thread_blocked, id=2524, stack(0x0000004ef8700000,0x0000004ef8800000) (1024K)]
  0x0000021cb358d8c0 JavaThread "Service Thread"             daemon [_thread_blocked, id=9396, stack(0x0000004ef8800000,0x0000004ef8900000) (1024K)]
  0x0000021cb358f350 JavaThread "Monitor Deflation Thread"   daemon [_thread_blocked, id=5632, stack(0x0000004ef8900000,0x0000004ef8a00000) (1024K)]
  0x0000021cb359ad30 JavaThread "C2 CompilerThread0"         daemon [_thread_in_native, id=19312, stack(0x0000004ef8a00000,0x0000004ef8b00000) (1024K)]
  0x0000021cb359c900 JavaThread "C1 CompilerThread0"         daemon [_thread_blocked, id=2912, stack(0x0000004ef8b00000,0x0000004ef8c00000) (1024K)]
  0x0000021cb3735cf0 JavaThread "Notification Thread"        daemon [_thread_blocked, id=11508, stack(0x0000004ef8c00000,0x0000004ef8d00000) (1024K)]
  0x0000021cb3740230 JavaThread "Common-Cleaner"             daemon [_thread_blocked, id=15228, stack(0x0000004ef8d00000,0x0000004ef8e00000) (1024K)]
=>0x0000021cb3798f00 JavaThread "C2 CompilerThread1"         daemon [_thread_in_native, id=19924, stack(0x0000004ef8e00000,0x0000004ef8f00000) (1024K)]
Total: 12

Other Threads:
  0x0000021cb33de680 VMThread "VM Thread"                           [id=23648, stack(0x0000004ef8300000,0x0000004ef8400000) (1024K)]
  0x0000021cb3350050 WatcherThread "VM Periodic Task Thread"        [id=8100, stack(0x0000004ef8200000,0x0000004ef8300000) (1024K)]
  0x0000021c9b64e4f0 WorkerThread "GC Thread#0"                     [id=22032, stack(0x0000004ef7d00000,0x0000004ef7e00000) (1024K)]
  0x0000021cb85d1bd0 WorkerThread "GC Thread#1"                     [id=9668, stack(0x0000004ef9000000,0x0000004ef9100000) (1024K)]
  0x0000021cb85d1f70 WorkerThread "GC Thread#2"                     [id=19124, stack(0x0000004ef9100000,0x0000004ef9200000) (1024K)]
  0x0000021cb8591080 WorkerThread "GC Thread#3"                     [id=16920, stack(0x0000004ef9200000,0x0000004ef9300000) (1024K)]
  0x0000021cb859c260 WorkerThread "GC Thread#4"                     [id=11644, stack(0x0000004ef9300000,0x0000004ef9400000) (1024K)]
  0x0000021cb85f9320 WorkerThread "GC Thread#5"                     [id=15560, stack(0x0000004ef9400000,0x0000004ef9500000) (1024K)]
  0x0000021cb86b4910 WorkerThread "GC Thread#6"                     [id=12460, stack(0x0000004ef9500000,0x0000004ef9600000) (1024K)]
  0x0000021cb86b2fb0 WorkerThread "GC Thread#7"                     [id=8344, stack(0x0000004ef9600000,0x0000004ef9700000) (1024K)]
  0x0000021c9b65fbd0 ConcurrentGCThread "G1 Main Marker"            [id=16708, stack(0x0000004ef7e00000,0x0000004ef7f00000) (1024K)]
  0x0000021c9b660e70 WorkerThread "G1 Conc#0"                       [id=8856, stack(0x0000004ef7f00000,0x0000004ef8000000) (1024K)]
  0x0000021cb86b3e30 WorkerThread "G1 Conc#1"                       [id=10564, stack(0x0000004ef9700000,0x0000004ef9800000) (1024K)]
  0x0000021c9b6be940 ConcurrentGCThread "G1 Refine#0"               [id=8396, stack(0x0000004ef8000000,0x0000004ef8100000) (1024K)]
  0x0000021cb321f540 ConcurrentGCThread "G1 Service"                [id=7728, stack(0x0000004ef8100000,0x0000004ef8200000) (1024K)]
Total: 15

Threads with active compile tasks:
C2 CompilerThread0  6979 8194       4       org.jetbrains.kotlin.backend.common.IrElementTransformerVoidWithContext::visitValueParameter (38 bytes)
C2 CompilerThread1  6979 7917       4       java.lang.ClassLoader::loadClass (7 bytes)
Total: 2

VM state: not at safepoint (normal execution)

VM Mutex/Monitor currently owned by a thread: None

Heap address: 0x0000000083a00000, size: 1990 MB, Compressed Oops mode: 32-bit

CDS archive(s) not mapped
Compressed class space mapped at: 0x0000000100000000-0x0000000140000000, reserved size: 1073741824
Narrow klass base: 0x0000000000000000, Narrow klass shift: 3, Narrow klass range: 0x140000000

GC Precious Log:
 CardTable entry size: 512
 Card Set container configuration: InlinePtr #cards 5 size 8 Array Of Cards #cards 12 size 40 Howl #buckets 4 coarsen threshold 1843 Howl Bitmap #cards 512 size 80 coarsen threshold 460 Card regions per heap region 1 cards per card region 2048
 CPUs: 8 total, 8 available
 Memory: 7952M
 Large Page Support: Disabled
 NUMA Support: Disabled
 Compressed Oops: Enabled (32-bit)
 Heap Region Size: 1M
 Heap Min Capacity: 8M
 Heap Initial Capacity: 126M
 Heap Max Capacity: 1990M
 Pre-touch: Disabled
 Parallel Workers: 8
 Concurrent Workers: 2
 Concurrent Refinement Workers: 8
 Periodic GC: Disabled

Heap:
 garbage-first heap   total 153600K, used 118200K [0x0000000083a00000, 0x0000000100000000)
  region size 1024K, 46 young (47104K), 7 survivors (7168K)
 Metaspace       used 71332K, committed 71680K, reserved 1114112K
  class space    used 7657K, committed 7808K, reserved 1048576K

Heap Regions: E=young(eden), S=young(survivor), O=old, HS=humongous(starts), HC=humongous(continues), CS=collection set, F=free, TAMS=top-at-mark-start, PB=parsable bottom
|   0|0x0000000083a00000, 0x0000000083b00000, 0x0000000083b00000|100%|HS|  |TAMS 0x0000000083a00000| PB 0x0000000083a00000| Complete 
|   1|0x0000000083b00000, 0x0000000083c00000, 0x0000000083c00000|100%|HC|  |TAMS 0x0000000083b00000| PB 0x0000000083b00000| Complete 
|   2|0x0000000083c00000, 0x0000000083d00000, 0x0000000083d00000|100%|HC|  |TAMS 0x0000000083c00000| PB 0x0000000083c00000| Complete 
|   3|0x0000000083d00000, 0x0000000083e00000, 0x0000000083e00000|100%| O|  |TAMS 0x0000000083d00000| PB 0x0000000083d00000| Untracked 
|   4|0x0000000083e00000, 0x0000000083f00000, 0x0000000083f00000|100%| O|  |TAMS 0x0000000083e00000| PB 0x0000000083e00000| Untracked 
|   5|0x0000000083f00000, 0x0000000083fee020, 0x0000000084000000| 92%| O|  |TAMS 0x0000000083f00000| PB 0x0000000083f00000| Untracked 
|   6|0x0000000084000000, 0x0000000084100000, 0x0000000084100000|100%| O|  |TAMS 0x0000000084000000| PB 0x0000000084000000| Untracked 
|   7|0x0000000084100000, 0x0000000084200000, 0x0000000084200000|100%| O|  |TAMS 0x0000000084100000| PB 0x0000000084100000| Untracked 
|   8|0x0000000084200000, 0x0000000084300000, 0x0000000084300000|100%| O|  |TAMS 0x0000000084200000| PB 0x0000000084200000| Untracked 
|   9|0x0000000084300000, 0x0000000084400000, 0x0000000084400000|100%| O|  |TAMS 0x0000000084300000| PB 0x0000000084300000| Untracked 
|  10|0x0000000084400000, 0x0000000084500000, 0x0000000084500000|100%| O|  |TAMS 0x0000000084400000| PB 0x0000000084400000| Untracked 
|  11|0x0000000084500000, 0x0000000084600000, 0x0000000084600000|100%| O|  |TAMS 0x0000000084500000| PB 0x0000000084500000| Untracked 
|  12|0x0000000084600000, 0x0000000084700000, 0x0000000084700000|100%| O|  |TAMS 0x0000000084600000| PB 0x0000000084600000| Untracked 
|  13|0x0000000084700000, 0x0000000084800000, 0x0000000084800000|100%| O|  |TAMS 0x0000000084700000| PB 0x0000000084700000| Untracked 
|  14|0x0000000084800000, 0x0000000084900000, 0x0000000084900000|100%| O|  |TAMS 0x0000000084800000| PB 0x0000000084800000| Untracked 
|  15|0x0000000084900000, 0x0000000084a00000, 0x0000000084a00000|100%| O|  |TAMS 0x0000000084900000| PB 0x0000000084900000| Untracked 
|  16|0x0000000084a00000, 0x0000000084b00000, 0x0000000084b00000|100%| O|  |TAMS 0x0000000084a00000| PB 0x0000000084a00000| Untracked 
|  17|0x0000000084b00000, 0x0000000084c00000, 0x0000000084c00000|100%| O|  |TAMS 0x0000000084b00000| PB 0x0000000084b00000| Untracked 
|  18|0x0000000084c00000, 0x0000000084d00000, 0x0000000084d00000|100%| O|  |TAMS 0x0000000084c00000| PB 0x0000000084c00000| Untracked 
|  19|0x0000000084d00000, 0x0000000084e00000, 0x0000000084e00000|100%| O|  |TAMS 0x0000000084d00000| PB 0x0000000084d00000| Untracked 
|  20|0x0000000084e00000, 0x0000000084f00000, 0x0000000084f00000|100%| O|  |TAMS 0x0000000084e00000| PB 0x0000000084e00000| Untracked 
|  21|0x0000000084f00000, 0x0000000085000000, 0x0000000085000000|100%| O|  |TAMS 0x0000000084f00000| PB 0x0000000084f00000| Untracked 
|  22|0x0000000085000000, 0x0000000085000000, 0x0000000085100000|  0%| F|  |TAMS 0x0000000085000000| PB 0x0000000085000000| Untracked 
|  23|0x0000000085100000, 0x0000000085200000, 0x0000000085200000|100%| O|  |TAMS 0x0000000085100000| PB 0x0000000085100000| Untracked 
|  24|0x0000000085200000, 0x0000000085300000, 0x0000000085300000|100%| O|  |TAMS 0x0000000085200000| PB 0x0000000085200000| Untracked 
|  25|0x0000000085300000, 0x0000000085400000, 0x0000000085400000|100%| O|  |TAMS 0x0000000085300000| PB 0x0000000085300000| Untracked 
|  26|0x0000000085400000, 0x0000000085500000, 0x0000000085500000|100%| O|  |TAMS 0x0000000085400000| PB 0x0000000085400000| Untracked 
|  27|0x0000000085500000, 0x0000000085600000, 0x0000000085600000|100%| O|  |TAMS 0x0000000085500000| PB 0x0000000085500000| Untracked 
|  28|0x0000000085600000, 0x0000000085700000, 0x0000000085700000|100%| O|  |TAMS 0x0000000085600000| PB 0x0000000085600000| Untracked 
|  29|0x0000000085700000, 0x0000000085800000, 0x0000000085800000|100%| O|  |TAMS 0x0000000085700000| PB 0x0000000085700000| Untracked 
|  30|0x0000000085800000, 0x0000000085900000, 0x0000000085900000|100%| O|  |TAMS 0x0000000085800000| PB 0x0000000085800000| Untracked 
|  31|0x0000000085900000, 0x0000000085a00000, 0x0000000085a00000|100%| O|  |TAMS 0x0000000085900000| PB 0x0000000085900000| Untracked 
|  32|0x0000000085a00000, 0x0000000085b00000, 0x0000000085b00000|100%| O|Cm|TAMS 0x0000000085a00000| PB 0x0000000085a00000| Complete 
|  33|0x0000000085b00000, 0x0000000085c00000, 0x0000000085c00000|100%| O|  |TAMS 0x0000000085b00000| PB 0x0000000085b00000| Untracked 
|  34|0x0000000085c00000, 0x0000000085d00000, 0x0000000085d00000|100%| O|  |TAMS 0x0000000085c00000| PB 0x0000000085c00000| Untracked 
|  35|0x0000000085d00000, 0x0000000085e00000, 0x0000000085e00000|100%| O|  |TAMS 0x0000000085d00000| PB 0x0000000085d00000| Untracked 
|  36|0x0000000085e00000, 0x0000000085f00000, 0x0000000085f00000|100%| O|  |TAMS 0x0000000085e00000| PB 0x0000000085e00000| Untracked 
|  37|0x0000000085f00000, 0x0000000086000000, 0x0000000086000000|100%| O|  |TAMS 0x0000000085f00000| PB 0x0000000085f00000| Untracked 
|  38|0x0000000086000000, 0x0000000086100000, 0x0000000086100000|100%| O|  |TAMS 0x0000000086000000| PB 0x0000000086000000| Untracked 
|  39|0x0000000086100000, 0x0000000086200000, 0x0000000086200000|100%| O|  |TAMS 0x0000000086100000| PB 0x0000000086100000| Untracked 
|  40|0x0000000086200000, 0x0000000086300000, 0x0000000086300000|100%| O|  |TAMS 0x0000000086200000| PB 0x0000000086200000| Untracked 
|  41|0x0000000086300000, 0x0000000086400000, 0x0000000086400000|100%| O|  |TAMS 0x0000000086300000| PB 0x0000000086300000| Untracked 
|  42|0x0000000086400000, 0x0000000086500000, 0x0000000086500000|100%| O|  |TAMS 0x0000000086400000| PB 0x0000000086400000| Untracked 
|  43|0x0000000086500000, 0x0000000086600000, 0x0000000086600000|100%| O|  |TAMS 0x0000000086500000| PB 0x0000000086500000| Untracked 
|  44|0x0000000086600000, 0x0000000086700000, 0x0000000086700000|100%| O|  |TAMS 0x0000000086600000| PB 0x0000000086600000| Untracked 
|  45|0x0000000086700000, 0x0000000086800000, 0x0000000086800000|100%| O|  |TAMS 0x0000000086700000| PB 0x0000000086700000| Untracked 
|  46|0x0000000086800000, 0x0000000086900000, 0x0000000086900000|100%| O|  |TAMS 0x0000000086800000| PB 0x0000000086800000| Untracked 
|  47|0x0000000086900000, 0x0000000086a00000, 0x0000000086a00000|100%| O|  |TAMS 0x0000000086900000| PB 0x0000000086900000| Untracked 
|  48|0x0000000086a00000, 0x0000000086b00000, 0x0000000086b00000|100%| O|  |TAMS 0x0000000086a00000| PB 0x0000000086a00000| Untracked 
|  49|0x0000000086b00000, 0x0000000086c00000, 0x0000000086c00000|100%| O|  |TAMS 0x0000000086b00000| PB 0x0000000086b00000| Untracked 
|  50|0x0000000086c00000, 0x0000000086d00000, 0x0000000086d00000|100%| O|  |TAMS 0x0000000086c00000| PB 0x0000000086c00000| Untracked 
|  51|0x0000000086d00000, 0x0000000086e00000, 0x0000000086e00000|100%| O|  |TAMS 0x0000000086d00000| PB 0x0000000086d00000| Untracked 
|  52|0x0000000086e00000, 0x0000000086f00000, 0x0000000086f00000|100%| O|  |TAMS 0x0000000086e00000| PB 0x0000000086e00000| Untracked 
|  53|0x0000000086f00000, 0x0000000087000000, 0x0000000087000000|100%| O|  |TAMS 0x0000000086f00000| PB 0x0000000086f00000| Untracked 
|  54|0x0000000087000000, 0x0000000087100000, 0x0000000087100000|100%| O|  |TAMS 0x0000000087000000| PB 0x0000000087000000| Untracked 
|  55|0x0000000087100000, 0x0000000087200000, 0x0000000087200000|100%| O|  |TAMS 0x0000000087100000| PB 0x0000000087100000| Untracked 
|  56|0x0000000087200000, 0x0000000087300000, 0x0000000087300000|100%| O|  |TAMS 0x0000000087200000| PB 0x0000000087200000| Untracked 
|  57|0x0000000087300000, 0x0000000087400000, 0x0000000087400000|100%| O|  |TAMS 0x0000000087300000| PB 0x0000000087300000| Untracked 
|  58|0x0000000087400000, 0x0000000087480000, 0x0000000087500000| 50%| O|  |TAMS 0x0000000087400000| PB 0x0000000087400000| Untracked 
|  59|0x0000000087500000, 0x0000000087500000, 0x0000000087600000|  0%| F|  |TAMS 0x0000000087500000| PB 0x0000000087500000| Untracked 
|  60|0x0000000087600000, 0x0000000087600000, 0x0000000087700000|  0%| F|  |TAMS 0x0000000087600000| PB 0x0000000087600000| Untracked 
|  61|0x0000000087700000, 0x0000000087800000, 0x0000000087800000|100%| O|  |TAMS 0x0000000087700000| PB 0x0000000087700000| Untracked 
|  62|0x0000000087800000, 0x0000000087900000, 0x0000000087900000|100%| O|  |TAMS 0x0000000087800000| PB 0x0000000087800000| Untracked 
|  63|0x0000000087900000, 0x0000000087a00000, 0x0000000087a00000|100%| O|  |TAMS 0x0000000087900000| PB 0x0000000087900000| Untracked 
|  64|0x0000000087a00000, 0x0000000087b00000, 0x0000000087b00000|100%| O|  |TAMS 0x0000000087a00000| PB 0x0000000087a00000| Untracked 
|  65|0x0000000087b00000, 0x0000000087c00000, 0x0000000087c00000|100%| O|  |TAMS 0x0000000087b00000| PB 0x0000000087b00000| Untracked 
|  66|0x0000000087c00000, 0x0000000087d00000, 0x0000000087d00000|100%| O|  |TAMS 0x0000000087c00000| PB 0x0000000087c00000| Untracked 
|  67|0x0000000087d00000, 0x0000000087e00000, 0x0000000087e00000|100%| O|  |TAMS 0x0000000087d00000| PB 0x0000000087d00000| Untracked 
|  68|0x0000000087e00000, 0x0000000087f00000, 0x0000000087f00000|100%| O|  |TAMS 0x0000000087e00000| PB 0x0000000087e00000| Untracked 
|  69|0x0000000087f00000, 0x0000000088000000, 0x0000000088000000|100%| O|  |TAMS 0x0000000087f00000| PB 0x0000000087f00000| Untracked 
|  70|0x0000000088000000, 0x0000000088000000, 0x0000000088100000|  0%| F|  |TAMS 0x0000000088000000| PB 0x0000000088000000| Untracked 
|  71|0x0000000088100000, 0x0000000088100000, 0x0000000088200000|  0%| F|  |TAMS 0x0000000088100000| PB 0x0000000088100000| Untracked 
|  72|0x0000000088200000, 0x0000000088200000, 0x0000000088300000|  0%| F|  |TAMS 0x0000000088200000| PB 0x0000000088200000| Untracked 
|  73|0x0000000088300000, 0x0000000088300000, 0x0000000088400000|  0%| F|  |TAMS 0x0000000088300000| PB 0x0000000088300000| Untracked 
|  74|0x0000000088400000, 0x0000000088400000, 0x0000000088500000|  0%| F|  |TAMS 0x0000000088400000| PB 0x0000000088400000| Untracked 
|  75|0x0000000088500000, 0x0000000088500000, 0x0000000088600000|  0%| F|  |TAMS 0x0000000088500000| PB 0x0000000088500000| Untracked 
|  76|0x0000000088600000, 0x0000000088600000, 0x0000000088700000|  0%| F|  |TAMS 0x0000000088600000| PB 0x0000000088600000| Untracked 
|  77|0x0000000088700000, 0x0000000088700000, 0x0000000088800000|  0%| F|  |TAMS 0x0000000088700000| PB 0x0000000088700000| Untracked 
|  78|0x0000000088800000, 0x0000000088800000, 0x0000000088900000|  0%| F|  |TAMS 0x0000000088800000| PB 0x0000000088800000| Untracked 
|  79|0x0000000088900000, 0x0000000088900000, 0x0000000088a00000|  0%| F|  |TAMS 0x0000000088900000| PB 0x0000000088900000| Untracked 
|  80|0x0000000088a00000, 0x0000000088a00000, 0x0000000088b00000|  0%| F|  |TAMS 0x0000000088a00000| PB 0x0000000088a00000| Untracked 
|  81|0x0000000088b00000, 0x0000000088b00000, 0x0000000088c00000|  0%| F|  |TAMS 0x0000000088b00000| PB 0x0000000088b00000| Untracked 
|  82|0x0000000088c00000, 0x0000000088c00000, 0x0000000088d00000|  0%| F|  |TAMS 0x0000000088c00000| PB 0x0000000088c00000| Untracked 
|  83|0x0000000088d00000, 0x0000000088d00000, 0x0000000088e00000|  0%| F|  |TAMS 0x0000000088d00000| PB 0x0000000088d00000| Untracked 
|  84|0x0000000088e00000, 0x0000000088f00000, 0x0000000088f00000|100%| S|CS|TAMS 0x0000000088e00000| PB 0x0000000088e00000| Complete 
|  85|0x0000000088f00000, 0x0000000089000000, 0x0000000089000000|100%| S|CS|TAMS 0x0000000088f00000| PB 0x0000000088f00000| Complete 
|  86|0x0000000089000000, 0x0000000089100000, 0x0000000089100000|100%| S|CS|TAMS 0x0000000089000000| PB 0x0000000089000000| Complete 
|  87|0x0000000089100000, 0x0000000089200000, 0x0000000089200000|100%| S|CS|TAMS 0x0000000089100000| PB 0x0000000089100000| Complete 
|  88|0x0000000089200000, 0x0000000089300000, 0x0000000089300000|100%| S|CS|TAMS 0x0000000089200000| PB 0x0000000089200000| Complete 
|  89|0x0000000089300000, 0x0000000089400000, 0x0000000089400000|100%| S|CS|TAMS 0x0000000089300000| PB 0x0000000089300000| Complete 
|  90|0x0000000089400000, 0x0000000089500000, 0x0000000089500000|100%| S|CS|TAMS 0x0000000089400000| PB 0x0000000089400000| Complete 
|  91|0x0000000089500000, 0x0000000089500000, 0x0000000089600000|  0%| F|  |TAMS 0x0000000089500000| PB 0x0000000089500000| Untracked 
|  92|0x0000000089600000, 0x0000000089600000, 0x0000000089700000|  0%| F|  |TAMS 0x0000000089600000| PB 0x0000000089600000| Untracked 
|  93|0x0000000089700000, 0x0000000089700000, 0x0000000089800000|  0%| F|  |TAMS 0x0000000089700000| PB 0x0000000089700000| Untracked 
|  94|0x0000000089800000, 0x0000000089800000, 0x0000000089900000|  0%| F|  |TAMS 0x0000000089800000| PB 0x0000000089800000| Untracked 
|  95|0x0000000089900000, 0x0000000089900000, 0x0000000089a00000|  0%| F|  |TAMS 0x0000000089900000| PB 0x0000000089900000| Untracked 
|  96|0x0000000089a00000, 0x0000000089a00000, 0x0000000089b00000|  0%| F|  |TAMS 0x0000000089a00000| PB 0x0000000089a00000| Untracked 
|  97|0x0000000089b00000, 0x0000000089b00000, 0x0000000089c00000|  0%| F|  |TAMS 0x0000000089b00000| PB 0x0000000089b00000| Untracked 
|  98|0x0000000089c00000, 0x0000000089c00000, 0x0000000089d00000|  0%| F|  |TAMS 0x0000000089c00000| PB 0x0000000089c00000| Untracked 
|  99|0x0000000089d00000, 0x0000000089d00000, 0x0000000089e00000|  0%| F|  |TAMS 0x0000000089d00000| PB 0x0000000089d00000| Untracked 
| 100|0x0000000089e00000, 0x0000000089e00000, 0x0000000089f00000|  0%| F|  |TAMS 0x0000000089e00000| PB 0x0000000089e00000| Untracked 
| 101|0x0000000089f00000, 0x0000000089f00000, 0x000000008a000000|  0%| F|  |TAMS 0x0000000089f00000| PB 0x0000000089f00000| Untracked 
| 102|0x000000008a000000, 0x000000008a000000, 0x000000008a100000|  0%| F|  |TAMS 0x000000008a000000| PB 0x000000008a000000| Untracked 
| 103|0x000000008a100000, 0x000000008a100000, 0x000000008a200000|  0%| F|  |TAMS 0x000000008a100000| PB 0x000000008a100000| Untracked 
| 104|0x000000008a200000, 0x000000008a200000, 0x000000008a300000|  0%| F|  |TAMS 0x000000008a200000| PB 0x000000008a200000| Untracked 
| 105|0x000000008a300000, 0x000000008a300000, 0x000000008a400000|  0%| F|  |TAMS 0x000000008a300000| PB 0x000000008a300000| Untracked 
| 106|0x000000008a400000, 0x000000008a400000, 0x000000008a500000|  0%| F|  |TAMS 0x000000008a400000| PB 0x000000008a400000| Untracked 
| 107|0x000000008a500000, 0x000000008a5a9418, 0x000000008a600000| 66%| E|  |TAMS 0x000000008a500000| PB 0x000000008a500000| Complete 
| 108|0x000000008a600000, 0x000000008a700000, 0x000000008a700000|100%| E|CS|TAMS 0x000000008a600000| PB 0x000000008a600000| Complete 
| 109|0x000000008a700000, 0x000000008a800000, 0x000000008a800000|100%| E|CS|TAMS 0x000000008a700000| PB 0x000000008a700000| Complete 
| 110|0x000000008a800000, 0x000000008a900000, 0x000000008a900000|100%| E|CS|TAMS 0x000000008a800000| PB 0x000000008a800000| Complete 
| 111|0x000000008a900000, 0x000000008aa00000, 0x000000008aa00000|100%| E|CS|TAMS 0x000000008a900000| PB 0x000000008a900000| Complete 
| 112|0x000000008aa00000, 0x000000008ab00000, 0x000000008ab00000|100%| E|CS|TAMS 0x000000008aa00000| PB 0x000000008aa00000| Complete 
| 113|0x000000008ab00000, 0x000000008ac00000, 0x000000008ac00000|100%| E|CS|TAMS 0x000000008ab00000| PB 0x000000008ab00000| Complete 
| 114|0x000000008ac00000, 0x000000008ad00000, 0x000000008ad00000|100%| E|CS|TAMS 0x000000008ac00000| PB 0x000000008ac00000| Complete 
| 115|0x000000008ad00000, 0x000000008ae00000, 0x000000008ae00000|100%| E|CS|TAMS 0x000000008ad00000| PB 0x000000008ad00000| Complete 
| 116|0x000000008ae00000, 0x000000008af00000, 0x000000008af00000|100%| E|CS|TAMS 0x000000008ae00000| PB 0x000000008ae00000| Complete 
| 117|0x000000008af00000, 0x000000008b000000, 0x000000008b000000|100%| E|CS|TAMS 0x000000008af00000| PB 0x000000008af00000| Complete 
| 118|0x000000008b000000, 0x000000008b100000, 0x000000008b100000|100%| E|CS|TAMS 0x000000008b000000| PB 0x000000008b000000| Complete 
| 119|0x000000008b100000, 0x000000008b200000, 0x000000008b200000|100%| E|CS|TAMS 0x000000008b100000| PB 0x000000008b100000| Complete 
| 120|0x000000008b200000, 0x000000008b300000, 0x000000008b300000|100%| E|CS|TAMS 0x000000008b200000| PB 0x000000008b200000| Complete 
| 121|0x000000008b300000, 0x000000008b400000, 0x000000008b400000|100%| E|CS|TAMS 0x000000008b300000| PB 0x000000008b300000| Complete 
| 122|0x000000008b400000, 0x000000008b500000, 0x000000008b500000|100%| E|CS|TAMS 0x000000008b400000| PB 0x000000008b400000| Complete 
| 123|0x000000008b500000, 0x000000008b600000, 0x000000008b600000|100%| E|CS|TAMS 0x000000008b500000| PB 0x000000008b500000| Complete 
| 124|0x000000008b600000, 0x000000008b700000, 0x000000008b700000|100%| E|CS|TAMS 0x000000008b600000| PB 0x000000008b600000| Complete 
| 125|0x000000008b700000, 0x000000008b800000, 0x000000008b800000|100%| E|CS|TAMS 0x000000008b700000| PB 0x000000008b700000| Complete 
| 126|0x000000008b800000, 0x000000008b900000, 0x000000008b900000|100%| E|CS|TAMS 0x000000008b800000| PB 0x000000008b800000| Complete 
| 127|0x000000008b900000, 0x000000008ba00000, 0x000000008ba00000|100%| E|CS|TAMS 0x000000008b900000| PB 0x000000008b900000| Complete 
| 128|0x000000008ba00000, 0x000000008bb00000, 0x000000008bb00000|100%| E|CS|TAMS 0x000000008ba00000| PB 0x000000008ba00000| Complete 
| 129|0x000000008bb00000, 0x000000008bc00000, 0x000000008bc00000|100%| E|CS|TAMS 0x000000008bb00000| PB 0x000000008bb00000| Complete 
| 130|0x000000008bc00000, 0x000000008bd00000, 0x000000008bd00000|100%| E|CS|TAMS 0x000000008bc00000| PB 0x000000008bc00000| Complete 
| 131|0x000000008bd00000, 0x000000008be00000, 0x000000008be00000|100%| E|CS|TAMS 0x000000008bd00000| PB 0x000000008bd00000| Complete 
| 132|0x000000008be00000, 0x000000008bf00000, 0x000000008bf00000|100%| E|CS|TAMS 0x000000008be00000| PB 0x000000008be00000| Complete 
| 133|0x000000008bf00000, 0x000000008c000000, 0x000000008c000000|100%| E|CS|TAMS 0x000000008bf00000| PB 0x000000008bf00000| Complete 
| 134|0x000000008c000000, 0x000000008c100000, 0x000000008c100000|100%| E|CS|TAMS 0x000000008c000000| PB 0x000000008c000000| Complete 
| 135|0x000000008c100000, 0x000000008c200000, 0x000000008c200000|100%| E|CS|TAMS 0x000000008c100000| PB 0x000000008c100000| Complete 
| 136|0x000000008c200000, 0x000000008c300000, 0x000000008c300000|100%| E|CS|TAMS 0x000000008c200000| PB 0x000000008c200000| Complete 
| 137|0x000000008c300000, 0x000000008c400000, 0x000000008c400000|100%| E|CS|TAMS 0x000000008c300000| PB 0x000000008c300000| Complete 
| 138|0x000000008c400000, 0x000000008c500000, 0x000000008c500000|100%| E|CS|TAMS 0x000000008c400000| PB 0x000000008c400000| Complete 
| 139|0x000000008c500000, 0x000000008c600000, 0x000000008c600000|100%| E|CS|TAMS 0x000000008c500000| PB 0x000000008c500000| Complete 
| 140|0x000000008c600000, 0x000000008c700000, 0x000000008c700000|100%| E|CS|TAMS 0x000000008c600000| PB 0x000000008c600000| Complete 
| 141|0x000000008c700000, 0x000000008c800000, 0x000000008c800000|100%| E|CS|TAMS 0x000000008c700000| PB 0x000000008c700000| Complete 
| 142|0x000000008c800000, 0x000000008c900000, 0x000000008c900000|100%| E|CS|TAMS 0x000000008c800000| PB 0x000000008c800000| Complete 
| 143|0x000000008c900000, 0x000000008ca00000, 0x000000008ca00000|100%| E|CS|TAMS 0x000000008c900000| PB 0x000000008c900000| Complete 
| 144|0x000000008ca00000, 0x000000008cb00000, 0x000000008cb00000|100%| E|CS|TAMS 0x000000008ca00000| PB 0x000000008ca00000| Complete 
| 178|0x000000008ec00000, 0x000000008ed00000, 0x000000008ed00000|100%| E|CS|TAMS 0x000000008ec00000| PB 0x000000008ec00000| Complete 
|1986|0x00000000ffc00000, 0x00000000ffd00000, 0x00000000ffd00000|100%| O|  |TAMS 0x00000000ffc00000| PB 0x00000000ffc00000| Untracked 
|1987|0x00000000ffd00000, 0x00000000ffe00000, 0x00000000ffe00000|100%| O|  |TAMS 0x00000000ffd00000| PB 0x00000000ffd00000| Untracked 
|1988|0x00000000ffe00000, 0x00000000fff00000, 0x00000000fff00000|100%| O|  |TAMS 0x00000000ffe00000| PB 0x00000000ffe00000| Untracked 
|1989|0x00000000fff00000, 0x0000000100000000, 0x0000000100000000|100%| O|  |TAMS 0x00000000fff00000| PB 0x00000000fff00000| Untracked 

Card table byte_map: [0x0000021cae640000,0x0000021caea30000] _byte_map_base: 0x0000021cae223000

Marking Bits: (CMBitMap*) 0x0000021c9b64ebf0
 Bits: [0x0000021caea30000, 0x0000021cb0948000)

Polling page: 0x0000021c99f60000

Metaspace:

Usage:
  Non-class:     62.20 MB used.
      Class:      7.49 MB used.
       Both:     69.69 MB used.

Virtual space:
  Non-class space:       64.00 MB reserved,      62.38 MB ( 97%) committed,  1 nodes.
      Class space:        1.00 GB reserved,       7.62 MB ( <1%) committed,  1 nodes.
             Both:        1.06 GB reserved,      70.00 MB (  6%) committed. 

Chunk freelists:
   Non-Class:  1.39 MB
       Class:  8.33 MB
        Both:  9.72 MB

MaxMetaspaceSize: unlimited
CompressedClassSpaceSize: 1.00 GB
Initial GC threshold: 21.00 MB
Current GC threshold: 108.06 MB
CDS: off
 - commit_granule_bytes: 65536.
 - commit_granule_words: 8192.
 - virtual_space_node_default_size: 8388608.
 - enlarge_chunks_in_place: 1.
 - use_allocation_guard: 0.


Internal statistics:

num_allocs_failed_limit: 6.
num_arena_births: 354.
num_arena_deaths: 0.
num_vsnodes_births: 2.
num_vsnodes_deaths: 0.
num_space_committed: 1120.
num_space_uncommitted: 0.
num_chunks_returned_to_freelist: 6.
num_chunks_taken_from_freelist: 2547.
num_chunk_merges: 6.
num_chunk_splits: 2129.
num_chunks_enlarged: 1946.
num_inconsistent_stats: 0.

CodeHeap 'non-profiled nmethods': size=120000Kb used=4363Kb max_used=4363Kb free=115637Kb
 bounds [0x0000021ca62c0000, 0x0000021ca6710000, 0x0000021cad7f0000]
CodeHeap 'profiled nmethods': size=120000Kb used=22348Kb max_used=22348Kb free=97651Kb
 bounds [0x0000021c9e7f0000, 0x0000021c9fdd0000, 0x0000021ca5d20000]
CodeHeap 'non-nmethods': size=5760Kb used=1757Kb max_used=1807Kb free=4002Kb
 bounds [0x0000021ca5d20000, 0x0000021ca5f90000, 0x0000021ca62c0000]
 total_blobs=8380 nmethods=7601 adapters=680
 compilation: enabled
              stopped_count=0, restarted_count=0
 full_count=0

Compilation events (20 events):
Event: 6.916 Thread 0x0000021cb359c900 8206       3       org.jetbrains.kotlin.types.AbstractTypeApproximator$referenceApproximateToSuperType$1::invoke (20 bytes)
Event: 6.917 Thread 0x0000021cb359c900 nmethod 8206 0x0000021c9fdb5110 code [0x0000021c9fdb5400, 0x0000021c9fdb6380]
Event: 6.917 Thread 0x0000021cb359c900 8193       1       org.jetbrains.kotlin.backend.jvm.MemoizedInlineClassReplacements::getGetReplacementFunctionImpl (5 bytes)
Event: 6.917 Thread 0x0000021cb359c900 nmethod 8193 0x0000021ca66fd990 code [0x0000021ca66fdb20, 0x0000021ca66fdbe8]
Event: 6.917 Thread 0x0000021cb359c900 8197       1       org.jetbrains.kotlin.ir.declarations.IrDeclarationOriginImpl::isSynthetic (5 bytes)
Event: 6.917 Thread 0x0000021cb359c900 nmethod 8197 0x0000021ca66fdc90 code [0x0000021ca66fde20, 0x0000021ca66fdef0]
Event: 6.917 Thread 0x0000021cb359c900 8199       1       org.jetbrains.kotlin.backend.jvm.lower.JvmValueClassAbstractLowering::getContext (5 bytes)
Event: 6.917 Thread 0x0000021cb359c900 nmethod 8199 0x0000021ca66fdf90 code [0x0000021ca66fe120, 0x0000021ca66fe1e8]
Event: 6.917 Thread 0x0000021cb359c900 8203       1       org.jetbrains.kotlin.backend.jvm.JvmBackendContext::getInlineClassReplacements (5 bytes)
Event: 6.917 Thread 0x0000021cb359c900 nmethod 8203 0x0000021ca66fe290 code [0x0000021ca66fe420, 0x0000021ca66fe4f0]
Event: 6.917 Thread 0x0000021cb359c900 8208       3       org.jetbrains.kotlin.fir.resolve.substitution.AbstractConeSubstitutor::<init> (16 bytes)
Event: 6.917 Thread 0x0000021cb359c900 nmethod 8208 0x0000021c9fdb6890 code [0x0000021c9fdb6ac0, 0x0000021c9fdb7160]
Event: 6.917 Thread 0x0000021cb359c900 8187       3       org.jetbrains.kotlin.fir.lazy.Fir2IrLazySimpleFunction$$Lambda/0x00000001006dfc98::invoke (16 bytes)
Event: 6.917 Thread 0x0000021cb359c900 nmethod 8187 0x0000021c9fdb7410 code [0x0000021c9fdb75c0, 0x0000021c9fdb7710]
Event: 6.917 Thread 0x0000021cb359c900 8188       3       org.jetbrains.kotlin.fir.lazy.Fir2IrLazySimpleFunction::dispatchReceiverParameter_delegate$lambda$1 (88 bytes)
Event: 6.918 Thread 0x0000021cb359c900 nmethod 8188 0x0000021c9fdb7790 code [0x0000021c9fdb79c0, 0x0000021c9fdb8168]
Event: 6.918 Thread 0x0000021cb359c900 8209       1       org.jetbrains.kotlin.ir.declarations.impl.IrClassImpl::getVisibility (5 bytes)
Event: 6.918 Thread 0x0000021cb359c900 nmethod 8209 0x0000021ca66fe590 code [0x0000021ca66fe720, 0x0000021ca66fe7e8]
Event: 6.918 Thread 0x0000021cb359c900 8207       1       org.jetbrains.kotlin.types.TypeApproximatorConfiguration$FrontendToBackendTypesApproximation::getApproximateAllFlexible (2 bytes)
Event: 6.918 Thread 0x0000021cb359c900 nmethod 8207 0x0000021ca66fe890 code [0x0000021ca66fea20, 0x0000021ca66feae8]

GC Heap History (20 events):
Event: 3.004 GC heap before
{Heap before GC invocations=12 (full 0):
 garbage-first heap   total 41984K, used 33531K [0x0000000083a00000, 0x0000000100000000)
  region size 1024K, 16 young (16384K), 3 survivors (3072K)
 Metaspace       used 47675K, committed 47936K, reserved 1114112K
  class space    used 5482K, committed 5632K, reserved 1048576K
}
Event: 3.018 GC heap after
{Heap after GC invocations=13 (full 0):
 garbage-first heap   total 52224K, used 26282K [0x0000000083a00000, 0x0000000100000000)
  region size 1024K, 3 young (3072K), 3 survivors (3072K)
 Metaspace       used 47675K, committed 47936K, reserved 1114112K
  class space    used 5482K, committed 5632K, reserved 1048576K
}
Event: 3.084 GC heap before
{Heap before GC invocations=14 (full 0):
 garbage-first heap   total 52224K, used 42666K [0x0000000083a00000, 0x0000000100000000)
  region size 1024K, 18 young (18432K), 3 survivors (3072K)
 Metaspace       used 47728K, committed 48064K, reserved 1114112K
  class space    used 5482K, committed 5632K, reserved 1048576K
}
Event: 3.096 GC heap after
{Heap after GC invocations=15 (full 0):
 garbage-first heap   total 52224K, used 33208K [0x0000000083a00000, 0x0000000100000000)
  region size 1024K, 3 young (3072K), 3 survivors (3072K)
 Metaspace       used 47728K, committed 48064K, reserved 1114112K
  class space    used 5482K, committed 5632K, reserved 1048576K
}
Event: 3.217 GC heap before
{Heap before GC invocations=15 (full 0):
 garbage-first heap   total 52224K, used 42424K [0x0000000083a00000, 0x0000000100000000)
  region size 1024K, 12 young (12288K), 3 survivors (3072K)
 Metaspace       used 48537K, committed 48832K, reserved 1114112K
  class space    used 5580K, committed 5760K, reserved 1048576K
}
Event: 3.232 GC heap after
{Heap after GC invocations=16 (full 0):
 garbage-first heap   total 52224K, used 35256K [0x0000000083a00000, 0x0000000100000000)
  region size 1024K, 2 young (2048K), 2 survivors (2048K)
 Metaspace       used 48537K, committed 48832K, reserved 1114112K
  class space    used 5580K, committed 5760K, reserved 1048576K
}
Event: 3.352 GC heap before
{Heap before GC invocations=16 (full 0):
 garbage-first heap   total 52224K, used 42424K [0x0000000083a00000, 0x0000000100000000)
  region size 1024K, 10 young (10240K), 2 survivors (2048K)
 Metaspace       used 50224K, committed 50560K, reserved 1114112K
  class space    used 5753K, committed 5888K, reserved 1048576K
}
Event: 3.356 GC heap after
{Heap after GC invocations=17 (full 0):
 garbage-first heap   total 52224K, used 36792K [0x0000000083a00000, 0x0000000100000000)
  region size 1024K, 1 young (1024K), 1 survivors (1024K)
 Metaspace       used 50224K, committed 50560K, reserved 1114112K
  class space    used 5753K, committed 5888K, reserved 1048576K
}
Event: 3.404 GC heap before
{Heap before GC invocations=18 (full 0):
 garbage-first heap   total 61440K, used 44984K [0x0000000083a00000, 0x0000000100000000)
  region size 1024K, 9 young (9216K), 1 survivors (1024K)
 Metaspace       used 50283K, committed 50560K, reserved 1114112K
  class space    used 5756K, committed 5888K, reserved 1048576K
}
Event: 3.410 GC heap after
{Heap after GC invocations=19 (full 0):
 garbage-first heap   total 61440K, used 39680K [0x0000000083a00000, 0x0000000100000000)
  region size 1024K, 2 young (2048K), 2 survivors (2048K)
 Metaspace       used 50283K, committed 50560K, reserved 1114112K
  class space    used 5756K, committed 5888K, reserved 1048576K
}
Event: 3.623 GC heap before
{Heap before GC invocations=19 (full 0):
 garbage-first heap   total 61440K, used 49920K [0x0000000083a00000, 0x0000000100000000)
  region size 1024K, 13 young (13312K), 2 survivors (2048K)
 Metaspace       used 52301K, committed 52608K, reserved 1114112K
  class space    used 6002K, committed 6144K, reserved 1048576K
}
Event: 3.630 GC heap after
{Heap after GC invocations=20 (full 0):
 garbage-first heap   total 61440K, used 41483K [0x0000000083a00000, 0x0000000100000000)
  region size 1024K, 2 young (2048K), 2 survivors (2048K)
 Metaspace       used 52301K, committed 52608K, reserved 1114112K
  class space    used 6002K, committed 6144K, reserved 1048576K
}
Event: 3.828 GC heap before
{Heap before GC invocations=20 (full 0):
 garbage-first heap   total 61440K, used 52747K [0x0000000083a00000, 0x0000000100000000)
  region size 1024K, 13 young (13312K), 2 survivors (2048K)
 Metaspace       used 53247K, committed 53568K, reserved 1114112K
  class space    used 6109K, committed 6272K, reserved 1048576K
}
Event: 3.836 GC heap after
{Heap after GC invocations=21 (full 0):
 garbage-first heap   total 184320K, used 44434K [0x0000000083a00000, 0x0000000100000000)
  region size 1024K, 2 young (2048K), 2 survivors (2048K)
 Metaspace       used 53247K, committed 53568K, reserved 1114112K
  class space    used 6109K, committed 6272K, reserved 1048576K
}
Event: 5.090 GC heap before
{Heap before GC invocations=22 (full 0):
 garbage-first heap   total 150528K, used 130450K [0x0000000083a00000, 0x0000000100000000)
  region size 1024K, 87 young (89088K), 2 survivors (2048K)
 Metaspace       used 57575K, committed 57856K, reserved 1114112K
  class space    used 6462K, committed 6592K, reserved 1048576K
}
Event: 5.120 GC heap after
{Heap after GC invocations=23 (full 0):
 garbage-first heap   total 153600K, used 63185K [0x0000000083a00000, 0x0000000100000000)
  region size 1024K, 11 young (11264K), 11 survivors (11264K)
 Metaspace       used 57575K, committed 57856K, reserved 1114112K
  class space    used 6462K, committed 6592K, reserved 1048576K
}
Event: 5.853 GC heap before
{Heap before GC invocations=23 (full 0):
 garbage-first heap   total 153600K, used 111313K [0x0000000083a00000, 0x0000000100000000)
  region size 1024K, 59 young (60416K), 11 survivors (11264K)
 Metaspace       used 64068K, committed 64384K, reserved 1114112K
  class space    used 7068K, committed 7232K, reserved 1048576K
}
Event: 5.869 GC heap after
{Heap after GC invocations=24 (full 0):
 garbage-first heap   total 153600K, used 70072K [0x0000000083a00000, 0x0000000100000000)
  region size 1024K, 7 young (7168K), 7 survivors (7168K)
 Metaspace       used 64068K, committed 64384K, reserved 1114112K
  class space    used 7068K, committed 7232K, reserved 1048576K
}
Event: 6.334 GC heap before
{Heap before GC invocations=24 (full 0):
 garbage-first heap   total 153600K, used 119224K [0x0000000083a00000, 0x0000000100000000)
  region size 1024K, 55 young (56320K), 7 survivors (7168K)
 Metaspace       used 65016K, committed 65344K, reserved 1114112K
  class space    used 7101K, committed 7232K, reserved 1048576K
}
Event: 6.356 GC heap after
{Heap after GC invocations=25 (full 0):
 garbage-first heap   total 153600K, used 80312K [0x0000000083a00000, 0x0000000100000000)
  region size 1024K, 7 young (7168K), 7 survivors (7168K)
 Metaspace       used 65016K, committed 65344K, reserved 1114112K
  class space    used 7101K, committed 7232K, reserved 1048576K
}

Dll operation events (3 events):
Event: 0.008 Loaded shared library C:\Program Files\Android\Android Studio\jbr\bin\java.dll
Event: 0.013 Loaded shared library C:\Program Files\Android\Android Studio\jbr\bin\zip.dll
Event: 1.356 Loaded shared library C:\Program Files\Android\Android Studio\jbr\bin\verify.dll

Deoptimization events (20 events):
Event: 6.911 Thread 0x0000021c9b5f9350 Uncommon trap: trap_request=0xffffff45 fr.pc=0x0000021ca634fc74 relative=0x00000000000000d4
Event: 6.911 Thread 0x0000021c9b5f9350 Uncommon trap: reason=unstable_if action=reinterpret pc=0x0000021ca634fc74 method=java.util.concurrent.locks.ReentrantLock$Sync.tryRelease(I)Z @ 26 c2
Event: 6.911 Thread 0x0000021c9b5f9350 DEOPT PACKING pc=0x0000021ca634fc74 sp=0x0000004ef7cfd310
Event: 6.911 Thread 0x0000021c9b5f9350 DEOPT UNPACKING pc=0x0000021ca5d746a2 sp=0x0000004ef7cfd2c0 mode 2
Event: 6.911 Thread 0x0000021c9b5f9350 Uncommon trap: trap_request=0xffffffde fr.pc=0x0000021ca66abe98 relative=0x0000000000002418
Event: 6.911 Thread 0x0000021c9b5f9350 Uncommon trap: reason=class_check action=maybe_recompile pc=0x0000021ca66abe98 method=org.jetbrains.kotlin.fir.lazy.Fir2IrLazySimpleFunction.getOverriddenSymbols()Ljava/util/List; @ 15 c2
Event: 6.911 Thread 0x0000021c9b5f9350 DEOPT PACKING pc=0x0000021ca66abe98 sp=0x0000004ef7cfcd80
Event: 6.911 Thread 0x0000021c9b5f9350 DEOPT UNPACKING pc=0x0000021ca5d746a2 sp=0x0000004ef7cfce00 mode 2
Event: 6.911 Thread 0x0000021c9b5f9350 Uncommon trap: trap_request=0xffffffde fr.pc=0x0000021ca66abe98 relative=0x0000000000002418
Event: 6.911 Thread 0x0000021c9b5f9350 Uncommon trap: reason=class_check action=maybe_recompile pc=0x0000021ca66abe98 method=org.jetbrains.kotlin.fir.lazy.Fir2IrLazySimpleFunction.getOverriddenSymbols()Ljava/util/List; @ 15 c2
Event: 6.911 Thread 0x0000021c9b5f9350 DEOPT PACKING pc=0x0000021ca66abe98 sp=0x0000004ef7cfcd80
Event: 6.911 Thread 0x0000021c9b5f9350 DEOPT UNPACKING pc=0x0000021ca5d746a2 sp=0x0000004ef7cfce00 mode 2
Event: 6.911 Thread 0x0000021c9b5f9350 Uncommon trap: trap_request=0xffffffde fr.pc=0x0000021ca66abe98 relative=0x0000000000002418
Event: 6.911 Thread 0x0000021c9b5f9350 Uncommon trap: reason=class_check action=maybe_recompile pc=0x0000021ca66abe98 method=org.jetbrains.kotlin.fir.lazy.Fir2IrLazySimpleFunction.getOverriddenSymbols()Ljava/util/List; @ 15 c2
Event: 6.911 Thread 0x0000021c9b5f9350 DEOPT PACKING pc=0x0000021ca66abe98 sp=0x0000004ef7cfcd80
Event: 6.911 Thread 0x0000021c9b5f9350 DEOPT UNPACKING pc=0x0000021ca5d746a2 sp=0x0000004ef7cfce00 mode 2
Event: 6.911 Thread 0x0000021c9b5f9350 Uncommon trap: trap_request=0xffffffde fr.pc=0x0000021ca66abe98 relative=0x0000000000002418
Event: 6.911 Thread 0x0000021c9b5f9350 Uncommon trap: reason=class_check action=maybe_recompile pc=0x0000021ca66abe98 method=org.jetbrains.kotlin.fir.lazy.Fir2IrLazySimpleFunction.getOverriddenSymbols()Ljava/util/List; @ 15 c2
Event: 6.911 Thread 0x0000021c9b5f9350 DEOPT PACKING pc=0x0000021ca66abe98 sp=0x0000004ef7cfcd80
Event: 6.912 Thread 0x0000021c9b5f9350 DEOPT UNPACKING pc=0x0000021ca5d746a2 sp=0x0000004ef7cfce00 mode 2

Classes loaded (20 events):
Event: 5.330 Loading class java/lang/CompoundEnumeration
Event: 5.330 Loading class java/lang/CompoundEnumeration done
Event: 5.330 Loading class jdk/internal/loader/URLClassPath$1
Event: 5.330 Loading class jdk/internal/loader/URLClassPath$1 done
Event: 5.331 Loading class java/util/ServiceLoader$1
Event: 5.331 Loading class java/util/ServiceLoader$1 done
Event: 5.331 Loading class java/util/ServiceLoader$ProviderImpl
Event: 5.331 Loading class java/util/ServiceLoader$Provider
Event: 5.331 Loading class java/util/ServiceLoader$Provider done
Event: 5.332 Loading class java/util/ServiceLoader$ProviderImpl done
Event: 5.530 Loading class java/security/CodeSigner
Event: 5.530 Loading class java/security/CodeSigner done
Event: 5.553 Loading class java/lang/Byte$ByteCache
Event: 5.553 Loading class java/lang/Byte$ByteCache done
Event: 6.264 Loading class java/lang/Short$ShortCache
Event: 6.264 Loading class java/lang/Short$ShortCache done
Event: 6.647 Loading class java/util/Collections$SynchronizedMap
Event: 6.647 Loading class java/util/Collections$SynchronizedMap done
Event: 6.854 Loading class java/util/regex/Pattern$StartS
Event: 6.854 Loading class java/util/regex/Pattern$StartS done

Classes unloaded (0 events):
No events

Classes redefined (0 events):
No events

Internal exceptions (20 events):
Event: 3.718 Thread 0x0000021c9b5f9350 Exception <a 'java/lang/NoSuchMethodError'{0x00000000871f0fc0}: 'java.lang.Object java.lang.invoke.DirectMethodHandle$Holder.newInvokeSpecial(java.lang.Object, int, java.lang.Object, java.lang.Object, java.lang.Object)'> (0x00000000871f0fc0) 
thrown [s\src\hotspot\share\interpreter\linkResolver.cpp, line 784]
Event: 3.719 Thread 0x0000021c9b5f9350 Exception <a 'java/lang/NoSuchMethodError'{0x00000000871f89d0}: 'java.lang.Object java.lang.invoke.Invokers$Holder.linkToTargetMethod(int, java.lang.Object, java.lang.Object, java.lang.Object, java.lang.Object)'> (0x00000000871f89d0) 
thrown [s\src\hotspot\share\interpreter\linkResolver.cpp, line 784]
Event: 3.754 Thread 0x0000021c9b5f9350 Exception <a 'java/lang/NoSuchMethodError'{0x0000000086e14750}: 'java.lang.Object java.lang.invoke.DirectMethodHandle$Holder.invokeStatic(java.lang.Object, int, java.lang.Object, java.lang.Object)'> (0x0000000086e14750) 
thrown [s\src\hotspot\share\interpreter\linkResolver.cpp, line 784]
Event: 4.311 Thread 0x0000021c9b5f9350 Implicit null exception at 0x0000021ca6393363 to 0x0000021ca63933f9
Event: 4.348 Thread 0x0000021c9b5f9350 Implicit null exception at 0x0000021ca6496fe9 to 0x0000021ca6497164
Event: 4.484 Thread 0x0000021c9b5f9350 Exception <a 'java/lang/NoSuchMethodError'{0x000000008a7dfa40}: 'java.lang.Object java.lang.invoke.DirectMethodHandle$Holder.newInvokeSpecial(java.lang.Object, java.lang.Object, int, java.lang.Object, java.lang.Object, java.lang.Object)'> (0x000000008a7dfa40) 
thrown [s\src\hotspot\share\interpreter\linkResolver.cpp, line 784]
Event: 4.485 Thread 0x0000021c9b5f9350 Exception <a 'java/lang/NoSuchMethodError'{0x000000008a7e3f68}: 'java.lang.Object java.lang.invoke.DirectMethodHandle$Holder.invokeSpecial(java.lang.Object, java.lang.Object, java.lang.Object, int, java.lang.Object, java.lang.Object, java.lang.Object)'> (0x000000008a7e3f68) 
thrown [s\src\hotspot\share\interpreter\linkResolver.cpp, line 784]
Event: 4.485 Thread 0x0000021c9b5f9350 Exception <a 'java/lang/NoSuchMethodError'{0x000000008a7e75e0}: 'java.lang.Object java.lang.invoke.Invokers$Holder.linkToTargetMethod(java.lang.Object, int, java.lang.Object, java.lang.Object, java.lang.Object, java.lang.Object)'> (0x000000008a7e75e0) 
thrown [s\src\hotspot\share\interpreter\linkResolver.cpp, line 784]
Event: 4.489 Thread 0x0000021c9b5f9350 Exception <a 'java/lang/NoSuchMethodError'{0x000000008a638400}: 'java.lang.Object java.lang.invoke.DirectMethodHandle$Holder.newInvokeSpecial(java.lang.Object, java.lang.Object, java.lang.Object, java.lang.Object, java.lang.Object, java.lang.Object, int)'> (0x000000008a638400) 
thrown [s\src\hotspot\share\interpreter\linkResolver.cpp, line 784]
Event: 4.489 Thread 0x0000021c9b5f9350 Exception <a 'java/lang/NoSuchMethodError'{0x000000008a63ce60}: 'java.lang.Object java.lang.invoke.DirectMethodHandle$Holder.invokeSpecial(java.lang.Object, java.lang.Object, java.lang.Object, java.lang.Object, java.lang.Object, java.lang.Object, java.lang.Object, int)'> (0x000000008a63ce60) 
thrown [s\src\hotspot\share\interpreter\linkResolver.cpp, line 784]
Event: 5.387 Thread 0x0000021c9b5f9350 Implicit null exception at 0x0000021ca62f4120 to 0x0000021ca62f46e8
Event: 5.388 Thread 0x0000021c9b5f9350 Implicit null exception at 0x0000021ca62f8220 to 0x0000021ca62f87d8
Event: 5.619 Thread 0x0000021c9b5f9350 Exception <a 'java/lang/NoSuchMethodError'{0x000000008a7f88b8}: 'java.lang.Object java.lang.invoke.DirectMethodHandle$Holder.newInvokeSpecial(java.lang.Object, java.lang.Object, java.lang.Object, java.lang.Object, java.lang.Object, java.lang.Object, java.lang.Object, java.lang.Object, int)'> (0x000000008a7f88b8) 
thrown [s\src\hotspot\share\interpreter\linkResolver.cpp, line 784]
Event: 5.619 Thread 0x0000021c9b5f9350 Exception <a 'java/lang/NoSuchMethodError'{0x000000008a7fd638}: 'java.lang.Object java.lang.invoke.DirectMethodHandle$Holder.invokeSpecial(java.lang.Object, java.lang.Object, java.lang.Object, java.lang.Object, java.lang.Object, java.lang.Object, java.lang.Object, java.lang.Object, java.lang.Object, int)'> (0x000000008a7fd638) 
thrown [s\src\hotspot\share\interpreter\linkResolver.cpp, line 784]
Event: 5.667 Thread 0x0000021c9b5f9350 Exception <a 'java/lang/NoSuchMethodError'{0x000000008a5cb8c0}: 'java.lang.Object java.lang.invoke.DirectMethodHandle$Holder.invokeStatic(java.lang.Object, java.lang.Object, int, int)'> (0x000000008a5cb8c0) 
thrown [s\src\hotspot\share\interpreter\linkResolver.cpp, line 784]
Event: 5.667 Thread 0x0000021c9b5f9350 Exception <a 'java/lang/NoSuchMethodError'{0x000000008a5d2300}: 'java.lang.Object java.lang.invoke.DirectMethodHandle$Holder.newInvokeSpecial(java.lang.Object, java.lang.Object, int, int)'> (0x000000008a5d2300) 
thrown [s\src\hotspot\share\interpreter\linkResolver.cpp, line 784]
Event: 5.667 Thread 0x0000021c9b5f9350 Exception <a 'java/lang/NoSuchMethodError'{0x000000008a5d6318}: 'java.lang.Object java.lang.invoke.DirectMethodHandle$Holder.invokeSpecial(java.lang.Object, java.lang.Object, java.lang.Object, int, int)'> (0x000000008a5d6318) 
thrown [s\src\hotspot\share\interpreter\linkResolver.cpp, line 784]
Event: 5.668 Thread 0x0000021c9b5f9350 Exception <a 'java/lang/NoSuchMethodError'{0x000000008a5d9c88}: 'java.lang.Object java.lang.invoke.Invokers$Holder.linkToTargetMethod(java.lang.Object, int, int, java.lang.Object)'> (0x000000008a5d9c88) 
thrown [s\src\hotspot\share\interpreter\linkResolver.cpp, line 784]
Event: 6.694 Thread 0x0000021c9b5f9350 Exception <a 'java/lang/NoSuchMethodError'{0x000000008b3feed0}: 'java.lang.Object java.lang.invoke.DirectMethodHandle$Holder.newInvokeSpecial(java.lang.Object, int, java.lang.Object, int)'> (0x000000008b3feed0) 
thrown [s\src\hotspot\share\interpreter\linkResolver.cpp, line 784]
Event: 6.847 Thread 0x0000021c9b5f9350 Exception <a 'java/lang/NoSuchMethodError'{0x000000008aabb968}: 'java.lang.Object java.lang.invoke.DirectMethodHandle$Holder.newInvokeSpecial(java.lang.Object, java.lang.Object, java.lang.Object, int, int, java.lang.Object)'> (0x000000008aabb968) 
thrown [s\src\hotspot\share\interpreter\linkResolver.cpp, line 784]

ZGC Phase Switch (0 events):
No events

VM Operations (20 events):
Event: 6.490 Executing VM operation: G1PauseCleanup
Event: 6.490 Executing VM operation: G1PauseCleanup done
Event: 6.582 Executing VM operation: HandshakeAllThreads (Deoptimize)
Event: 6.582 Executing VM operation: HandshakeAllThreads (Deoptimize) done
Event: 6.712 Executing VM operation: HandshakeAllThreads (Deoptimize)
Event: 6.712 Executing VM operation: HandshakeAllThreads (Deoptimize) done
Event: 6.713 Executing VM operation: HandshakeAllThreads (Deoptimize)
Event: 6.713 Executing VM operation: HandshakeAllThreads (Deoptimize) done
Event: 6.754 Executing VM operation: ICBufferFull
Event: 6.754 Executing VM operation: ICBufferFull done
Event: 6.806 Executing VM operation: HandshakeAllThreads (Deoptimize)
Event: 6.806 Executing VM operation: HandshakeAllThreads (Deoptimize) done
Event: 6.826 Executing VM operation: HandshakeAllThreads (Deoptimize)
Event: 6.826 Executing VM operation: HandshakeAllThreads (Deoptimize) done
Event: 6.859 Executing VM operation: HandshakeAllThreads (Deoptimize)
Event: 6.859 Executing VM operation: HandshakeAllThreads (Deoptimize) done
Event: 6.882 Executing VM operation: ICBufferFull
Event: 6.882 Executing VM operation: ICBufferFull done
Event: 6.904 Executing VM operation: HandshakeAllThreads (Deoptimize)
Event: 6.904 Executing VM operation: HandshakeAllThreads (Deoptimize) done

Memory protections (0 events):
No events

Nmethod flushes (20 events):
Event: 6.456 Thread 0x0000021cb33de680 flushing  nmethod 0x0000021c9eb8c090
Event: 6.456 Thread 0x0000021cb33de680 flushing  nmethod 0x0000021c9eb90390
Event: 6.456 Thread 0x0000021cb33de680 flushing  nmethod 0x0000021c9ebb8090
Event: 6.456 Thread 0x0000021cb33de680 flushing  nmethod 0x0000021c9ebb8790
Event: 6.456 Thread 0x0000021cb33de680 flushing  nmethod 0x0000021c9ebb9610
Event: 6.456 Thread 0x0000021cb33de680 flushing  nmethod 0x0000021c9ec24290
Event: 6.456 Thread 0x0000021cb33de680 flushing  nmethod 0x0000021c9ec37590
Event: 6.456 Thread 0x0000021cb33de680 flushing  nmethod 0x0000021c9ec75390
Event: 6.456 Thread 0x0000021cb33de680 flushing  nmethod 0x0000021c9ecae190
Event: 6.456 Thread 0x0000021cb33de680 flushing  nmethod 0x0000021c9ece7790
Event: 6.456 Thread 0x0000021cb33de680 flushing  nmethod 0x0000021c9ecf7790
Event: 6.456 Thread 0x0000021cb33de680 flushing  nmethod 0x0000021c9ed91f90
Event: 6.456 Thread 0x0000021cb33de680 flushing  nmethod 0x0000021c9edb0610
Event: 6.456 Thread 0x0000021cb33de680 flushing  nmethod 0x0000021c9edbcc10
Event: 6.456 Thread 0x0000021cb33de680 flushing  nmethod 0x0000021c9edcc890
Event: 6.456 Thread 0x0000021cb33de680 flushing  nmethod 0x0000021c9edf6190
Event: 6.456 Thread 0x0000021cb33de680 flushing  nmethod 0x0000021c9ee05e10
Event: 6.456 Thread 0x0000021cb33de680 flushing  nmethod 0x0000021c9ee9bc10
Event: 6.456 Thread 0x0000021cb33de680 flushing  nmethod 0x0000021c9eea6a10
Event: 6.456 Thread 0x0000021cb33de680 flushing  nmethod 0x0000021c9ef08f90

Events (18 events):
Event: 0.012 Thread 0x0000021c9b5f9350 Thread added: 0x0000021c9b5f9350
Event: 0.053 Thread 0x0000021c9b5f9350 Thread added: 0x0000021cb354a790
Event: 0.053 Thread 0x0000021c9b5f9350 Thread added: 0x0000021cb3579340
Event: 0.054 Thread 0x0000021c9b5f9350 Thread added: 0x0000021cb358c420
Event: 0.054 Thread 0x0000021c9b5f9350 Thread added: 0x0000021cb358ce70
Event: 0.054 Thread 0x0000021c9b5f9350 Thread added: 0x0000021cb358d8c0
Event: 0.054 Thread 0x0000021c9b5f9350 Thread added: 0x0000021cb358f350
Event: 0.054 Thread 0x0000021c9b5f9350 Thread added: 0x0000021cb359ad30
Event: 0.054 Thread 0x0000021c9b5f9350 Thread added: 0x0000021cb359c900
Event: 0.101 Thread 0x0000021c9b5f9350 Thread added: 0x0000021cb3735cf0
Event: 0.106 Thread 0x0000021c9b5f9350 Thread added: 0x0000021cb3740230
Event: 0.112 Loaded shared library C:\Program Files\Android\Android Studio\jbr\bin\net.dll
Event: 0.114 Loaded shared library C:\Program Files\Android\Android Studio\jbr\bin\nio.dll
Event: 0.142 Thread 0x0000021cb359ad30 Thread added: 0x0000021cb3798f00
Event: 0.153 Loaded shared library C:\Program Files\Android\Android Studio\jbr\bin\zip.dll
Event: 0.183 Loaded shared library C:\Program Files\Android\Android Studio\jbr\bin\jimage.dll
Event: 0.290 Thread 0x0000021cb3798f00 Thread added: 0x0000021cb8129f40
Event: 2.206 Thread 0x0000021cb8129f40 Thread exited: 0x0000021cb8129f40


Dynamic libraries:
0x00007ff68f060000 - 0x00007ff68f06a000 	C:\Program Files\Android\Android Studio\jbr\bin\java.exe
0x00007ff9eb2e0000 - 0x00007ff9eb543000 	C:\WINDOWS\SYSTEM32\ntdll.dll
0x00007ff9ea450000 - 0x00007ff9ea517000 	C:\WINDOWS\System32\KERNEL32.DLL
0x00007ff9e87b0000 - 0x00007ff9e8b79000 	C:\WINDOWS\System32\KERNELBASE.dll
0x00007ff9e8d00000 - 0x00007ff9e8e4c000 	C:\WINDOWS\System32\ucrtbase.dll
0x00007ff9dd680000 - 0x00007ff9dd698000 	C:\Program Files\Android\Android Studio\jbr\bin\jli.dll
0x00007ff9dcd50000 - 0x00007ff9dcd6b000 	C:\Program Files\Android\Android Studio\jbr\bin\VCRUNTIME140.dll
0x00007ff9ead00000 - 0x00007ff9eaeca000 	C:\WINDOWS\System32\USER32.dll
0x00007ff9cf750000 - 0x00007ff9cf9e0000 	C:\WINDOWS\WinSxS\amd64_microsoft.windows.common-controls_6595b64144ccf1df_6.0.26100.3323_none_3e088096e3344490\COMCTL32.dll
0x00007ff9e84e0000 - 0x00007ff9e8507000 	C:\WINDOWS\System32\win32u.dll
0x00007ff9e9a50000 - 0x00007ff9e9a7a000 	C:\WINDOWS\System32\GDI32.dll
0x00007ff9e91b0000 - 0x00007ff9e9259000 	C:\WINDOWS\System32\msvcrt.dll
0x00007ff9e8e50000 - 0x00007ff9e8f81000 	C:\WINDOWS\System32\gdi32full.dll
0x00007ff9e8670000 - 0x00007ff9e8713000 	C:\WINDOWS\System32\msvcp_win.dll
0x00007ff9ea630000 - 0x00007ff9ea65f000 	C:\WINDOWS\System32\IMM32.DLL
0x00007ff9ddeb0000 - 0x00007ff9ddebc000 	C:\Program Files\Android\Android Studio\jbr\bin\vcruntime140_1.dll
0x00007ff9d8f30000 - 0x00007ff9d8fbd000 	C:\Program Files\Android\Android Studio\jbr\bin\msvcp140.dll
0x00007ff990d60000 - 0x00007ff9919ea000 	C:\Program Files\Android\Android Studio\jbr\bin\server\jvm.dll
0x00007ff9ea8a0000 - 0x00007ff9ea952000 	C:\WINDOWS\System32\ADVAPI32.dll
0x00007ff9ea670000 - 0x00007ff9ea716000 	C:\WINDOWS\System32\sechost.dll
0x00007ff9ea720000 - 0x00007ff9ea836000 	C:\WINDOWS\System32\RPCRT4.dll
0x00007ff9e9280000 - 0x00007ff9e92f4000 	C:\WINDOWS\System32\WS2_32.dll
0x00007ff9e8370000 - 0x00007ff9e83be000 	C:\WINDOWS\SYSTEM32\POWRPROF.dll
0x00007ff9db520000 - 0x00007ff9db52b000 	C:\WINDOWS\SYSTEM32\VERSION.dll
0x00007ff9dcea0000 - 0x00007ff9dced6000 	C:\WINDOWS\SYSTEM32\WINMM.dll
0x00007ff9e8350000 - 0x00007ff9e8364000 	C:\WINDOWS\SYSTEM32\UMPDC.dll
0x00007ff9e7300000 - 0x00007ff9e731a000 	C:\WINDOWS\SYSTEM32\kernel.appcore.dll
0x00007ff9dcdf0000 - 0x00007ff9dcdfa000 	C:\Program Files\Android\Android Studio\jbr\bin\jimage.dll
0x00007ff9e5c80000 - 0x00007ff9e5ec1000 	C:\WINDOWS\SYSTEM32\DBGHELP.DLL
0x00007ff9eaf00000 - 0x00007ff9eb282000 	C:\WINDOWS\System32\combase.dll
0x00007ff9eac20000 - 0x00007ff9eacf6000 	C:\WINDOWS\System32\OLEAUT32.dll
0x00007ff9dce60000 - 0x00007ff9dce99000 	C:\WINDOWS\SYSTEM32\dbgcore.DLL
0x00007ff9e8510000 - 0x00007ff9e85a9000 	C:\WINDOWS\System32\bcryptPrimitives.dll
0x00007ff9dc3f0000 - 0x00007ff9dc410000 	C:\Program Files\Android\Android Studio\jbr\bin\java.dll
0x00007ff9dacb0000 - 0x00007ff9dacc8000 	C:\Program Files\Android\Android Studio\jbr\bin\zip.dll
0x00007ff9e9a80000 - 0x00007ff9ea195000 	C:\WINDOWS\System32\SHELL32.dll
0x00007ff9e8f90000 - 0x00007ff9e90f8000 	C:\WINDOWS\System32\wintypes.dll
0x00007ff9e61e0000 - 0x00007ff9e6a25000 	C:\WINDOWS\SYSTEM32\windows.storage.dll
0x00007ff9ea1b0000 - 0x00007ff9ea29b000 	C:\WINDOWS\System32\SHCORE.dll
0x00007ff9e99f0000 - 0x00007ff9e9a4d000 	C:\WINDOWS\System32\shlwapi.dll
0x00007ff9e83f0000 - 0x00007ff9e841f000 	C:\WINDOWS\SYSTEM32\profapi.dll
0x00007ff9dcd40000 - 0x00007ff9dcd50000 	C:\Program Files\Android\Android Studio\jbr\bin\net.dll
0x00007ff9ddc40000 - 0x00007ff9ddd5e000 	C:\WINDOWS\SYSTEM32\WINHTTP.dll
0x00007ff9e7820000 - 0x00007ff9e788a000 	C:\WINDOWS\system32\mswsock.dll
0x00007ff9dac90000 - 0x00007ff9daca6000 	C:\Program Files\Android\Android Studio\jbr\bin\nio.dll
0x00007ff9da0b0000 - 0x00007ff9da0c0000 	C:\Program Files\Android\Android Studio\jbr\bin\verify.dll

dbghelp: loaded successfully - version: 4.0.5 - missing functions: none
symbol engine: initialized successfully - sym options: 0x614 - pdb path: .;C:\Program Files\Android\Android Studio\jbr\bin;C:\WINDOWS\SYSTEM32;C:\WINDOWS\WinSxS\amd64_microsoft.windows.common-controls_6595b64144ccf1df_6.0.26100.3323_none_3e088096e3344490;C:\Program Files\Android\Android Studio\jbr\bin\server

VM Arguments:
java_command: org.jetbrains.kotlin.cli.jvm.K2JVMCompiler @C:\Users\Eman-Pc\AndroidStudioProjects\BookConnect\app\build\20250426_8297782923772599153.compiler.options
java_class_path (initial): C:\Users\Eman-Pc\.gradle\caches\modules-2\files-2.1\org.jetbrains.kotlin\kotlin-compiler-embeddable\2.0.21\79346ed53db48b18312a472602eb5c057070c54d\kotlin-compiler-embeddable-2.0.21.jar;C:\Users\Eman-Pc\.gradle\caches\modules-2\files-2.1\org.jetbrains.kotlin\kotlin-stdlib\2.0.21\618b539767b4899b4660a83006e052b63f1db551\kotlin-stdlib-2.0.21.jar;C:\Users\Eman-Pc\.gradle\caches\modules-2\files-2.1\org.jetbrains.kotlin\kotlin-script-runtime\2.0.21\c9b044380ad41f89aa89aa896c2d32a8c0b2129d\kotlin-script-runtime-2.0.21.jar;C:\Users\Eman-Pc\.gradle\caches\modules-2\files-2.1\org.jetbrains.kotlin\kotlin-reflect\1.6.10\1cbe9c92c12a94eea200d23c2bbaedaf3daf5132\kotlin-reflect-1.6.10.jar;C:\Users\Eman-Pc\.gradle\caches\modules-2\files-2.1\org.jetbrains.kotlin\kotlin-daemon-embeddable\2.0.21\c9e933b23287de9b5a17e2116b4657bb91aea72c\kotlin-daemon-embeddable-2.0.21.jar;C:\Users\Eman-Pc\.gradle\caches\modules-2\files-2.1\org.jetbrains.intellij.deps\trove4j\1.0.20200330\3afb14d5f9ceb459d724e907a21145e8ff394f02\trove4j-1.0.20200330.jar;C:\Users\Eman-Pc\.gradle\caches\modules-2\files-2.1\org.jetbrains.kotlinx\kotlinx-coroutines-core-jvm\1.6.4\2c997cd1c0ef33f3e751d3831929aeff1390cb30\kotlinx-coroutines-core-jvm-1.6.4.jar;C:\Users\Eman-Pc\.gradle\caches\modules-2\files-2.1\org.jetbrains\annotations\13.0\919f0dfe192fb4e063e7dacadee7f8bb9a2672a9\annotations-13.0.jar
Launcher Type: SUN_STANDARD

[Global flags]
     intx CICompilerCount                          = 4                                         {product} {ergonomic}
     uint ConcGCThreads                            = 2                                         {product} {ergonomic}
     uint G1ConcRefinementThreads                  = 8                                         {product} {ergonomic}
   size_t G1HeapRegionSize                         = 1048576                                   {product} {ergonomic}
    uintx GCDrainStackTargetSize                   = 64                                        {product} {ergonomic}
   size_t InitialHeapSize                          = 132120576                                 {product} {ergonomic}
   size_t MarkStackSize                            = 4194304                                   {product} {ergonomic}
   size_t MaxHeapSize                              = 2086666240                                {product} {ergonomic}
   size_t MaxNewSize                               = 1251999744                                {product} {ergonomic}
   size_t MinHeapDeltaBytes                        = 1048576                                   {product} {ergonomic}
   size_t MinHeapSize                              = 8388608                                   {product} {ergonomic}
    uintx NonNMethodCodeHeapSize                   = 5839372                                {pd product} {ergonomic}
    uintx NonProfiledCodeHeapSize                  = 122909434                              {pd product} {ergonomic}
    uintx ProfiledCodeHeapSize                     = 122909434                              {pd product} {ergonomic}
    uintx ReservedCodeCacheSize                    = 251658240                              {pd product} {ergonomic}
     bool SegmentedCodeCache                       = true                                      {product} {ergonomic}
   size_t SoftMaxHeapSize                          = 2086666240                             {manageable} {ergonomic}
     bool UseCompressedOops                        = true                           {product lp64_product} {ergonomic}
     bool UseG1GC                                  = true                                      {product} {ergonomic}
     bool UseLargePagesIndividualAllocation        = false                                  {pd product} {ergonomic}

Logging:
Log output configuration:
 #0: stdout all=warning uptime,level,tags foldmultilines=false
 #1: stderr all=off uptime,level,tags foldmultilines=false

Environment Variables:
PATH=C:\WINDOWS\system32;C:\WINDOWS;C:\WINDOWS\System32\Wbem;C:\WINDOWS\System32\WindowsPowerShell\v1.0\;C:\WINDOWS\System32\OpenSSH\;C:\Program Files\Microsoft SQL Server\150\Tools\Binn\;C:\Program Files\Microsoft SQL Server\Client SDK\ODBC\170\Tools\Binn\;C:\Program Files\dotnet\;C:\Program Files (x86)\Windows Kits\10\Windows Performance Toolkit\;C:\Program Files\Git\cmd;C:\Users\Eman-Pc\AppData\Local\Microsoft\WindowsApps;C:\Users\Eman-Pc\.dotnet\tools;C:\Users\Eman-Pc\AppData\Local\GitHubDesktop\bin
USERNAME=Eman-Pc
OS=Windows_NT
PROCESSOR_IDENTIFIER=Intel64 Family 6 Model 142 Stepping 12, GenuineIntel
TMP=C:\Users\Eman-Pc\AppData\Local\Temp
TEMP=C:\Users\Eman-Pc\AppData\Local\Temp




Periodic native trim disabled

JNI global refs:
JNI global refs: 11, weak refs: 0

JNI global refs memory usage: 835, weak refs: 833

Process memory usage:
Resident Set Size: 368464K (4% of 8143556K total physical memory with 509360K free physical memory)

OOME stack traces (most recent first):
Classloader memory used:
Loader jdk.internal.loader.ClassLoaders$AppClassLoader                                 : 60691K
Loader bootstrap                                                                       : 10801K

---------------  S Y S T E M  ---------------

OS:
 Windows 11 , 64 bit Build 26100 (10.0.26100.3323)
OS uptime: 10 days 7:06 hours

CPU: total 8 (initial active 8) (4 cores per cpu, 2 threads per core) family 6 model 142 stepping 12 microcode 0xfc, cx8, cmov, fxsr, ht, mmx, 3dnowpref, sse, sse2, sse3, ssse3, sse4.1, sse4.2, popcnt, lzcnt, tsc, tscinvbit, avx, avx2, aes, erms, clmul, bmi1, bmi2, adx, fma, vzeroupper, clflush, clflushopt, rdtscp, f16c
Processor Information for all 8 processors :
  Max Mhz: 2112, Current Mhz: 1609, Mhz Limit: 1605

Memory: 4k page, system-wide physical 7952M (497M free)
TotalPageFile size 23013M (AvailPageFile size 6M)
current process WorkingSet (physical memory assigned to process): 360M, peak: 361M
current process commit charge ("private bytes"): 390M, peak: 392M

vm_info: OpenJDK 64-Bit Server VM (21.0.5+-13047016-b750.29) for windows-amd64 JRE (21.0.5+-13047016-b750.29), built on 2025-02-11T21:12:39Z by "builder" with MS VC++ 16.10 / 16.11 (VS2019)

END.
